Archive member included to satisfy reference by file (symbol)

d:/mounriver_/mounriver_studio/toolchain/risc-v embedded gcc/bin/../lib/gcc/riscv-none-embed/8.2.0/rv32imac/ilp32\libgcc.a(adddf3.o)
                              ./USER/isr.o (__adddf3)
d:/mounriver_/mounriver_studio/toolchain/risc-v embedded gcc/bin/../lib/gcc/riscv-none-embed/8.2.0/rv32imac/ilp32\libgcc.a(divdf3.o)
                              ./CODE/PIDcontrol.o (__divdf3)
d:/mounriver_/mounriver_studio/toolchain/risc-v embedded gcc/bin/../lib/gcc/riscv-none-embed/8.2.0/rv32imac/ilp32\libgcc.a(eqdf2.o)
                              ./Libraries/seekfree_peripheral/SEEKFREE_PRINTF.o (__nedf2)
d:/mounriver_/mounriver_studio/toolchain/risc-v embedded gcc/bin/../lib/gcc/riscv-none-embed/8.2.0/rv32imac/ilp32\libgcc.a(ledf2.o)
                              ./Libraries/seekfree_peripheral/SEEKFREE_OLED.o (__ltdf2)
d:/mounriver_/mounriver_studio/toolchain/risc-v embedded gcc/bin/../lib/gcc/riscv-none-embed/8.2.0/rv32imac/ilp32\libgcc.a(muldf3.o)
                              ./USER/isr.o (__muldf3)
d:/mounriver_/mounriver_studio/toolchain/risc-v embedded gcc/bin/../lib/gcc/riscv-none-embed/8.2.0/rv32imac/ilp32\libgcc.a(subdf3.o)
                              ./Libraries/seekfree_peripheral/SEEKFREE_PRINTF.o (__subdf3)
d:/mounriver_/mounriver_studio/toolchain/risc-v embedded gcc/bin/../lib/gcc/riscv-none-embed/8.2.0/rv32imac/ilp32\libgcc.a(fixdfsi.o)
                              ./Libraries/seekfree_peripheral/SEEKFREE_PRINTF.o (__fixdfsi)
d:/mounriver_/mounriver_studio/toolchain/risc-v embedded gcc/bin/../lib/gcc/riscv-none-embed/8.2.0/rv32imac/ilp32\libgcc.a(floatsidf.o)
                              ./Libraries/seekfree_peripheral/SEEKFREE_PRINTF.o (__floatsidf)
d:/mounriver_/mounriver_studio/toolchain/risc-v embedded gcc/bin/../lib/gcc/riscv-none-embed/8.2.0/rv32imac/ilp32\libgcc.a(floatunsidf.o)
                              ./CODE/menu.o (__floatunsidf)
d:/mounriver_/mounriver_studio/toolchain/risc-v embedded gcc/bin/../lib/gcc/riscv-none-embed/8.2.0/rv32imac/ilp32\libgcc.a(addsf3.o)
                              ./CODE/Control.o (__addsf3)
d:/mounriver_/mounriver_studio/toolchain/risc-v embedded gcc/bin/../lib/gcc/riscv-none-embed/8.2.0/rv32imac/ilp32\libgcc.a(divsf3.o)
                              ./CODE/Control.o (__divsf3)
d:/mounriver_/mounriver_studio/toolchain/risc-v embedded gcc/bin/../lib/gcc/riscv-none-embed/8.2.0/rv32imac/ilp32\libgcc.a(gesf2.o)
                              ./CODE/menu.o (__gesf2)
d:/mounriver_/mounriver_studio/toolchain/risc-v embedded gcc/bin/../lib/gcc/riscv-none-embed/8.2.0/rv32imac/ilp32\libgcc.a(lesf2.o)
                              ./CODE/PIDcontrol.o (__ltsf2)
d:/mounriver_/mounriver_studio/toolchain/risc-v embedded gcc/bin/../lib/gcc/riscv-none-embed/8.2.0/rv32imac/ilp32\libgcc.a(mulsf3.o)
                              ./CODE/Control.o (__mulsf3)
d:/mounriver_/mounriver_studio/toolchain/risc-v embedded gcc/bin/../lib/gcc/riscv-none-embed/8.2.0/rv32imac/ilp32\libgcc.a(subsf3.o)
                              ./CODE/Control.o (__subsf3)
d:/mounriver_/mounriver_studio/toolchain/risc-v embedded gcc/bin/../lib/gcc/riscv-none-embed/8.2.0/rv32imac/ilp32\libgcc.a(fixsfsi.o)
                              ./CODE/PIDcontrol.o (__fixsfsi)
d:/mounriver_/mounriver_studio/toolchain/risc-v embedded gcc/bin/../lib/gcc/riscv-none-embed/8.2.0/rv32imac/ilp32\libgcc.a(fixunssfsi.o)
                              ./CODE/Flash.o (__fixunssfsi)
d:/mounriver_/mounriver_studio/toolchain/risc-v embedded gcc/bin/../lib/gcc/riscv-none-embed/8.2.0/rv32imac/ilp32\libgcc.a(floatsisf.o)
                              ./CODE/Control.o (__floatsisf)
d:/mounriver_/mounriver_studio/toolchain/risc-v embedded gcc/bin/../lib/gcc/riscv-none-embed/8.2.0/rv32imac/ilp32\libgcc.a(floatunsisf.o)
                              ./CODE/Flash.o (__floatunsisf)
d:/mounriver_/mounriver_studio/toolchain/risc-v embedded gcc/bin/../lib/gcc/riscv-none-embed/8.2.0/rv32imac/ilp32\libgcc.a(extendsfdf2.o)
                              ./USER/isr.o (__extendsfdf2)
d:/mounriver_/mounriver_studio/toolchain/risc-v embedded gcc/bin/../lib/gcc/riscv-none-embed/8.2.0/rv32imac/ilp32\libgcc.a(truncdfsf2.o)
                              ./USER/isr.o (__truncdfsf2)
d:/mounriver_/mounriver_studio/toolchain/risc-v embedded gcc/bin/../lib/gcc/riscv-none-embed/8.2.0/rv32imac/ilp32\libgcc.a(_clzsi2.o)
                              d:/mounriver_/mounriver_studio/toolchain/risc-v embedded gcc/bin/../lib/gcc/riscv-none-embed/8.2.0/rv32imac/ilp32\libgcc.a(adddf3.o) (__clzsi2)
d:/mounriver_/mounriver_studio/toolchain/risc-v embedded gcc/bin/../lib/gcc/riscv-none-embed/8.2.0/rv32imac/ilp32\libgcc.a(_clz.o)
                              d:/mounriver_/mounriver_studio/toolchain/risc-v embedded gcc/bin/../lib/gcc/riscv-none-embed/8.2.0/rv32imac/ilp32\libgcc.a(_clzsi2.o) (__clz_tab)
[...]
Memory Configuration

Name             Origin             Length             Attributes
FLASH            0x0000000000000000 0x0000000000010000 xr
RAM              0x0000000020000000 0x0000000000005000 xrw
*default*        0x0000000000000000 0xffffffffffffffff

Linker script and memory map

LOAD ./USER/isr.o
LOAD ./USER/main.o
LOAD ./Libraries/wch_libraries/Startup/startup_ch32v10x.o
LOAD ./Libraries/wch_libraries/Peripheral/ch32v10x_adc.o
LOAD ./Libraries/wch_libraries/Peripheral/ch32v10x_bkp.o
LOAD ./Libraries/wch_libraries/Peripheral/ch32v10x_crc.o
LOAD ./Libraries/wch_libraries/Peripheral/ch32v10x_dbgmcu.o
LOAD ./Libraries/wch_libraries/Peripheral/ch32v10x_dma.o
LOAD ./Libraries/wch_libraries/Peripheral/ch32v10x_exti.o
LOAD ./Libraries/wch_libraries/Peripheral/ch32v10x_flash.o
LOAD ./Libraries/wch_libraries/Peripheral/ch32v10x_gpio.o
LOAD ./Libraries/wch_libraries/Peripheral/ch32v10x_i2c.o
LOAD ./Libraries/wch_libraries/Peripheral/ch32v10x_iwdg.o
LOAD ./Libraries/wch_libraries/Peripheral/ch32v10x_misc.o
LOAD ./Libraries/wch_libraries/Peripheral/ch32v10x_pwr.o
LOAD ./Libraries/wch_libraries/Peripheral/ch32v10x_rcc.o
LOAD ./Libraries/wch_libraries/Peripheral/ch32v10x_rtc.o
LOAD ./Libraries/wch_libraries/Peripheral/ch32v10x_spi.o
LOAD ./Libraries/wch_libraries/Peripheral/ch32v10x_tim.o
LOAD ./Libraries/wch_libraries/Peripheral/ch32v10x_usart.o
LOAD ./Libraries/wch_libraries/Peripheral/ch32v10x_usb.o
LOAD ./Libraries/wch_libraries/Peripheral/ch32v10x_usb_host.o
LOAD ./Libraries/wch_libraries/Peripheral/ch32v10x_wwdg.o
LOAD ./Libraries/wch_libraries/Core/core_riscv.o
LOAD ./Libraries/seekfree_peripheral/SEEKFREE_ABSOLUTE_ENCODER.o
LOAD ./Libraries/seekfree_peripheral/SEEKFREE_FONT.o
LOAD ./Libraries/seekfree_peripheral/SEEKFREE_ICM20602.o
LOAD ./Libraries/seekfree_peripheral/SEEKFREE_IIC.o
LOAD ./Libraries/seekfree_peripheral/SEEKFREE_MPU6050.o
LOAD ./Libraries/seekfree_peripheral/SEEKFREE_MT9V03X.o
LOAD ./Libraries/seekfree_peripheral/SEEKFREE_OLED.o
LOAD ./Libraries/seekfree_peripheral/SEEKFREE_PRINTF.o
LOAD ./Libraries/seekfree_peripheral/SEEKFREE_WIRELESS.o
LOAD ./Libraries/seekfree_libraries/common.o
LOAD ./Libraries/seekfree_libraries/misc.o
LOAD ./Libraries/seekfree_libraries/zf_adc.o
LOAD ./Libraries/seekfree_libraries/zf_camera.o
LOAD ./Libraries/seekfree_libraries/zf_flash.o
LOAD ./Libraries/seekfree_libraries/zf_gpio.o
LOAD ./Libraries/seekfree_libraries/zf_nvic.o
LOAD ./Libraries/seekfree_libraries/zf_pit.o
LOAD ./Libraries/seekfree_libraries/zf_pwm.o
LOAD ./Libraries/seekfree_libraries/zf_qtimer.o
LOAD ./Libraries/seekfree_libraries/zf_spi.o
LOAD ./Libraries/seekfree_libraries/zf_systick.o
LOAD ./Libraries/seekfree_libraries/zf_uart.o
LOAD ./Libraries/board/board.o
LOAD ./Libraries/board/clock_config.o
LOAD ./CODE/Control.o
LOAD ./CODE/Flash.o
LOAD ./CODE/Get_deta.o
LOAD ./CODE/Init.o
LOAD ./CODE/Key.o
LOAD ./CODE/Motor.o
LOAD ./CODE/PIDcontrol.o
LOAD ./CODE/encode.o
LOAD ./CODE/menu.o
LOAD ./CODE/send_data.o
LOAD ./CODE/topicm.o
LOAD d:/mounriver_/mounriver_studio/toolchain/risc-v embedded gcc/bin/../lib/gcc/riscv-none-embed/8.2.0/rv32imac/ilp32\libgcc.a
LOAD d:/mounriver_/mounriver_studio/toolchain/risc-v embedded gcc/bin/../lib/gcc/riscv-none-embed/8.2.0/../../../../riscv-none-embed/lib/rv32imac/ilp32\libg_nano.a
LOAD d:/mounriver_/mounriver_studio/toolchain/risc-v embedded gcc/bin/../lib/gcc/riscv-none-embed/8.2.0/../../../../riscv-none-embed/lib/rv32imac/ilp32\libc_nano.a
LOAD d:/mounriver_/mounriver_studio/toolchain/risc-v embedded gcc/bin/../lib/gcc/riscv-none-embed/8.2.0/rv32imac/ilp32\libgcc.a
START GROUP
LOAD d:/mounriver_/mounriver_studio/toolchain/risc-v embedded gcc/bin/../lib/gcc/riscv-none-embed/8.2.0/rv32imac/ilp32\libgcc.a
LOAD d:/mounriver_/mounriver_studio/toolchain/risc-v embedded gcc/bin/../lib/gcc/riscv-none-embed/8.2.0/../../../../riscv-none-embed/lib/rv32imac/ilp32\libc_nano.a
LOAD d:/mounriver_/mounriver_studio/toolchain/risc-v embedded gcc/bin/../lib/gcc/riscv-none-embed/8.2.0/../../../../riscv-none-embed/lib/rv32imac/ilp32\libnosys.a
END GROUP
START GROUP
LOAD d:/mounriver_/mounriver_studio/toolchain/risc-v embedded gcc/bin/../lib/gcc/riscv-none-embed/8.2.0/rv32imac/ilp32\libgcc.a
LOAD d:/mounriver_/mounriver_studio/toolchain/risc-v embedded gcc/bin/../lib/gcc/riscv-none-embed/8.2.0/../../../../riscv-none-embed/lib/rv32imac/ilp32\libc_nano.a
LOAD d:/mounriver_/mounriver_studio/toolchain/risc-v embedded gcc/bin/../lib/gcc/riscv-none-embed/8.2.0/../../../../riscv-none-embed/lib/rv32imac/ilp32\libnosys.a
END GROUP
                0x0000000000000800                __stack_size = 0x800
                [!provide]                        PROVIDE (_stack_size = __stack_size)

.init           0x0000000000000000       0x38
                0x0000000000000000                _sinit = .
                0x0000000000000000                . = ALIGN (0x4)
 *(SORT_NONE(.init))
 .init          0x0000000000000000       0x38 ./Libraries/wch_libraries/Startup/startup_ch32v10x.o
                0x0000000000000000                _start
                0x0000000000000038                . = ALIGN (0x4)
                0x0000000000000038                _einit = .

.vector         0x0000000000000038      0x108
 *(.vector)
 .vector        0x0000000000000038       0xf0 ./Libraries/wch_libraries/Startup/startup_ch32v10x.o
                0x0000000000000140                . = ALIGN (0x40)
 *fill*         0x0000000000000128       0x18 

.text           0x0000000000000140     0xe8ec
                0x0000000000000140                . = ALIGN (0x4)
 *(.text)
 .text          0x0000000000000140       0xa8 d:/mounriver_/mounriver_studio/toolchain/risc-v embedded gcc/bin/../lib/gcc/riscv-none-embed/8.2.0/../../../../riscv-none-embed/lib/rv32imac/ilp32\libg_nano.a(lib_a-memset.o)
                0x0000000000000140                memset
 *(.text.*)
 .text.TIM3_IRQHandler
                0x00000000000001e8      0x27e ./USER/isr.o
                0x00000000000001e8                TIM3_IRQHandler
 .text.USART2_IRQHandler
                0x0000000000000466       0x1a ./USER/isr.o
                0x0000000000000466                USART2_IRQHandler
 .text.main     0x0000000000000480       0x12 ./USER/main.o
                0x0000000000000480                main
 .text.handle_reset
                0x0000000000000492       0x7a ./Libraries/wch_libraries/Startup/startup_ch32v10x.o
                0x0000000000000492                handle_reset
 .text.FLASH_Unlock
                0x000000000000050c       0x2a ./Libraries/wch_libraries/Peripheral/ch32v10x_flash.o
                0x000000000000050c                FLASH_Unlock
 .text.FLASH_Lock
                0x0000000000000536       0x1e ./Libraries/wch_libraries/Peripheral/ch32v10x_flash.o
                0x0000000000000536                FLASH_Lock
 .text.FLASH_ErasePage
                0x0000000000000554       0x94 ./Libraries/wch_libraries/Peripheral/ch32v10x_flash.o
                0x0000000000000554                FLASH_ErasePage
 .text.FLASH_ProgramWord
                0x00000000000005e8       0xd0 ./Libraries/wch_libraries/Peripheral/ch32v10x_flash.o
                0x00000000000005e8                FLASH_ProgramWord
 .text.FLASH_ClearFlag
                0x00000000000006b8       0x1c ./Libraries/wch_libraries/Peripheral/ch32v10x_flash.o
                0x00000000000006b8                FLASH_ClearFlag
 .text.FLASH_GetBank1Status
                0x00000000000006d4       0x5a ./Libraries/wch_libraries/Peripheral/ch32v10x_flash.o
                0x00000000000006d4                FLASH_GetBank1Status
 .text.FLASH_WaitForLastOperation
                0x000000000000072e       0x54 ./Libraries/wch_libraries/Peripheral/ch32v10x_flash.o
                0x000000000000072e                FLASH_WaitForLastOperation
 .text.GPIO_Init
                0x0000000000000782      0x22a ./Libraries/wch_libraries/Peripheral/ch32v10x_gpio.o
                0x0000000000000782                GPIO_Init
 .text.GPIO_WriteBit
                0x00000000000009ac       0x38 ./Libraries/wch_libraries/Peripheral/ch32v10x_gpio.o
                0x00000000000009ac                GPIO_WriteBit
 .text.GPIO_PinRemapConfig
                0x00000000000009e4      0x13c ./Libraries/wch_libraries/Peripheral/ch32v10x_gpio.o
                0x00000000000009e4                GPIO_PinRemapConfig
 .text.NVIC_EnableIRQ
                0x0000000000000b20       0x32 ./Libraries/wch_libraries/Peripheral/ch32v10x_misc.o
 .text.NVIC_DisableIRQ
                0x0000000000000b52       0x32 ./Libraries/wch_libraries/Peripheral/ch32v10x_misc.o
 .text.NVIC_SetPriority
                0x0000000000000b84       0x2a ./Libraries/wch_libraries/Peripheral/ch32v10x_misc.o
 .text.NVIC_Init
                0x0000000000000bae      0x226 ./Libraries/wch_libraries/Peripheral/ch32v10x_misc.o
                0x0000000000000bae                NVIC_Init
 .text.RCC_GetClocksFreq
                0x0000000000000dd4      0x21a ./Libraries/wch_libraries/Peripheral/ch32v10x_rcc.o
                0x0000000000000dd4                RCC_GetClocksFreq
 .text.RCC_APB2PeriphClockCmd
                0x0000000000000fee       0x46 ./Libraries/wch_libraries/Peripheral/ch32v10x_rcc.o
                0x0000000000000fee                RCC_APB2PeriphClockCmd
 .text.RCC_APB1PeriphClockCmd
                0x0000000000001034       0x46 ./Libraries/wch_libraries/Peripheral/ch32v10x_rcc.o
                0x0000000000001034                RCC_APB1PeriphClockCmd
 .text.SPI_Init
                0x000000000000107a       0xf8 ./Libraries/wch_libraries/Peripheral/ch32v10x_spi.o
                0x000000000000107a                SPI_Init
 .text.SPI_Cmd  0x0000000000001172       0x5a ./Libraries/wch_libraries/Peripheral/ch32v10x_spi.o
                0x0000000000001172                SPI_Cmd
 .text.TIM_TimeBaseInit
                0x00000000000011cc       0xfa ./Libraries/wch_libraries/Peripheral/ch32v10x_tim.o
                0x00000000000011cc                TIM_TimeBaseInit
 .text.TIM_OC1Init
                0x00000000000012c6      0x170 ./Libraries/wch_libraries/Peripheral/ch32v10x_tim.o
                0x00000000000012c6                TIM_OC1Init
 .text.TIM_OC2Init
                0x0000000000001436      0x1b6 ./Libraries/wch_libraries/Peripheral/ch32v10x_tim.o
                0x0000000000001436                TIM_OC2Init
 .text.TIM_OC3Init
                0x00000000000015ec      0x1b0 ./Libraries/wch_libraries/Peripheral/ch32v10x_tim.o
                0x00000000000015ec                TIM_OC3Init
 .text.TIM_OC4Init
                0x000000000000179c      0x14a ./Libraries/wch_libraries/Peripheral/ch32v10x_tim.o
                0x000000000000179c                TIM_OC4Init
 .text.TIM_Cmd  0x00000000000018e6       0x58 ./Libraries/wch_libraries/Peripheral/ch32v10x_tim.o
                0x00000000000018e6                TIM_Cmd
 .text.TIM_CtrlPWMOutputs
                0x000000000000193e       0x60 ./Libraries/wch_libraries/Peripheral/ch32v10x_tim.o
                0x000000000000193e                TIM_CtrlPWMOutputs
 .text.TIM_ITConfig
                0x000000000000199e       0x70 ./Libraries/wch_libraries/Peripheral/ch32v10x_tim.o
                0x000000000000199e                TIM_ITConfig
 .text.TIM_OC1PreloadConfig
                0x0000000000001a0e       0x4c ./Libraries/wch_libraries/Peripheral/ch32v10x_tim.o
                0x0000000000001a0e                TIM_OC1PreloadConfig
 .text.TIM_OC2PreloadConfig
                0x0000000000001a5a       0x5a ./Libraries/wch_libraries/Peripheral/ch32v10x_tim.o
                0x0000000000001a5a                TIM_OC2PreloadConfig
 .text.TIM_OC3PreloadConfig
                0x0000000000001ab4       0x4c ./Libraries/wch_libraries/Peripheral/ch32v10x_tim.o
                0x0000000000001ab4                TIM_OC3PreloadConfig
 .text.TIM_OC4PreloadConfig
                0x0000000000001b00       0x5a ./Libraries/wch_libraries/Peripheral/ch32v10x_tim.o
                0x0000000000001b00                TIM_OC4PreloadConfig
 .text.TIM_OC1FastConfig
                0x0000000000001b5a       0x4c ./Libraries/wch_libraries/Peripheral/ch32v10x_tim.o
                0x0000000000001b5a                TIM_OC1FastConfig
 .text.TIM_OC2FastConfig
                0x0000000000001ba6       0x56 ./Libraries/wch_libraries/Peripheral/ch32v10x_tim.o
                0x0000000000001ba6                TIM_OC2FastConfig
 .text.TIM_OC3FastConfig
                0x0000000000001bfc       0x4c ./Libraries/wch_libraries/Peripheral/ch32v10x_tim.o
                0x0000000000001bfc                TIM_OC3FastConfig
 .text.TIM_OC4FastConfig
                0x0000000000001c48       0x56 ./Libraries/wch_libraries/Peripheral/ch32v10x_tim.o
                0x0000000000001c48                TIM_OC4FastConfig
 .text.TIM_GetITStatus
                0x0000000000001c9e       0x70 ./Libraries/wch_libraries/Peripheral/ch32v10x_tim.o
                0x0000000000001c9e                TIM_GetITStatus
 .text.TIM_ClearITPendingBit
                0x0000000000001d0e       0x2e ./Libraries/wch_libraries/Peripheral/ch32v10x_tim.o
                0x0000000000001d0e                TIM_ClearITPendingBit
 .text.USART_Init
                0x0000000000001d3c      0x234 ./Libraries/wch_libraries/Peripheral/ch32v10x_usart.o
                0x0000000000001d3c                USART_Init
 .text.USART_Cmd
                0x0000000000001f70       0x60 ./Libraries/wch_libraries/Peripheral/ch32v10x_usart.o
                0x0000000000001f70                USART_Cmd
 .text.USART_ITConfig
                0x0000000000001fd0       0xc4 ./Libraries/wch_libraries/Peripheral/ch32v10x_usart.o
                0x0000000000001fd0                USART_ITConfig
 .text.USART_SendData
                0x0000000000002094       0x2e ./Libraries/wch_libraries/Peripheral/ch32v10x_usart.o
                0x0000000000002094                USART_SendData
 .text.USART_GetFlagStatus
                0x00000000000020c2       0x46 ./Libraries/wch_libraries/Peripheral/ch32v10x_usart.o
                0x00000000000020c2                USART_GetFlagStatus
 .text.spi_wr_byte
                0x0000000000002108       0x30 ./Libraries/seekfree_peripheral/SEEKFREE_ABSOLUTE_ENCODER.o
                0x0000000000002108                spi_wr_byte
 .text.encoder_spi_w_reg_byte
                0x0000000000002138      0x126 ./Libraries/seekfree_peripheral/SEEKFREE_ABSOLUTE_ENCODER.o
                0x0000000000002138                encoder_spi_w_reg_byte
 .text.encoder_spi_r_reg_byte
                0x000000000000225e      0x112 ./Libraries/seekfree_peripheral/SEEKFREE_ABSOLUTE_ENCODER.o
                0x000000000000225e                encoder_spi_r_reg_byte
 .text.set_zero_position_spi
                0x0000000000002370       0x5e ./Libraries/seekfree_peripheral/SEEKFREE_ABSOLUTE_ENCODER.o
                0x0000000000002370                set_zero_position_spi
 .text.encoder1_speed_spi
                0x00000000000023ce      0x104 ./Libraries/seekfree_peripheral/SEEKFREE_ABSOLUTE_ENCODER.o
                0x00000000000023ce                encoder1_speed_spi
 .text.encoder2_speed_spi
                0x00000000000024d2      0x104 ./Libraries/seekfree_peripheral/SEEKFREE_ABSOLUTE_ENCODER.o
                0x00000000000024d2                encoder2_speed_spi
 .text.encoder3_speed_spi
                0x00000000000025d6      0x104 ./Libraries/seekfree_peripheral/SEEKFREE_ABSOLUTE_ENCODER.o
                0x00000000000025d6                encoder3_speed_spi
 .text.encoder4_speed_spi
                0x00000000000026da      0x108 ./Libraries/seekfree_peripheral/SEEKFREE_ABSOLUTE_ENCODER.o
                0x00000000000026da                encoder4_speed_spi
 .text.encoder_self5_check
                0x00000000000027e2       0x30 ./Libraries/seekfree_peripheral/SEEKFREE_ABSOLUTE_ENCODER.o
                0x00000000000027e2                encoder_self5_check
 .text.encoder_init_spi
                0x0000000000002812       0x4a ./Libraries/seekfree_peripheral/SEEKFREE_ABSOLUTE_ENCODER.o
                0x0000000000002812                encoder_init_spi
 .text.simiic_delay
                0x000000000000285c       0x2a ./Libraries/seekfree_peripheral/SEEKFREE_IIC.o
                0x000000000000285c                simiic_delay
 .text.simiic_start
                0x0000000000002886       0x52 ./Libraries/seekfree_peripheral/SEEKFREE_IIC.o
                0x0000000000002886                simiic_start
 .text.simiic_stop
                0x00000000000028d8       0x54 ./Libraries/seekfree_peripheral/SEEKFREE_IIC.o
                0x00000000000028d8                simiic_stop
 .text.simiic_sendack
                0x000000000000292c       0x72 ./Libraries/seekfree_peripheral/SEEKFREE_IIC.o
                0x000000000000292c                simiic_sendack
 .text.sccb_waitack
                0x000000000000299e       0x6a ./Libraries/seekfree_peripheral/SEEKFREE_IIC.o
 .text.send_ch  0x0000000000002a08       0x84 ./Libraries/seekfree_peripheral/SEEKFREE_IIC.o
                0x0000000000002a08                send_ch
 .text.read_ch  0x0000000000002a8c       0xba ./Libraries/seekfree_peripheral/SEEKFREE_IIC.o
                0x0000000000002a8c                read_ch
 .text.simiic_write_reg
                0x0000000000002b46       0x4a ./Libraries/seekfree_peripheral/SEEKFREE_IIC.o
                0x0000000000002b46                simiic_write_reg
 .text.simiic_read_reg
                0x0000000000002b90       0x74 ./Libraries/seekfree_peripheral/SEEKFREE_IIC.o
                0x0000000000002b90                simiic_read_reg
 .text.simiic_read_regs
                0x0000000000002c04       0xaa ./Libraries/seekfree_peripheral/SEEKFREE_IIC.o
                0x0000000000002c04                simiic_read_regs
 .text.simiic_init
                0x0000000000002cae       0x32 ./Libraries/seekfree_peripheral/SEEKFREE_IIC.o
                0x0000000000002cae                simiic_init
 .text.mpu6050_self1_check
                0x0000000000002ce0       0x46 ./Libraries/seekfree_peripheral/SEEKFREE_MPU6050.o
                0x0000000000002ce0                mpu6050_self1_check
 .text.mpu6050_init
                0x0000000000002d26       0x6a ./Libraries/seekfree_peripheral/SEEKFREE_MPU6050.o
                0x0000000000002d26                mpu6050_init
 .text.mpu6050_get_gyro
                0x0000000000002d90       0x46 ./Libraries/seekfree_peripheral/SEEKFREE_MPU6050.o
                0x0000000000002d90                mpu6050_get_gyro
 .text.oled_wrdat
                0x0000000000002dd6       0xae ./Libraries/seekfree_peripheral/SEEKFREE_OLED.o
                0x0000000000002dd6                oled_wrdat
 .text.oled_wrcmd
                0x0000000000002e84       0xae ./Libraries/seekfree_peripheral/SEEKFREE_OLED.o
                0x0000000000002e84                oled_wrcmd
 .text.oled_hexascii
                0x0000000000002f32       0x7e ./Libraries/seekfree_peripheral/SEEKFREE_OLED.o
                0x0000000000002f32                oled_hexascii
 .text.oled_init
                0x0000000000002fb0      0x138 ./Libraries/seekfree_peripheral/SEEKFREE_OLED.o
                0x0000000000002fb0                oled_init
 .text.oled_set_pos
                0x00000000000030e8       0xa0 ./Libraries/seekfree_peripheral/SEEKFREE_OLED.o
                0x00000000000030e8                oled_set_pos
 .text.oled_fill
                0x0000000000003188       0x72 ./Libraries/seekfree_peripheral/SEEKFREE_OLED.o
                0x0000000000003188                oled_fill
 .text.oled_p6x8str
                0x00000000000031fa       0xd4 ./Libraries/seekfree_peripheral/SEEKFREE_OLED.o
                0x00000000000031fa                oled_p6x8str
 .text.oled_uint16
                0x00000000000032ce       0x50 ./Libraries/seekfree_peripheral/SEEKFREE_OLED.o
                0x00000000000032ce                oled_uint16
 .text.oled_int16
                0x000000000000331e       0x9c ./Libraries/seekfree_peripheral/SEEKFREE_OLED.o
                0x000000000000331e                oled_int16
 .text.oled_printf_int32
                0x00000000000033ba       0xea ./Libraries/seekfree_peripheral/SEEKFREE_OLED.o
                0x00000000000033ba                oled_printf_int32
 .text.oled_printf_float
                0x00000000000034a4      0x19c ./Libraries/seekfree_peripheral/SEEKFREE_OLED.o
                0x00000000000034a4                oled_printf_float
 .text.number_conversion_ascii
                0x0000000000003640      0x11e ./Libraries/seekfree_peripheral/SEEKFREE_PRINTF.o
                0x0000000000003640                number_conversion_ascii
 .text.printf_reverse_order
                0x000000000000375e       0x88 ./Libraries/seekfree_peripheral/SEEKFREE_PRINTF.o
                0x000000000000375e                printf_reverse_order
 .text.zf_sprintf
                0x00000000000037e6      0x558 ./Libraries/seekfree_peripheral/SEEKFREE_PRINTF.o
                0x00000000000037e6                zf_sprintf
 .text.flash_check
                0x0000000000003d3e       0x62 ./Libraries/seekfree_libraries/zf_flash.o
                0x0000000000003d3e                flash_check
 .text.flash_erase_page
                0x0000000000003da0       0x68 ./Libraries/seekfree_libraries/zf_flash.o
                0x0000000000003da0                flash_erase_page
 .text.flash_page_read
                0x0000000000003e08       0x84 ./Libraries/seekfree_libraries/zf_flash.o
                0x0000000000003e08                flash_page_read
 .text.flash_page_program
                0x0000000000003e8c       0xaa ./Libraries/seekfree_libraries/zf_flash.o
                0x0000000000003e8c                flash_page_program
 .text.gpio_init
                0x0000000000003f36      0x1a4 ./Libraries/seekfree_libraries/zf_gpio.o
                0x0000000000003f36                gpio_init
 .text.gpio_get
                0x00000000000040da       0x56 ./Libraries/seekfree_libraries/zf_gpio.o
                0x00000000000040da                gpio_get
 .text.nvic_init
                0x0000000000004130       0x98 ./Libraries/seekfree_libraries/zf_nvic.o
                0x0000000000004130                nvic_init
 .text.close_all_irq
                0x00000000000041c8       0x22 ./Libraries/seekfree_libraries/zf_nvic.o
                0x00000000000041c8                close_all_irq
 .text.sys_recover_irq
                0x00000000000041ea       0x28 ./Libraries/seekfree_libraries/zf_nvic.o
                0x00000000000041ea                sys_recover_irq
 .text.DisableGlobalIRQ
                0x0000000000004212       0x38 ./Libraries/seekfree_libraries/zf_nvic.o
                0x0000000000004212                DisableGlobalIRQ
 .text.EnableGlobalIRQ
                0x000000000000424a       0x24 ./Libraries/seekfree_libraries/zf_nvic.o
                0x000000000000424a                EnableGlobalIRQ
 .text.timer_pit_interrupt_ms
                0x000000000000426e      0x166 ./Libraries/seekfree_libraries/zf_pit.o
                0x000000000000426e                timer_pit_interrupt_ms
 .text.pwm_gpio_init
                0x00000000000043d4      0x364 ./Libraries/seekfree_libraries/zf_pwm.o
                0x00000000000043d4                pwm_gpio_init
 .text.pwm_init
                0x0000000000004738      0x3c4 ./Libraries/seekfree_libraries/zf_pwm.o
                0x0000000000004738                pwm_init
 .text.pwm_duty
                0x0000000000004afc       0xf2 ./Libraries/seekfree_libraries/zf_pwm.o
                0x0000000000004afc                pwm_duty
 .text.spi_gpio_init
                0x0000000000004bee      0x18e ./Libraries/seekfree_libraries/zf_spi.o
                0x0000000000004bee                spi_gpio_init
 .text.spi_init
                0x0000000000004d7c      0x136 ./Libraries/seekfree_libraries/zf_spi.o
                0x0000000000004d7c                spi_init
 .text.spi_mosi
                0x0000000000004eb2       0xc2 ./Libraries/seekfree_libraries/zf_spi.o
                0x0000000000004eb2                spi_mosi
 .text.systick_delay
                0x0000000000004f74       0x70 ./Libraries/seekfree_libraries/zf_systick.o
                0x0000000000004f74                systick_delay
 .text.uart_gpio_init
                0x0000000000004fe4       0xec ./Libraries/seekfree_libraries/zf_uart.o
                0x0000000000004fe4                uart_gpio_init
 .text.uart_init
                0x00000000000050d0       0xbc ./Libraries/seekfree_libraries/zf_uart.o
                0x00000000000050d0                uart_init
 .text.uart_rx_irq
                0x000000000000518c       0x50 ./Libraries/seekfree_libraries/zf_uart.o
                0x000000000000518c                uart_rx_irq
 .text.uart_getchar
                0x00000000000051dc       0x5a ./Libraries/seekfree_libraries/zf_uart.o
                0x00000000000051dc                uart_getchar
 .text.board_init
                0x0000000000005236       0x48 ./Libraries/board/board.o
                0x0000000000005236                board_init
 .text._write   0x000000000000527e       0x78 ./Libraries/board/board.o
                0x000000000000527e                _write
 .text.SetSysClock
                0x00000000000052f6      0x140 ./Libraries/board/clock_config.o
 .text.SystemInit
                0x0000000000005436       0x7e ./Libraries/board/clock_config.o
                0x0000000000005436                SystemInit
 .text.Speed_caculation
                0x00000000000054b4      0x24e ./CODE/Control.o
                0x00000000000054b4                Speed_caculation
 .text.main_control
                0x0000000000005702      0x978 ./CODE/Control.o
                0x0000000000005702                main_control
 .text.FLASH_WriteALL
                0x000000000000607a      0x184 ./CODE/Flash.o
                0x000000000000607a                FLASH_WriteALL
 .text.FLASH_ReadALL
                0x00000000000061fe      0x1ee ./CODE/Flash.o
                0x00000000000061fe                FLASH_ReadALL
 .text.get_slave_data
                0x00000000000063ec      0x118 ./CODE/Get_deta.o
                0x00000000000063ec                get_slave_data
 .text.Init_ALL
                0x0000000000006504      0x14e ./CODE/Init.o
                0x0000000000006504                Init_ALL
 .text.running  0x0000000000006652       0x3c ./CODE/Init.o
                0x0000000000006652                running
 .text.ccwheels
                0x000000000000668e       0xa0 ./CODE/Init.o
                0x000000000000668e                ccwheels
 .text.key_init
                0x000000000000672e       0x78 ./CODE/Key.o
                0x000000000000672e                key_init
 .text.key_get  0x00000000000067a6       0x38 ./CODE/Key.o
                0x00000000000067a6                key_get
 .text.send_key_msg
                0x00000000000067de       0xa2 ./CODE/Key.o
                0x00000000000067de                send_key_msg
 .text.get_key_msg
                0x0000000000006880       0xa0 ./CODE/Key.o
                0x0000000000006880                get_key_msg
 .text.key_IRQHandler
                0x0000000000006920      0x146 ./CODE/Key.o
                0x0000000000006920                key_IRQHandler
 .text.Motor_spd
                0x0000000000006a66      0x124 ./CODE/Motor.o
                0x0000000000006a66                Motor_spd
 .text.PID_motor
                0x0000000000006b8a      0x312 ./CODE/Motor.o
                0x0000000000006b8a                PID_motor
 .text.motor_init
                0x0000000000006e9c       0x9e ./CODE/Motor.o
                0x0000000000006e9c                motor_init
 .text.MOTOR_PID
                0x0000000000006f3a      0x1c8 ./CODE/PIDcontrol.o
                0x0000000000006f3a                MOTOR_PID
 .text.Position_PID
                0x0000000000007102      0x30e ./CODE/PIDcontrol.o
                0x0000000000007102                Position_PID
 .text.FUZZY_P  0x0000000000007410      0xe3a ./CODE/PIDcontrol.o
                0x0000000000007410                FUZZY_P
 .text.ALGO_Fabs
                0x000000000000824a       0x38 ./CODE/PIDcontrol.o
                0x000000000000824a                ALGO_Fabs
 .text.ALGO_Abs
                0x0000000000008282       0x28 ./CODE/PIDcontrol.o
                0x0000000000008282                ALGO_Abs
 .text.encode   0x00000000000082aa       0x70 ./CODE/encode.o
                0x00000000000082aa                encode
 .text.encode_calculation
                0x000000000000831a      0x1aa ./CODE/encode.o
                0x000000000000831a                encode_calculation
 .text.Menu_player
                0x00000000000084c4       0x18 ./CODE/menu.o
                0x00000000000084c4                Menu_player
 .text.Menu_Getsign
                0x00000000000084dc       0xc6 ./CODE/menu.o
                0x00000000000084dc                Menu_Getsign
 .text.Menu_Key_Page_Handle
                0x00000000000085a2       0x90 ./CODE/menu.o
                0x00000000000085a2                Menu_Key_Page_Handle
 .text.Menu_Display
                0x0000000000008632       0x38 ./CODE/menu.o
                0x0000000000008632                Menu_Display
 .text.Menu_Main
                0x000000000000866a      0x2ea ./CODE/menu.o
                0x000000000000866a                Menu_Main
 .text.Menu_PID
                0x0000000000008954      0x72e ./CODE/menu.o
                0x0000000000008954                Menu_PID
 .text.Menu_SPEED
                0x0000000000009082      0x7ba ./CODE/menu.o
                0x0000000000009082                Menu_SPEED
 .text.display_key
                0x000000000000983c      0x4c4 ./CODE/menu.o
                0x000000000000983c                display_key
 .text.IcmGetData
                0x0000000000009d00       0xc2 ./CODE/topicm.o
                0x0000000000009d00                IcmGetData
 .text.KalmanFilter
                0x0000000000009dc2       0xe2 ./CODE/topicm.o
                0x0000000000009dc2                KalmanFilter
 .text.__adddf3
                0x0000000000009ea4      0x730 d:/mounriver_/mounriver_studio/toolchain/risc-v embedded gcc/bin/../lib/gcc/riscv-none-embed/8.2.0/rv32imac/ilp32\libgcc.a(adddf3.o)
                0x0000000000009ea4                __adddf3
 .text.__divdf3
                0x000000000000a5d4      0x5b4 d:/mounriver_/mounriver_studio/toolchain/risc-v embedded gcc/bin/../lib/gcc/riscv-none-embed/8.2.0/rv32imac/ilp32\libgcc.a(divdf3.o)
                0x000000000000a5d4                __divdf3
 .text.__eqdf2  0x000000000000ab88       0x6a d:/mounriver_/mounriver_studio/toolchain/risc-v embedded gcc/bin/../lib/gcc/riscv-none-embed/8.2.0/rv32imac/ilp32\libgcc.a(eqdf2.o)
                0x000000000000ab88                __nedf2
                0x000000000000ab88                __eqdf2
 .text.__ledf2  0x000000000000abf2       0xb6 d:/mounriver_/mounriver_studio/toolchain/risc-v embedded gcc/bin/../lib/gcc/riscv-none-embed/8.2.0/rv32imac/ilp32\libgcc.a(ledf2.o)
                0x000000000000abf2                __ledf2
                0x000000000000abf2                __ltdf2
 .text.__muldf3
                0x000000000000aca8      0x4b8 d:/mounriver_/mounriver_studio/toolchain/risc-v embedded gcc/bin/../lib/gcc/riscv-none-embed/8.2.0/rv32imac/ilp32\libgcc.a(muldf3.o)
                0x000000000000aca8                __muldf3
 .text.__subdf3
                0x000000000000b160      0x73e d:/mounriver_/mounriver_studio/toolchain/risc-v embedded gcc/bin/../lib/gcc/riscv-none-embed/8.2.0/rv32imac/ilp32\libgcc.a(subdf3.o)
                0x000000000000b160                __subdf3
 .text.__fixdfsi
                0x000000000000b89e       0x68 d:/mounriver_/mounriver_studio/toolchain/risc-v embedded gcc/bin/../lib/gcc/riscv-none-embed/8.2.0/rv32imac/ilp32\libgcc.a(fixdfsi.o)
                0x000000000000b89e                __fixdfsi
 .text.__floatsidf
                0x000000000000b906       0x72 d:/mounriver_/mounriver_studio/toolchain/risc-v embedded gcc/bin/../lib/gcc/riscv-none-embed/8.2.0/rv32imac/ilp32\libgcc.a(floatsidf.o)
                0x000000000000b906                __floatsidf
 .text.__floatunsidf
                0x000000000000b978       0x68 d:/mounriver_/mounriver_studio/toolchain/risc-v embedded gcc/bin/../lib/gcc/riscv-none-embed/8.2.0/rv32imac/ilp32\libgcc.a(floatunsidf.o)
                0x000000000000b978                __floatunsidf
 .text.__addsf3
                0x000000000000b9e0      0x36a d:/mounriver_/mounriver_studio/toolchain/risc-v embedded gcc/bin/../lib/gcc/riscv-none-embed/8.2.0/rv32imac/ilp32\libgcc.a(addsf3.o)
                0x000000000000b9e0                __addsf3
 .text.__divsf3
                0x000000000000bd4a      0x2b2 d:/mounriver_/mounriver_studio/toolchain/risc-v embedded gcc/bin/../lib/gcc/riscv-none-embed/8.2.0/rv32imac/ilp32\libgcc.a(divsf3.o)
                0x000000000000bd4a                __divsf3
 .text.__gesf2  0x000000000000bffc       0x86 d:/mounriver_/mounriver_studio/toolchain/risc-v embedded gcc/bin/../lib/gcc/riscv-none-embed/8.2.0/rv32imac/ilp32\libgcc.a(gesf2.o)
                0x000000000000bffc                __gesf2
                0x000000000000bffc                __gtsf2
 .text.__lesf2  0x000000000000c082       0x8c d:/mounriver_/mounriver_studio/toolchain/risc-v embedded gcc/bin/../lib/gcc/riscv-none-embed/8.2.0/rv32imac/ilp32\libgcc.a(lesf2.o)
                0x000000000000c082                __ltsf2
                0x000000000000c082                __lesf2
 .text.__mulsf3
                0x000000000000c10e      0x294 d:/mounriver_/mounriver_studio/toolchain/risc-v embedded gcc/bin/../lib/gcc/riscv-none-embed/8.2.0/rv32imac/ilp32\libgcc.a(mulsf3.o)
                0x000000000000c10e                __mulsf3
 .text.__subsf3
                0x000000000000c3a2      0x388 d:/mounriver_/mounriver_studio/toolchain/risc-v embedded gcc/bin/../lib/gcc/riscv-none-embed/8.2.0/rv32imac/ilp32\libgcc.a(subsf3.o)
                0x000000000000c3a2                __subsf3
 .text.__fixsfsi
                0x000000000000c72a       0x62 d:/mounriver_/mounriver_studio/toolchain/risc-v embedded gcc/bin/../lib/gcc/riscv-none-embed/8.2.0/rv32imac/ilp32\libgcc.a(fixsfsi.o)
                0x000000000000c72a                __fixsfsi
 .text.__fixunssfsi
                0x000000000000c78c       0x56 d:/mounriver_/mounriver_studio/toolchain/risc-v embedded gcc/bin/../lib/gcc/riscv-none-embed/8.2.0/rv32imac/ilp32\libgcc.a(fixunssfsi.o)
                0x000000000000c78c                __fixunssfsi
 .text.__floatsisf
                0x000000000000c7e2       0xc6 d:/mounriver_/mounriver_studio/toolchain/risc-v embedded gcc/bin/../lib/gcc/riscv-none-embed/8.2.0/rv32imac/ilp32\libgcc.a(floatsisf.o)
                0x000000000000c7e2                __floatsisf
 .text.__floatunsisf
                0x000000000000c8a8       0xce d:/mounriver_/mounriver_studio/toolchain/risc-v embedded gcc/bin/../lib/gcc/riscv-none-embed/8.2.0/rv32imac/ilp32\libgcc.a(floatunsisf.o)
                0x000000000000c8a8                __floatunsisf
 .text.__extendsfdf2
                0x000000000000c976       0xac d:/mounriver_/mounriver_studio/toolchain/risc-v embedded gcc/bin/../lib/gcc/riscv-none-embed/8.2.0/rv32imac/ilp32\libgcc.a(extendsfdf2.o)
                0x000000000000c976                __extendsfdf2
 .text.__truncdfsf2
                0x000000000000ca22      0x16a d:/mounriver_/mounriver_studio/toolchain/risc-v embedded gcc/bin/../lib/gcc/riscv-none-embed/8.2.0/rv32imac/ilp32\libgcc.a(truncdfsf2.o)
                0x000000000000ca22                __truncdfsf2
 .text.__clzsi2
                0x000000000000cb8c       0x76 d:/mounriver_/mounriver_studio/toolchain/risc-v embedded gcc/bin/../lib/gcc/riscv-none-embed/8.2.0/rv32imac/ilp32\libgcc.a(_clzsi2.o)
                0x000000000000cb8c                __clzsi2
 .text.__assert_func
                0x000000000000cc02       0x3a d:/mounriver_/mounriver_studio/toolchain/risc-v embedded gcc/bin/../lib/gcc/riscv-none-embed/8.2.0/../../../../riscv-none-embed/lib/rv32imac/ilp32\libg_nano.a(lib_a-assert.o)
                0x000000000000cc02                __assert_func
 .text.fprintf  0x000000000000cc3c       0x26 d:/mounriver_/mounriver_studio/toolchain/risc-v embedded gcc/bin/../lib/gcc/riscv-none-embed/8.2.0/../../../../riscv-none-embed/lib/rv32imac/ilp32\libg_nano.a(lib_a-fprintf.o)
                0x000000000000cc3c                fiprintf
                0x000000000000cc3c                fprintf
 .text.memcpy   0x000000000000cc62       0xb6 d:/mounriver_/mounriver_studio/toolchain/risc-v embedded gcc/bin/../lib/gcc/riscv-none-embed/8.2.0/../../../../riscv-none-embed/lib/rv32imac/ilp32\libg_nano.a(lib_a-memcpy.o)
                0x000000000000cc62                memcpy
 .text.__sfputc_r
                0x000000000000cd18       0x28 d:/mounriver_/mounriver_studio/toolchain/risc-v embedded gcc/bin/../lib/gcc/riscv-none-embed/8.2.0/../../../../riscv-none-embed/lib/rv32imac/ilp32\libg_nano.a(lib_a-nano-vfprintf.o)
 .text.__sfputs_r
                0x000000000000cd40       0x44 d:/mounriver_/mounriver_studio/toolchain/risc-v embedded gcc/bin/../lib/gcc/riscv-none-embed/8.2.0/../../../../riscv-none-embed/lib/rv32imac/ilp32\libg_nano.a(lib_a-nano-vfprintf.o)
                0x000000000000cd40                __sfputs_r
 .text._vfprintf_r
                0x000000000000cd84      0x2a0 d:/mounriver_/mounriver_studio/toolchain/risc-v embedded gcc/bin/../lib/gcc/riscv-none-embed/8.2.0/../../../../riscv-none-embed/lib/rv32imac/ilp32\libg_nano.a(lib_a-nano-vfprintf.o)
                0x000000000000cd84                _vfprintf_r
                0x000000000000cd84                _vfiprintf_r
 .text._printf_common
                0x000000000000d024      0x10c d:/mounriver_/mounriver_studio/toolchain/risc-v embedded gcc/bin/../lib/gcc/riscv-none-embed/8.2.0/../../../../riscv-none-embed/lib/rv32imac/ilp32\libg_nano.a(lib_a-nano-vfprintf_i.o)
                0x000000000000d024                _printf_common
 .text._printf_i
                0x000000000000d130      0x2a4 d:/mounriver_/mounriver_studio/toolchain/risc-v embedded gcc/bin/../lib/gcc/riscv-none-embed/8.2.0/../../../../riscv-none-embed/lib/rv32imac/ilp32\libg_nano.a(lib_a-nano-vfprintf_i.o)
                0x000000000000d130                _printf_i
 .text.__swbuf_r
                0x000000000000d3d4       0xc0 d:/mounriver_/mounriver_studio/toolchain/risc-v embedded gcc/bin/../lib/gcc/riscv-none-embed/8.2.0/../../../../riscv-none-embed/lib/rv32imac/ilp32\libg_nano.a(lib_a-wbuf.o)
                0x000000000000d3d4                __swbuf_r
 .text.__swsetup_r
                0x000000000000d494      0x10c d:/mounriver_/mounriver_studio/toolchain/risc-v embedded gcc/bin/../lib/gcc/riscv-none-embed/8.2.0/../../../../riscv-none-embed/lib/rv32imac/ilp32\libg_nano.a(lib_a-wsetup.o)
                0x000000000000d494                __swsetup_r
 .text.abort    0x000000000000d5a0        0xe d:/mounriver_/mounriver_studio/toolchain/risc-v embedded gcc/bin/../lib/gcc/riscv-none-embed/8.2.0/../../../../riscv-none-embed/lib/rv32imac/ilp32\libg_nano.a(lib_a-abort.o)
                0x000000000000d5a0                abort
 .text.__sflush_r
                0x000000000000d5ae      0x13c d:/mounriver_/mounriver_studio/toolchain/risc-v embedded gcc/bin/../lib/gcc/riscv-none-embed/8.2.0/../../../../riscv-none-embed/lib/rv32imac/ilp32\libg_nano.a(lib_a-fflush.o)
                0x000000000000d5ae                __sflush_r
 .text._fflush_r
                0x000000000000d6ea       0x66 d:/mounriver_/mounriver_studio/toolchain/risc-v embedded gcc/bin/../lib/gcc/riscv-none-embed/8.2.0/../../../../riscv-none-embed/lib/rv32imac/ilp32\libg_nano.a(lib_a-fflush.o)
                0x000000000000d6ea                _fflush_r
 .text.std      0x000000000000d750       0x6a d:/mounriver_/mounriver_studio/toolchain/risc-v embedded gcc/bin/../lib/gcc/riscv-none-embed/8.2.0/../../../../riscv-none-embed/lib/rv32imac/ilp32\libg_nano.a(lib_a-findfp.o)
 .text._cleanup_r
                0x000000000000d7ba        0xa d:/mounriver_/mounriver_studio/toolchain/risc-v embedded gcc/bin/../lib/gcc/riscv-none-embed/8.2.0/../../../../riscv-none-embed/lib/rv32imac/ilp32\libg_nano.a(lib_a-findfp.o)
                0x000000000000d7ba                _cleanup_r
 .text.__sfmoreglue
                0x000000000000d7c4       0x46 d:/mounriver_/mounriver_studio/toolchain/risc-v embedded gcc/bin/../lib/gcc/riscv-none-embed/8.2.0/../../../../riscv-none-embed/lib/rv32imac/ilp32\libg_nano.a(lib_a-findfp.o)
                0x000000000000d7c4                __sfmoreglue
 .text.__sinit  0x000000000000d80a       0x6c d:/mounriver_/mounriver_studio/toolchain/risc-v embedded gcc/bin/../lib/gcc/riscv-none-embed/8.2.0/../../../../riscv-none-embed/lib/rv32imac/ilp32\libg_nano.a(lib_a-findfp.o)
                0x000000000000d80a                __sinit
 .text.__sfp    0x000000000000d876       0xa0 d:/mounriver_/mounriver_studio/toolchain/risc-v embedded gcc/bin/../lib/gcc/riscv-none-embed/8.2.0/../../../../riscv-none-embed/lib/rv32imac/ilp32\libg_nano.a(lib_a-findfp.o)
                0x000000000000d876                __sfp
 .text._fwalk_reent
                0x000000000000d916       0x6c d:/mounriver_/mounriver_studio/toolchain/risc-v embedded gcc/bin/../lib/gcc/riscv-none-embed/8.2.0/../../../../riscv-none-embed/lib/rv32imac/ilp32\libg_nano.a(lib_a-fwalk.o)
                0x000000000000d916                _fwalk_reent
 .text.__swhatbuf_r
                0x000000000000d982       0x58 d:/mounriver_/mounriver_studio/toolchain/risc-v embedded gcc/bin/../lib/gcc/riscv-none-embed/8.2.0/../../../../riscv-none-embed/lib/rv32imac/ilp32\libg_nano.a(lib_a-makebuf.o)
                0x000000000000d982                __swhatbuf_r
 .text.__smakebuf_r
                0x000000000000d9da       0x9e d:/mounriver_/mounriver_studio/toolchain/risc-v embedded gcc/bin/../lib/gcc/riscv-none-embed/8.2.0/../../../../riscv-none-embed/lib/rv32imac/ilp32\libg_nano.a(lib_a-makebuf.o)
                0x000000000000d9da                __smakebuf_r
 .text.memchr   0x000000000000da78       0x1a d:/mounriver_/mounriver_studio/toolchain/risc-v embedded gcc/bin/../lib/gcc/riscv-none-embed/8.2.0/../../../../riscv-none-embed/lib/rv32imac/ilp32\libg_nano.a(lib_a-memchr.o)
                0x000000000000da78                memchr
 .text._free_r  0x000000000000da92       0xa4 d:/mounriver_/mounriver_studio/toolchain/risc-v embedded gcc/bin/../lib/gcc/riscv-none-embed/8.2.0/../../../../riscv-none-embed/lib/rv32imac/ilp32\libg_nano.a(lib_a-nano-freer.o)
                0x000000000000da92                _free_r
 .text._malloc_r
                0x000000000000db36       0xce d:/mounriver_/mounriver_studio/toolchain/risc-v embedded gcc/bin/../lib/gcc/riscv-none-embed/8.2.0/../../../../riscv-none-embed/lib/rv32imac/ilp32\libg_nano.a(lib_a-nano-mallocr.o)
                0x000000000000db36                _malloc_r
 .text._sbrk_r  0x000000000000dc04       0x28 d:/mounriver_/mounriver_studio/toolchain/risc-v embedded gcc/bin/../lib/gcc/riscv-none-embed/8.2.0/../../../../riscv-none-embed/lib/rv32imac/ilp32\libg_nano.a(lib_a-sbrkr.o)
                0x000000000000dc04                _sbrk_r
 .text._raise_r
                0x000000000000dc2c       0x62 d:/mounriver_/mounriver_studio/toolchain/risc-v embedded gcc/bin/../lib/gcc/riscv-none-embed/8.2.0/../../../../riscv-none-embed/lib/rv32imac/ilp32\libg_nano.a(lib_a-signal.o)
                0x000000000000dc2c                _raise_r
 .text.raise    0x000000000000dc8e        0xc d:/mounriver_/mounriver_studio/toolchain/risc-v embedded gcc/bin/../lib/gcc/riscv-none-embed/8.2.0/../../../../riscv-none-embed/lib/rv32imac/ilp32\libg_nano.a(lib_a-signal.o)
                0x000000000000dc8e                raise
 .text._kill_r  0x000000000000dc9a       0x2a d:/mounriver_/mounriver_studio/toolchain/risc-v embedded gcc/bin/../lib/gcc/riscv-none-embed/8.2.0/../../../../riscv-none-embed/lib/rv32imac/ilp32\libg_nano.a(lib_a-signalr.o)
                0x000000000000dc9a                _kill_r
 .text._getpid_r
                0x000000000000dcc4        0x2 d:/mounriver_/mounriver_studio/toolchain/risc-v embedded gcc/bin/../lib/gcc/riscv-none-embed/8.2.0/../../../../riscv-none-embed/lib/rv32imac/ilp32\libg_nano.a(lib_a-signalr.o)
                0x000000000000dcc4                _getpid_r
 .text.__sread  0x000000000000dcc6       0x30 d:/mounriver_/mounriver_studio/toolchain/risc-v embedded gcc/bin/../lib/gcc/riscv-none-embed/8.2.0/../../../../riscv-none-embed/lib/rv32imac/ilp32\libg_nano.a(lib_a-stdio.o)
                0x000000000000dcc6                __sread
 .text.__swrite
                0x000000000000dcf6       0x4e d:/mounriver_/mounriver_studio/toolchain/risc-v embedded gcc/bin/../lib/gcc/riscv-none-embed/8.2.0/../../../../riscv-none-embed/lib/rv32imac/ilp32\libg_nano.a(lib_a-stdio.o)
                0x000000000000dcf6                __swrite
 .text.__sseek  0x000000000000dd44       0x36 d:/mounriver_/mounriver_studio/toolchain/risc-v embedded gcc/bin/../lib/gcc/riscv-none-embed/8.2.0/../../../../riscv-none-embed/lib/rv32imac/ilp32\libg_nano.a(lib_a-stdio.o)
                0x000000000000dd44                __sseek
 .text.__sclose
                0x000000000000dd7a        0x6 d:/mounriver_/mounriver_studio/toolchain/risc-v embedded gcc/bin/../lib/gcc/riscv-none-embed/8.2.0/../../../../riscv-none-embed/lib/rv32imac/ilp32\libg_nano.a(lib_a-stdio.o)
                0x000000000000dd7a                __sclose
 .text._write_r
                0x000000000000dd80       0x2e d:/mounriver_/mounriver_studio/toolchain/risc-v embedded gcc/bin/../lib/gcc/riscv-none-embed/8.2.0/../../../../riscv-none-embed/lib/rv32imac/ilp32\libg_nano.a(lib_a-writer.o)
                0x000000000000dd80                _write_r
 .text._close_r
                0x000000000000ddae       0x28 d:/mounriver_/mounriver_studio/toolchain/risc-v embedded gcc/bin/../lib/gcc/riscv-none-embed/8.2.0/../../../../riscv-none-embed/lib/rv32imac/ilp32\libg_nano.a(lib_a-closer.o)
                0x000000000000ddae                _close_r
 .text._fstat_r
                0x000000000000ddd6       0x2a d:/mounriver_/mounriver_studio/toolchain/risc-v embedded gcc/bin/../lib/gcc/riscv-none-embed/8.2.0/../../../../riscv-none-embed/lib/rv32imac/ilp32\libg_nano.a(lib_a-fstatr.o)
                0x000000000000ddd6                _fstat_r
 .text._isatty_r
                0x000000000000de00       0x28 d:/mounriver_/mounriver_studio/toolchain/risc-v embedded gcc/bin/../lib/gcc/riscv-none-embed/8.2.0/../../../../riscv-none-embed/lib/rv32imac/ilp32\libg_nano.a(lib_a-isattyr.o)
                0x000000000000de00                _isatty_r
 .text._lseek_r
                0x000000000000de28       0x2c d:/mounriver_/mounriver_studio/toolchain/risc-v embedded gcc/bin/../lib/gcc/riscv-none-embed/8.2.0/../../../../riscv-none-embed/lib/rv32imac/ilp32\libg_nano.a(lib_a-lseekr.o)
                0x000000000000de28                _lseek_r
 .text.__malloc_lock
                0x000000000000de54        0x2 d:/mounriver_/mounriver_studio/toolchain/risc-v embedded gcc/bin/../lib/gcc/riscv-none-embed/8.2.0/../../../../riscv-none-embed/lib/rv32imac/ilp32\libg_nano.a(lib_a-mlock.o)
                0x000000000000de54                __malloc_lock
 .text.__malloc_unlock
                0x000000000000de56        0x2 d:/mounriver_/mounriver_studio/toolchain/risc-v embedded gcc/bin/../lib/gcc/riscv-none-embed/8.2.0/../../../../riscv-none-embed/lib/rv32imac/ilp32\libg_nano.a(lib_a-mlock.o)
                0x000000000000de56                __malloc_unlock
 .text._read_r  0x000000000000de58       0x2c d:/mounriver_/mounriver_studio/toolchain/risc-v embedded gcc/bin/../lib/gcc/riscv-none-embed/8.2.0/../../../../riscv-none-embed/lib/rv32imac/ilp32\libg_nano.a(lib_a-readr.o)
                0x000000000000de58                _read_r
 .text._close   0x000000000000de84        0xc d:/mounriver_/mounriver_studio/toolchain/risc-v embedded gcc/bin/../lib/gcc/riscv-none-embed/8.2.0/../../../../riscv-none-embed/lib/rv32imac/ilp32\libnosys.a(close.o)
                0x000000000000de84                _close
 .text._fstat   0x000000000000de90        0xc d:/mounriver_/mounriver_studio/toolchain/risc-v embedded gcc/bin/../lib/gcc/riscv-none-embed/8.2.0/../../../../riscv-none-embed/lib/rv32imac/ilp32\libnosys.a(fstat.o)
                0x000000000000de90                _fstat
 .text._getpid  0x000000000000de9c        0xc d:/mounriver_/mounriver_studio/toolchain/risc-v embedded gcc/bin/../lib/gcc/riscv-none-embed/8.2.0/../../../../riscv-none-embed/lib/rv32imac/ilp32\libnosys.a(getpid.o)
                0x000000000000de9c                _getpid
 .text._isatty  0x000000000000dea8        0xc d:/mounriver_/mounriver_studio/toolchain/risc-v embedded gcc/bin/../lib/gcc/riscv-none-embed/8.2.0/../../../../riscv-none-embed/lib/rv32imac/ilp32\libnosys.a(isatty.o)
                0x000000000000dea8                _isatty
 .text._kill    0x000000000000deb4        0xc d:/mounriver_/mounriver_studio/toolchain/risc-v embedded gcc/bin/../lib/gcc/riscv-none-embed/8.2.0/../../../../riscv-none-embed/lib/rv32imac/ilp32\libnosys.a(kill.o)
                0x000000000000deb4                _kill
 .text._lseek   0x000000000000dec0        0xc d:/mounriver_/mounriver_studio/toolchain/risc-v embedded gcc/bin/../lib/gcc/riscv-none-embed/8.2.0/../../../../riscv-none-embed/lib/rv32imac/ilp32\libnosys.a(lseek.o)
                0x000000000000dec0                _lseek
 .text._read    0x000000000000decc        0xc d:/mounriver_/mounriver_studio/toolchain/risc-v embedded gcc/bin/../lib/gcc/riscv-none-embed/8.2.0/../../../../riscv-none-embed/lib/rv32imac/ilp32\libnosys.a(read.o)
                0x000000000000decc                _read
 .text._sbrk    0x000000000000ded8       0x20 d:/mounriver_/mounriver_studio/toolchain/risc-v embedded gcc/bin/../lib/gcc/riscv-none-embed/8.2.0/../../../../riscv-none-embed/lib/rv32imac/ilp32\libnosys.a(sbrk.o)
                0x000000000000ded8                _sbrk
 .text._exit    0x000000000000def8        0x2 d:/mounriver_/mounriver_studio/toolchain/risc-v embedded gcc/bin/../lib/gcc/riscv-none-embed/8.2.0/../../../../riscv-none-embed/lib/rv32imac/ilp32\libnosys.a(_exit.o)
                0x000000000000def8                _exit
 *(.rodata)
 *fill*         0x000000000000defa        0x6 
 .rodata        0x000000000000df00        0xc ./USER/isr.o
 .rodata        0x000000000000df0c       0x63 ./Libraries/seekfree_peripheral/SEEKFREE_OLED.o
 *fill*         0x000000000000df6f        0x1 
 .rodata        0x000000000000df70        0x8 ./Libraries/seekfree_peripheral/SEEKFREE_PRINTF.o
 .rodata        0x000000000000df78       0x37 ./Libraries/seekfree_libraries/zf_pit.o
 *fill*         0x000000000000dfaf        0x1 
 .rodata        0x000000000000dfb0       0x2d ./Libraries/seekfree_libraries/zf_spi.o
 *fill*         0x000000000000dfdd        0x3 
 .rodata        0x000000000000dfe0       0x1c ./CODE/Control.o
 *fill*         0x000000000000dffc        0x4 
 .rodata        0x000000000000e000        0x8 ./CODE/Motor.o
 .rodata        0x000000000000e008       0x24 ./CODE/PIDcontrol.o
 *fill*         0x000000000000e02c        0x4 
 .rodata        0x000000000000e030       0x18 ./CODE/encode.o
 .rodata        0x000000000000e048      0x184 ./CODE/menu.o
 *fill*         0x000000000000e1cc        0x4 
 .rodata        0x000000000000e1d0       0x14 ./CODE/topicm.o
 *(.rodata*)
 .rodata.oled_6x8
                0x000000000000e1e4      0x228 ./Libraries/seekfree_peripheral/SEEKFREE_FONT.o
                0x000000000000e1e4                oled_6x8
 .rodata.__func__.3179
                0x000000000000e40c        0xd ./Libraries/seekfree_peripheral/SEEKFREE_OLED.o
 *fill*         0x000000000000e419        0x3 
 .rodata.zf_sprintf
                0x000000000000e41c      0x150 ./Libraries/seekfree_peripheral/SEEKFREE_PRINTF.o
 .rodata.GPION  0x000000000000e56c       0x10 ./Libraries/seekfree_libraries/zf_gpio.o
                0x000000000000e56c                GPION
 .rodata.__func__.3543
                0x000000000000e57c       0x17 ./Libraries/seekfree_libraries/zf_pit.o
 *fill*         0x000000000000e593        0x1 
 .rodata.TIMERN
                0x000000000000e594       0x10 ./Libraries/seekfree_libraries/zf_qtimer.o
                0x000000000000e594                TIMERN
 .rodata.__func__.3348
                0x000000000000e5a4        0xe ./Libraries/seekfree_libraries/zf_spi.o
 *fill*         0x000000000000e5b2        0x2 
 .rodata.UARTN  0x000000000000e5b4       0x10 ./Libraries/seekfree_libraries/zf_uart.o
                0x000000000000e5b4                UARTN
 .rodata.Menu_PID
                0x000000000000e5c4       0x90 ./CODE/menu.o
 .rodata.Menu_SPEED
                0x000000000000e654       0xa0 ./CODE/menu.o
 .rodata.display_key
                0x000000000000e6f4       0x1c ./CODE/menu.o
 .rodata.__divdf3
                0x000000000000e710       0x40 d:/mounriver_/mounriver_studio/toolchain/risc-v embedded gcc/bin/../lib/gcc/riscv-none-embed/8.2.0/rv32imac/ilp32\libgcc.a(divdf3.o)
 .rodata.__muldf3
                0x000000000000e750       0x40 d:/mounriver_/mounriver_studio/toolchain/risc-v embedded gcc/bin/../lib/gcc/riscv-none-embed/8.2.0/rv32imac/ilp32\libgcc.a(muldf3.o)
 .rodata.__divsf3
                0x000000000000e790       0x80 d:/mounriver_/mounriver_studio/toolchain/risc-v embedded gcc/bin/../lib/gcc/riscv-none-embed/8.2.0/rv32imac/ilp32\libgcc.a(divsf3.o)
 .rodata.__mulsf3
                0x000000000000e810       0x40 d:/mounriver_/mounriver_studio/toolchain/risc-v embedded gcc/bin/../lib/gcc/riscv-none-embed/8.2.0/rv32imac/ilp32\libgcc.a(mulsf3.o)
 .rodata.__clz_tab
                0x000000000000e850      0x100 d:/mounriver_/mounriver_studio/toolchain/risc-v embedded gcc/bin/../lib/gcc/riscv-none-embed/8.2.0/rv32imac/ilp32\libgcc.a(_clz.o)
                0x000000000000e850                __clz_tab
 .rodata.__assert_func.str1.4
                0x000000000000e950       0x3f d:/mounriver_/mounriver_studio/toolchain/risc-v embedded gcc/bin/../lib/gcc/riscv-none-embed/8.2.0/../../../../riscv-none-embed/lib/rv32imac/ilp32\libg_nano.a(lib_a-assert.o)
                                         0x43 (size before relaxing)
 *fill*         0x000000000000e98f        0x1 
 .rodata._vfprintf_r.str1.4
                0x000000000000e990       0x13 d:/mounriver_/mounriver_studio/toolchain/risc-v embedded gcc/bin/../lib/gcc/riscv-none-embed/8.2.0/../../../../riscv-none-embed/lib/rv32imac/ilp32\libg_nano.a(lib_a-nano-vfprintf.o)
 *fill*         0x000000000000e9a3        0x1 
 .rodata._printf_i.str1.4
                0x000000000000e9a4       0x28 d:/mounriver_/mounriver_studio/toolchain/risc-v embedded gcc/bin/../lib/gcc/riscv-none-embed/8.2.0/../../../../riscv-none-embed/lib/rv32imac/ilp32\libg_nano.a(lib_a-nano-vfprintf_i.o)
                                         0x25 (size before relaxing)
 .rodata.__sf_fake_stderr
                0x000000000000e9cc       0x20 d:/mounriver_/mounriver_studio/toolchain/risc-v embedded gcc/bin/../lib/gcc/riscv-none-embed/8.2.0/../../../../riscv-none-embed/lib/rv32imac/ilp32\libg_nano.a(lib_a-findfp.o)
                0x000000000000e9cc                __sf_fake_stderr
 .rodata.__sf_fake_stdin
                0x000000000000e9ec       0x20 d:/mounriver_/mounriver_studio/toolchain/risc-v embedded gcc/bin/../lib/gcc/riscv-none-embed/8.2.0/../../../../riscv-none-embed/lib/rv32imac/ilp32\libg_nano.a(lib_a-findfp.o)
                0x000000000000e9ec                __sf_fake_stdin
 .rodata.__sf_fake_stdout
                0x000000000000ea0c       0x20 d:/mounriver_/mounriver_studio/toolchain/risc-v embedded gcc/bin/../lib/gcc/riscv-none-embed/8.2.0/../../../../riscv-none-embed/lib/rv32imac/ilp32\libg_nano.a(lib_a-findfp.o)
                0x000000000000ea0c                __sf_fake_stdout
 *(.glue_7)
 *(.glue_7t)
 *(.gnu.linkonce.t.*)
                0x000000000000ea2c                . = ALIGN (0x4)

.rela.dyn       0x000000000000ea2c        0x0
 .rela.text.TIM3_IRQHandler
                0x000000000000ea2c        0x0 ./USER/isr.o
 .rela.init     0x000000000000ea2c        0x0 ./USER/isr.o
 .rela.vector   0x000000000000ea2c        0x0 ./USER/isr.o
 .rela.text.handle_reset
                0x000000000000ea2c        0x0 ./USER/isr.o
 .rela.text.mpu6050_get_gyro
                0x000000000000ea2c        0x0 ./USER/isr.o
 .rela.text.main_control
                0x000000000000ea2c        0x0 ./USER/isr.o
 .rela.text.FLASH_WriteALL
                0x000000000000ea2c        0x0 ./USER/isr.o
 .rela.text.FLASH_ReadALL
                0x000000000000ea2c        0x0 ./USER/isr.o
 .rela.text.get_slave_data
                0x000000000000ea2c        0x0 ./USER/isr.o
 .rela.text.running
                0x000000000000ea2c        0x0 ./USER/isr.o
 .rela.text.ccwheels
                0x000000000000ea2c        0x0 ./USER/isr.o
 .rela.text.send_key_msg
                0x000000000000ea2c        0x0 ./USER/isr.o
 .rela.text.get_key_msg
                0x000000000000ea2c        0x0 ./USER/isr.o
 .rela.text.PID_motor
                0x000000000000ea2c        0x0 ./USER/isr.o
 .rela.text.Position_PID
                0x000000000000ea2c        0x0 ./USER/isr.o
 .rela.text.encode
                0x000000000000ea2c        0x0 ./USER/isr.o
 .rela.text.encode_calculation
                0x000000000000ea2c        0x0 ./USER/isr.o
 .rela.text.Menu_Main
                0x000000000000ea2c        0x0 ./USER/isr.o
 .rela.text.Menu_SPEED
                0x000000000000ea2c        0x0 ./USER/isr.o
 .rela.text.IcmGetData
                0x000000000000ea2c        0x0 ./USER/isr.o
 .rela.text._vfprintf_r
                0x000000000000ea2c        0x0 ./USER/isr.o
 .rela.text._sbrk_r
                0x000000000000ea2c        0x0 ./USER/isr.o
 .rela.text._kill_r
                0x000000000000ea2c        0x0 ./USER/isr.o
 .rela.text._write_r
                0x000000000000ea2c        0x0 ./USER/isr.o
 .rela.text._close_r
                0x000000000000ea2c        0x0 ./USER/isr.o
 .rela.text._fstat_r
                0x000000000000ea2c        0x0 ./USER/isr.o
 .rela.text._isatty_r
                0x000000000000ea2c        0x0 ./USER/isr.o
 .rela.text._lseek_r
                0x000000000000ea2c        0x0 ./USER/isr.o
 .rela.text._read_r
                0x000000000000ea2c        0x0 ./USER/isr.o
 .rela.text._close
                0x000000000000ea2c        0x0 ./USER/isr.o
 .rela.text._fstat
                0x000000000000ea2c        0x0 ./USER/isr.o
 .rela.text._getpid
                0x000000000000ea2c        0x0 ./USER/isr.o
 .rela.text._isatty
                0x000000000000ea2c        0x0 ./USER/isr.o
 .rela.text._kill
                0x000000000000ea2c        0x0 ./USER/isr.o
 .rela.text._lseek
                0x000000000000ea2c        0x0 ./USER/isr.o
 .rela.text._read
                0x000000000000ea2c        0x0 ./USER/isr.o
 .rela.text._sbrk
                0x000000000000ea2c        0x0 ./USER/isr.o

.fini           0x000000000000ea2c        0x0
 *(SORT_NONE(.fini))
                0x000000000000ea2c                . = ALIGN (0x4)
                [!provide]                        PROVIDE (_etext = .)
                [!provide]                        PROVIDE (_eitcm = .)

.preinit_array  0x000000000000ea2c        0x0
                [!provide]                        PROVIDE (__preinit_array_start = .)
 *(.preinit_array)
                [!provide]                        PROVIDE (__preinit_array_end = .)

.init_array     0x000000000000ea2c        0x0
                [!provide]                        PROVIDE (__init_array_start = .)
 *(SORT_BY_INIT_PRIORITY(.init_array.*) SORT_BY_INIT_PRIORITY(.ctors.*))
 *(.init_array EXCLUDE_FILE(*crtend?.o *crtend.o *crtbegin?.o *crtbegin.o) .ctors)
                [!provide]                        PROVIDE (__init_array_end = .)

.fini_array     0x000000000000ea2c        0x0
                [!provide]                        PROVIDE (__fini_array_start = .)
 *(SORT_BY_INIT_PRIORITY(.fini_array.*) SORT_BY_INIT_PRIORITY(.dtors.*))
 *(.fini_array EXCLUDE_FILE(*crtend?.o *crtend.o *crtbegin?.o *crtbegin.o) .dtors)
                [!provide]                        PROVIDE (__fini_array_end = .)

.ctors
 *crtbegin.o(.ctors)
 *crtbegin?.o(.ctors)
 *(EXCLUDE_FILE(*crtend?.o *crtend.o) .ctors)
 *(SORT_BY_NAME(.ctors.*))
 *(.ctors)

.dtors
 *crtbegin.o(.dtors)
 *crtbegin?.o(.dtors)
 *(EXCLUDE_FILE(*crtend?.o *crtend.o) .dtors)
 *(SORT_BY_NAME(.dtors.*))
 *(.dtors)

.dalign         0x0000000020000000        0x0 load address 0x000000000000ea2c
                0x0000000020000000                . = ALIGN (0x4)
                0x0000000020000000                PROVIDE (_data_vma = .)

.dlalign        0x000000000000ea2c        0x0
                0x000000000000ea2c                . = ALIGN (0x4)
                0x000000000000ea2c                PROVIDE (_data_lma = .)

.data           0x0000000020000000      0x1e8 load address 0x000000000000ea2c
 *(.gnu.linkonce.r.*)
 *(.data .data.*)
 .data.APBAHBPrescTable
                0x0000000020000000       0x10 ./Libraries/wch_libraries/Peripheral/ch32v10x_rcc.o
 .data.KEY_PTxn
                0x0000000020000010       0x18 ./CODE/Key.o
                0x0000000020000010                KEY_PTxn
 .data.out_d    0x0000000020000028       0x14 ./CODE/PIDcontrol.o
                0x0000000020000028                out_d
 .data.in_e3    0x000000002000003c       0x10 ./CODE/PIDcontrol.o
                0x000000002000003c                in_e3
 .data.in_omega
                0x000000002000004c       0x10 ./CODE/PIDcontrol.o
                0x000000002000004c                in_omega
 .data.p_rule   0x000000002000005c       0xc4 ./CODE/PIDcontrol.o
                0x000000002000005c                p_rule
 .data.impure_data
                0x0000000020000120       0x60 d:/mounriver_/mounriver_studio/toolchain/risc-v embedded gcc/bin/../lib/gcc/riscv-none-embed/8.2.0/../../../../riscv-none-embed/lib/rv32imac/ilp32\libg_nano.a(lib_a-impure.o)
 *(.gnu.linkonce.d.*)
                0x0000000020000180                . = ALIGN (0x8)
                0x0000000020000980                PROVIDE (__global_pointer$ = (. + 0x800))
 *(.sdata .sdata.*)
 .sdata.ADCPrescTable
                0x0000000020000180        0x4 ./Libraries/wch_libraries/Peripheral/ch32v10x_rcc.o
 .sdata.simiic_delay_time
                0x0000000020000184        0x2 ./Libraries/seekfree_peripheral/SEEKFREE_IIC.o
 *fill*         0x0000000020000186        0x2 
 .sdata.gFlashStatus.3178
                0x0000000020000188        0x4 ./Libraries/seekfree_libraries/zf_flash.o
 .sdata.gFlashStatus.3197
                0x000000002000018c        0x4 ./Libraries/seekfree_libraries/zf_flash.o
 .sdata.high_icm
                0x0000000020000190        0x4 ./CODE/Control.o
                0x0000000020000190                high_icm
 .sdata.EA      0x0000000020000194        0x1 ./CODE/Control.o
                0x0000000020000194                EA
 *fill*         0x0000000020000195        0x1 
 .sdata.pvfb    0x0000000020000196        0x2 ./CODE/Control.o
                0x0000000020000196                pvfb
 .sdata.HIGH_Speed
                0x0000000020000198        0x2 ./CODE/Control.o
                0x0000000020000198                HIGH_Speed
 .sdata.LOW_speed
                0x000000002000019a        0x2 ./CODE/Control.o
                0x000000002000019a                LOW_speed
 .sdata.Set_Speed
                0x000000002000019c        0x2 ./CODE/Control.o
                0x000000002000019c                Set_Speed
 .sdata.Rush_Speed
                0x000000002000019e        0x2 ./CODE/Control.o
                0x000000002000019e                Rush_Speed
 .sdata.RING_Speed
                0x00000000200001a0        0x2 ./CODE/Control.o
                0x00000000200001a0                RING_Speed
 .sdata.RING_ru_Speed
                0x00000000200001a2        0x2 ./CODE/Control.o
                0x00000000200001a2                RING_ru_Speed
 .sdata.X_Speed
                0x00000000200001a4        0x2 ./CODE/Control.o
                0x00000000200001a4                X_Speed
 .sdata.mode_SP
                0x00000000200001a6        0x1 ./CODE/Control.o
                0x00000000200001a6                mode_SP
 *fill*         0x00000000200001a7        0x1 
 .sdata.Speed_Limit
                0x00000000200001a8        0x2 ./CODE/Control.o
                0x00000000200001a8                Speed_Limit
 .sdata.k_curve_in
                0x00000000200001aa        0x1 ./CODE/Control.o
                0x00000000200001aa                k_curve_in
 .sdata.k_curve_out
                0x00000000200001ab        0x1 ./CODE/Control.o
                0x00000000200001ab                k_curve_out
 .sdata.ring_e_F
                0x00000000200001ac        0x1 ./CODE/Control.o
                0x00000000200001ac                ring_e_F
 *fill*         0x00000000200001ad        0x1 
 .sdata.run_mode
                0x00000000200001ae        0x2 ./CODE/Init.o
                0x00000000200001ae                run_mode
 .sdata.is_fuzzy
                0x00000000200001b0        0x1 ./CODE/PIDcontrol.o
                0x00000000200001b0                is_fuzzy
 *fill*         0x00000000200001b1        0x1 
 .sdata.SETmotor_kp
                0x00000000200001b2        0x2 ./CODE/PIDcontrol.o
                0x00000000200001b2                SETmotor_kp
 .sdata.SETmotor_ki
                0x00000000200001b4        0x2 ./CODE/PIDcontrol.o
                0x00000000200001b4                SETmotor_ki
 .sdata.SETmotor_kd
                0x00000000200001b6        0x2 ./CODE/PIDcontrol.o
                0x00000000200001b6                SETmotor_kd
 .sdata.position_zp0
                0x00000000200001b8        0x2 ./CODE/PIDcontrol.o
                0x00000000200001b8                position_zp0
 .sdata.position_zp1
                0x00000000200001ba        0x2 ./CODE/PIDcontrol.o
                0x00000000200001ba                position_zp1
 .sdata.position_zd0
                0x00000000200001bc        0x2 ./CODE/PIDcontrol.o
                0x00000000200001bc                position_zd0
 .sdata.position_zp0_x
                0x00000000200001be        0x2 ./CODE/PIDcontrol.o
                0x00000000200001be                position_zp0_x
 .sdata.position_zp1_x
                0x00000000200001c0        0x2 ./CODE/PIDcontrol.o
                0x00000000200001c0                position_zp1_x
 *fill*         0x00000000200001c2        0x2 
 .sdata.limit_p_out
                0x00000000200001c4        0x4 ./CODE/PIDcontrol.o
                0x00000000200001c4                limit_p_out
 .sdata.limit_pid_out
                0x00000000200001c8        0x4 ./CODE/PIDcontrol.o
                0x00000000200001c8                limit_pid_out
 .sdata.arrow.6067
                0x00000000200001cc        0x1 ./CODE/menu.o
 .sdata.arrow.6072
                0x00000000200001cd        0x1 ./CODE/menu.o
 .sdata.arrow.6107
                0x00000000200001ce        0x1 ./CODE/menu.o
 *fill*         0x00000000200001cf        0x1 
 .sdata.gyro_kalman_q
                0x00000000200001d0        0x2 ./CODE/topicm.o
                0x00000000200001d0                gyro_kalman_q
 .sdata.gyro_kalman_r
                0x00000000200001d2        0x2 ./CODE/topicm.o
                0x00000000200001d2                gyro_kalman_r
 .sdata.mpu_set
                0x00000000200001d4        0x2 ./CODE/topicm.o
                0x00000000200001d4                mpu_set
 .sdata.mpu_offset
                0x00000000200001d6        0x2 ./CODE/topicm.o
                0x00000000200001d6                mpu_offset
 .sdata._impure_ptr
                0x00000000200001d8        0x4 d:/mounriver_/mounriver_studio/toolchain/risc-v embedded gcc/bin/../lib/gcc/riscv-none-embed/8.2.0/../../../../riscv-none-embed/lib/rv32imac/ilp32\libg_nano.a(lib_a-impure.o)
                0x00000000200001d8                _impure_ptr
 *(.sdata2.*)
 .sdata2.SPIN   0x00000000200001dc        0x8 ./Libraries/seekfree_libraries/zf_spi.o
                0x00000000200001dc                SPIN
 .sdata2._global_impure_ptr
                0x00000000200001e4        0x4 d:/mounriver_/mounriver_studio/toolchain/risc-v embedded gcc/bin/../lib/gcc/riscv-none-embed/8.2.0/../../../../riscv-none-embed/lib/rv32imac/ilp32\libg_nano.a(lib_a-impure.o)
                0x00000000200001e4                _global_impure_ptr
 *(.gnu.linkonce.s.*)
                0x00000000200001e8                . = ALIGN (0x8)
 *(.srodata.cst16)
 *(.srodata.cst8)
 *(.srodata.cst4)
 *(.srodata.cst2)
 *(.srodata .srodata.*)
                0x00000000200001e8                . = ALIGN (0x4)
                0x00000000200001e8                PROVIDE (_edata = .)

.bss            0x00000000200001e8      0x480 load address 0x000000000000ec14
                0x00000000200001e8                . = ALIGN (0x4)
                0x00000000200001e8                PROVIDE (_sbss = .)
 *(.sbss*)
 .sbss.NVIC_Priority_Group
                0x00000000200001e8        0x4 ./Libraries/wch_libraries/Peripheral/ch32v10x_misc.o
                0x00000000200001e8                NVIC_Priority_Group
 .sbss.new_angle.5744
                0x00000000200001ec        0x2 ./Libraries/seekfree_peripheral/SEEKFREE_ABSOLUTE_ENCODER.o
 .sbss.old_angle.5743
                0x00000000200001ee        0x2 ./Libraries/seekfree_peripheral/SEEKFREE_ABSOLUTE_ENCODER.o
 .sbss.new_angle.5750
                0x00000000200001f0        0x2 ./Libraries/seekfree_peripheral/SEEKFREE_ABSOLUTE_ENCODER.o
 .sbss.old_angle.5749
                0x00000000200001f2        0x2 ./Libraries/seekfree_peripheral/SEEKFREE_ABSOLUTE_ENCODER.o
 .sbss.new_angle.5756
                0x00000000200001f4        0x2 ./Libraries/seekfree_peripheral/SEEKFREE_ABSOLUTE_ENCODER.o
 .sbss.old_angle.5755
                0x00000000200001f6        0x2 ./Libraries/seekfree_peripheral/SEEKFREE_ABSOLUTE_ENCODER.o
 .sbss.new_angle.5762
                0x00000000200001f8        0x2 ./Libraries/seekfree_peripheral/SEEKFREE_ABSOLUTE_ENCODER.o
 .sbss.old_angle.5761
                0x00000000200001fa        0x2 ./Libraries/seekfree_peripheral/SEEKFREE_ABSOLUTE_ENCODER.o
 .sbss.close_all_irq_flag
                0x00000000200001fc        0x1 ./Libraries/seekfree_libraries/common.o
                0x00000000200001fc                close_all_irq_flag
 *fill*         0x00000000200001fd        0x3 
 .sbss.sys_clk  0x0000000020000200        0x4 ./Libraries/seekfree_libraries/common.o
                0x0000000020000200                sys_clk
 .sbss.Car_Y    0x0000000020000204        0x4 ./CODE/Control.o
                0x0000000020000204                Car_Y
 .sbss.Car_X    0x0000000020000208        0x4 ./CODE/Control.o
                0x0000000020000208                Car_X
 .sbss.sancha_cnt
                0x000000002000020c        0x4 ./CODE/Control.o
                0x000000002000020c                sancha_cnt
 .sbss.minus_l  0x0000000020000210        0x2 ./CODE/Control.o
                0x0000000020000210                minus_l
 .sbss.minus_r  0x0000000020000212        0x2 ./CODE/Control.o
                0x0000000020000212                minus_r
 .sbss.act_speed_L
                0x0000000020000214        0x2 ./CODE/Control.o
                0x0000000020000214                act_speed_L
 .sbss.act_speed_R
                0x0000000020000216        0x2 ./CODE/Control.o
                0x0000000020000216                act_speed_R
 .sbss.pwm_buchang
                0x0000000020000218        0x4 ./CODE/Control.o
                0x0000000020000218                pwm_buchang
 .sbss.x_buchang_l
                0x000000002000021c        0x4 ./CODE/Control.o
                0x000000002000021c                x_buchang_l
 .sbss.x_buchang_r
                0x0000000020000220        0x4 ./CODE/Control.o
                0x0000000020000220                x_buchang_r
 .sbss.K_centre
                0x0000000020000224        0x4 ./CODE/Control.o
                0x0000000020000224                K_centre
 .sbss.H_ALL_Speed
                0x0000000020000228        0x2 ./CODE/Control.o
                0x0000000020000228                H_ALL_Speed
 .sbss.L_ALL_speed
                0x000000002000022a        0x2 ./CODE/Control.o
                0x000000002000022a                L_ALL_speed
 .sbss.def_speed
                0x000000002000022c        0x2 ./CODE/Control.o
                0x000000002000022c                def_speed
 .sbss.GO_Speed
                0x000000002000022e        0x2 ./CODE/Control.o
                0x000000002000022e                GO_Speed
 .sbss.Wam_Speed_flag
                0x0000000020000230        0x1 ./CODE/Control.o
                0x0000000020000230                Wam_Speed_flag
 *fill*         0x0000000020000231        0x1 
 .sbss.vx       0x0000000020000232        0x2 ./CODE/Control.o
                0x0000000020000232                vx
 .sbss.vy       0x0000000020000234        0x2 ./CODE/Control.o
                0x0000000020000234                vy
 *fill*         0x0000000020000236        0x2 
 .sbss.vz       0x0000000020000238        0x4 ./CODE/Control.o
                0x0000000020000238                vz
 .sbss.camera_flag
                0x000000002000023c        0x1 ./CODE/Control.o
                0x000000002000023c                camera_flag
 .sbss.ALL_flag
                0x000000002000023d        0x1 ./CODE/Control.o
                0x000000002000023d                ALL_flag
 .sbss.e_Foresight_threshold
                0x000000002000023e        0x1 ./CODE/Control.o
                0x000000002000023e                e_Foresight_threshold
 .sbss.icm_flag
                0x000000002000023f        0x1 ./CODE/Control.o
                0x000000002000023f                icm_flag
 .sbss.encode_count
                0x0000000020000240        0x1 ./CODE/Control.o
                0x0000000020000240                encode_count
 *fill*         0x0000000020000241        0x3 
 .sbss.steer_go
                0x0000000020000244        0x4 ./CODE/Control.o
                0x0000000020000244                steer_go
 .sbss.mpu_flag
                0x0000000020000248        0x1 ./CODE/Control.o
                0x0000000020000248                mpu_flag
 .sbss.xuanzhuan_en
                0x0000000020000249        0x1 ./CODE/Control.o
                0x0000000020000249                xuanzhuan_en
 .sbss.add_carport
                0x000000002000024a        0x1 ./CODE/Control.o
                0x000000002000024a                add_carport
 .sbss.EA_NO_F  0x000000002000024b        0x1 ./CODE/Control.o
                0x000000002000024b                EA_NO_F
 .sbss.EA_NO_B  0x000000002000024c        0x1 ./CODE/Control.o
                0x000000002000024c                EA_NO_B
 .sbss.sancha_static
                0x000000002000024d        0x1 ./CODE/Control.o
                0x000000002000024d                sancha_static
 .sbss.camera_data_cnt
                0x000000002000024e        0x1 ./CODE/Get_deta.o
                0x000000002000024e                camera_data_cnt
 .sbss.camera_head_cnt
                0x000000002000024f        0x1 ./CODE/Get_deta.o
                0x000000002000024f                camera_head_cnt
 .sbss.camera_tail_cnt
                0x0000000020000250        0x1 ./CODE/Get_deta.o
                0x0000000020000250                camera_tail_cnt
 .sbss.Foresight
                0x0000000020000251        0x1 ./CODE/Get_deta.o
                0x0000000020000251                Foresight
 .sbss.key_msg_front
                0x0000000020000252        0x1 ./CODE/Key.o
                0x0000000020000252                key_msg_front
 .sbss.key_msg_rear
                0x0000000020000253        0x1 ./CODE/Key.o
                0x0000000020000253                key_msg_rear
 .sbss.key_msg_flag
                0x0000000020000254        0x1 ./CODE/Key.o
                0x0000000020000254                key_msg_flag
 *fill*         0x0000000020000255        0x3 
 .sbss.keytime.6078
                0x0000000020000258        0x6 ./CODE/Key.o
 .sbss.position_zi0
                0x000000002000025e        0x2 ./CODE/PIDcontrol.o
                0x000000002000025e                position_zi0
 .sbss.position_zi0_x
                0x0000000020000260        0x2 ./CODE/PIDcontrol.o
                0x0000000020000260                position_zi0_x
 .sbss.position_zd0_x
                0x0000000020000262        0x2 ./CODE/PIDcontrol.o
                0x0000000020000262                position_zd0_x
 .sbss.pvlr_d   0x0000000020000264        0x2 ./CODE/PIDcontrol.o
                0x0000000020000264                pvlr_d
 .sbss.pvlr_p   0x0000000020000266        0x2 ./CODE/PIDcontrol.o
                0x0000000020000266                pvlr_p
 .sbss.cal_p    0x0000000020000268        0x4 ./CODE/PIDcontrol.o
                0x0000000020000268                cal_p
 .sbss.cal_d    0x000000002000026c        0x4 ./CODE/PIDcontrol.o
                0x000000002000026c                cal_d
 .sbss.change_enable
                0x0000000020000270        0x1 ./CODE/menu.o
                0x0000000020000270                change_enable
 .sbss.cwheels  0x0000000020000271        0x1 ./CODE/menu.o
                0x0000000020000271                cwheels
 *fill*         0x0000000020000272        0x2 
 .sbss.interact_signal
                0x0000000020000274        0x4 ./CODE/menu.o
                0x0000000020000274                interact_signal
 .sbss.interact_page
                0x0000000020000278        0x4 ./CODE/menu.o
                0x0000000020000278                interact_page
 .sbss.last_page
                0x000000002000027c        0x1 ./CODE/menu.o
                0x000000002000027c                last_page
 .sbss.page     0x000000002000027d        0x1 ./CODE/menu.o
                0x000000002000027d                page
 .sbss.save_flag.6071
                0x000000002000027e        0x1 ./CODE/menu.o
 .sbss.save_flag.6106
                0x000000002000027f        0x1 ./CODE/menu.o
 .sbss.gyro_z   0x0000000020000280        0x4 ./CODE/topicm.o
                0x0000000020000280                gyro_z
 .sbss.gyro_c   0x0000000020000284        0x4 ./CODE/topicm.o
                0x0000000020000284                gyro_c
 .sbss.x_last.6057
                0x0000000020000288        0x4 ./CODE/topicm.o
 .sbss.p_last.6060
                0x000000002000028c        0x4 ./CODE/topicm.o
 .sbss.__malloc_free_list
                0x0000000020000290        0x4 d:/mounriver_/mounriver_studio/toolchain/risc-v embedded gcc/bin/../lib/gcc/riscv-none-embed/8.2.0/../../../../riscv-none-embed/lib/rv32imac/ilp32\libg_nano.a(lib_a-nano-mallocr.o)
                0x0000000020000290                __malloc_free_list
 .sbss.__malloc_sbrk_start
                0x0000000020000294        0x4 d:/mounriver_/mounriver_studio/toolchain/risc-v embedded gcc/bin/../lib/gcc/riscv-none-embed/8.2.0/../../../../riscv-none-embed/lib/rv32imac/ilp32\libg_nano.a(lib_a-nano-mallocr.o)
                0x0000000020000294                __malloc_sbrk_start
 .sbss.heap_end.1518
                0x0000000020000298        0x4 d:/mounriver_/mounriver_studio/toolchain/risc-v embedded gcc/bin/../lib/gcc/riscv-none-embed/8.2.0/../../../../riscv-none-embed/lib/rv32imac/ilp32\libnosys.a(sbrk.o)
 *(.gnu.linkonce.sb.*)
 *(.bss*)
 .bss.irq_status
                0x000000002000029c        0xc ./Libraries/seekfree_libraries/common.o
                0x000000002000029c                irq_status
 *(.gnu.linkonce.b.*)
 *(COMMON*)
 COMMON         0x00000000200002a8        0xc ./Libraries/seekfree_peripheral/SEEKFREE_MPU6050.o
                0x00000000200002a8                mpu_gyro_x
                0x00000000200002aa                mpu_acc_x
                0x00000000200002ac                mpu_acc_y
                0x00000000200002ae                mpu_gyro_z
                0x00000000200002b0                mpu_acc_z
                0x00000000200002b2                mpu_gyro_y
 COMMON         0x00000000200002b4      0x12c ./CODE/Control.o
                0x00000000200002b4                pid_position_X
                0x00000000200002d8                set_Speet_D_bc
                0x00000000200002dc                act_Speet_D_bc
                0x00000000200002e0                wheels
                0x00000000200002f4                Track_Line_Num
                0x00000000200002f6                UP_Speed
                0x00000000200002f8                send_up_speed
                0x0000000020000370                go_count
                0x0000000020000374                pid_position
                0x0000000020000398                PMAX
                0x000000002000039c                Last_Track_Line_Num
                0x00000000200003a0                Drange
                0x00000000200003a4                last_Foresight
                0x00000000200003ac                Prange
                0x00000000200003b0                curue_count
                0x00000000200003b4                DMAX
                0x00000000200003b8                ERRrange
                0x00000000200003bc                Last_GO_Speed
                0x00000000200003c0                IMAX
                0x00000000200003c4                Irange
                0x00000000200003c8                last_F_flag
                0x00000000200003ca                Wan_Speed
                0x00000000200003cc                ERRMAX
                0x00000000200003d0                last_dir
                0x00000000200003d4                e_Foresight
                0x00000000200003d8                k_curve
                0x00000000200003dc                E_Speet_D_bc
 COMMON         0x00000000200003e0      0x140 ./CODE/Flash.o
                0x00000000200003e0                read_buff
                0x0000000020000480                write_buff
 COMMON         0x0000000020000520       0x19 ./CODE/Get_deta.o
                0x0000000020000520                camera_buffer
                0x000000002000052c                temp_buff
                0x0000000020000537                uart_flag
                0x0000000020000538                show_flag
 COMMON         0x0000000020000539        0x1 ./CODE/Init.o
                0x0000000020000539                Skey_flag
 *fill*         0x000000002000053a        0x2 
 COMMON         0x000000002000053c       0xa0 ./CODE/Key.o
                0x000000002000053c                key_msg
 COMMON         0x00000000200005dc       0x88 ./CODE/Motor.o
                0x00000000200005dc                rf
                0x00000000200005e0                motor_4
                0x00000000200005fc                RF
                0x00000000200005fe                RB
                0x0000000020000600                LB
                0x0000000020000602                rb
                0x0000000020000604                lf
                0x0000000020000608                motor_2
                0x0000000020000624                LF
                0x0000000020000628                motor_3
                0x0000000020000644                lb
                0x0000000020000648                motor_1
 COMMON         0x0000000020000664        0x4 d:/mounriver_/mounriver_studio/toolchain/risc-v embedded gcc/bin/../lib/gcc/riscv-none-embed/8.2.0/../../../../riscv-none-embed/lib/rv32imac/ilp32\libg_nano.a(lib_a-reent.o)
                0x0000000020000664                errno
                0x0000000020000668                . = ALIGN (0x4)
                0x0000000020000668                PROVIDE (_ebss = .)
                [!provide]                        PROVIDE (_end = _ebss)
                0x0000000020000668                PROVIDE (end = .)

.stack          0x0000000020004800      0x800
                0x0000000020004800                . = ALIGN (0x4)
                [!provide]                        PROVIDE (_susrstack = .)
                0x0000000020005000                . = (. + __stack_size)
 *fill*         0x0000000020004800      0x800 
                0x0000000020005000                PROVIDE (_eusrstack = .)
OUTPUT(FIrelock _M_turn.elf elf32-littleriscv)

.debug_info     0x0000000000000000    0x27558
 .debug_info    0x0000000000000000     0x1704 ./USER/isr.o
 .debug_info    0x0000000000001704     0x143a ./USER/main.o
 .debug_info    0x0000000000002b3e       0x22 ./Libraries/wch_libraries/Startup/startup_ch32v10x.o
 .debug_info    0x0000000000002b60      0x8e7 ./Libraries/wch_libraries/Peripheral/ch32v10x_flash.o
 .debug_info    0x0000000000003447      0x6e7 ./Libraries/wch_libraries/Peripheral/ch32v10x_gpio.o
 .debug_info    0x0000000000003b2e      0x529 ./Libraries/wch_libraries/Peripheral/ch32v10x_misc.o
 .debug_info    0x0000000000004057      0x8d8 ./Libraries/wch_libraries/Peripheral/ch32v10x_rcc.o
 .debug_info    0x000000000000492f      0x94f ./Libraries/wch_libraries/Peripheral/ch32v10x_spi.o
 .debug_info    0x000000000000527e     0x1dcc ./Libraries/wch_libraries/Peripheral/ch32v10x_tim.o
 .debug_info    0x000000000000704a      0xa42 ./Libraries/wch_libraries/Peripheral/ch32v10x_usart.o
 .debug_info    0x0000000000007a8c     0x14ce ./Libraries/seekfree_peripheral/SEEKFREE_ABSOLUTE_ENCODER.o
 .debug_info    0x0000000000008f5a      0xb1d ./Libraries/seekfree_peripheral/SEEKFREE_FONT.o
 .debug_info    0x0000000000009a77     0x10de ./Libraries/seekfree_peripheral/SEEKFREE_IIC.o
 .debug_info    0x000000000000ab55      0xb4b ./Libraries/seekfree_peripheral/SEEKFREE_MPU6050.o
 .debug_info    0x000000000000b6a0     0x15b5 ./Libraries/seekfree_peripheral/SEEKFREE_OLED.o
 .debug_info    0x000000000000cc55      0xd53 ./Libraries/seekfree_peripheral/SEEKFREE_PRINTF.o
 .debug_info    0x000000000000d9a8      0xa36 ./Libraries/seekfree_libraries/common.o
 .debug_info    0x000000000000e3de      0xcbb ./Libraries/seekfree_libraries/zf_flash.o
 .debug_info    0x000000000000f099     0x115c ./Libraries/seekfree_libraries/zf_gpio.o
 .debug_info    0x00000000000101f5      0xeb8 ./Libraries/seekfree_libraries/zf_nvic.o
 .debug_info    0x00000000000110ad      0xf30 ./Libraries/seekfree_libraries/zf_pit.o
 .debug_info    0x0000000000011fdd     0x1455 ./Libraries/seekfree_libraries/zf_pwm.o
 .debug_info    0x0000000000013432     0x1201 ./Libraries/seekfree_libraries/zf_qtimer.o
 .debug_info    0x0000000000014633     0x11e5 ./Libraries/seekfree_libraries/zf_spi.o
 .debug_info    0x0000000000015818      0xb7c ./Libraries/seekfree_libraries/zf_systick.o
 .debug_info    0x0000000000016394     0x12cd ./Libraries/seekfree_libraries/zf_uart.o
 .debug_info    0x0000000000017661      0xcc0 ./Libraries/board/board.o
 .debug_info    0x0000000000018321      0x25f ./Libraries/board/clock_config.o
 .debug_info    0x0000000000018580     0x1b2c ./CODE/Control.o
 .debug_info    0x000000000001a0ac     0x1569 ./CODE/Flash.o
 .debug_info    0x000000000001b615     0x157e ./CODE/Get_deta.o
 .debug_info    0x000000000001cb93     0x19f8 ./CODE/Init.o
 .debug_info    0x000000000001e58b     0x1a64 ./CODE/Key.o
 .debug_info    0x000000000001ffef     0x16e8 ./CODE/Motor.o
 .debug_info    0x00000000000216d7     0x18e4 ./CODE/PIDcontrol.o
 .debug_info    0x0000000000022fbb     0x1735 ./CODE/encode.o
 .debug_info    0x00000000000246f0     0x1896 ./CODE/menu.o
 .debug_info    0x0000000000025f86     0x15d2 ./CODE/topicm.o

.debug_abbrev   0x0000000000000000     0x5a64
 .debug_abbrev  0x0000000000000000      0x266 ./USER/isr.o
 .debug_abbrev  0x0000000000000266      0x23b ./USER/main.o
 .debug_abbrev  0x00000000000004a1       0x12 ./Libraries/wch_libraries/Startup/startup_ch32v10x.o
 .debug_abbrev  0x00000000000004b3      0x1f6 ./Libraries/wch_libraries/Peripheral/ch32v10x_flash.o
 .debug_abbrev  0x00000000000006a9      0x1c7 ./Libraries/wch_libraries/Peripheral/ch32v10x_gpio.o
 .debug_abbrev  0x0000000000000870      0x18c ./Libraries/wch_libraries/Peripheral/ch32v10x_misc.o
 .debug_abbrev  0x00000000000009fc      0x1ef ./Libraries/wch_libraries/Peripheral/ch32v10x_rcc.o
 .debug_abbrev  0x0000000000000beb      0x19e ./Libraries/wch_libraries/Peripheral/ch32v10x_spi.o
 .debug_abbrev  0x0000000000000d89      0x1c9 ./Libraries/wch_libraries/Peripheral/ch32v10x_tim.o
 .debug_abbrev  0x0000000000000f52      0x19e ./Libraries/wch_libraries/Peripheral/ch32v10x_usart.o
 .debug_abbrev  0x00000000000010f0      0x2ed ./Libraries/seekfree_peripheral/SEEKFREE_ABSOLUTE_ENCODER.o
 .debug_abbrev  0x00000000000013dd      0x204 ./Libraries/seekfree_peripheral/SEEKFREE_FONT.o
 .debug_abbrev  0x00000000000015e1      0x343 ./Libraries/seekfree_peripheral/SEEKFREE_IIC.o
 .debug_abbrev  0x0000000000001924      0x247 ./Libraries/seekfree_peripheral/SEEKFREE_MPU6050.o
 .debug_abbrev  0x0000000000001b6b      0x344 ./Libraries/seekfree_peripheral/SEEKFREE_OLED.o
 .debug_abbrev  0x0000000000001eaf      0x2bf ./Libraries/seekfree_peripheral/SEEKFREE_PRINTF.o
 .debug_abbrev  0x000000000000216e      0x1e7 ./Libraries/seekfree_libraries/common.o
 .debug_abbrev  0x0000000000002355      0x28e ./Libraries/seekfree_libraries/zf_flash.o
 .debug_abbrev  0x00000000000025e3      0x2c2 ./Libraries/seekfree_libraries/zf_gpio.o
 .debug_abbrev  0x00000000000028a5      0x2b8 ./Libraries/seekfree_libraries/zf_nvic.o
 .debug_abbrev  0x0000000000002b5d      0x297 ./Libraries/seekfree_libraries/zf_pit.o
 .debug_abbrev  0x0000000000002df4      0x2d0 ./Libraries/seekfree_libraries/zf_pwm.o
 .debug_abbrev  0x00000000000030c4      0x29a ./Libraries/seekfree_libraries/zf_qtimer.o
 .debug_abbrev  0x000000000000335e      0x293 ./Libraries/seekfree_libraries/zf_spi.o
 .debug_abbrev  0x00000000000035f1      0x255 ./Libraries/seekfree_libraries/zf_systick.o
 .debug_abbrev  0x0000000000003846      0x2c7 ./Libraries/seekfree_libraries/zf_uart.o
 .debug_abbrev  0x0000000000003b0d      0x280 ./Libraries/board/board.o
 .debug_abbrev  0x0000000000003d8d       0xe8 ./Libraries/board/clock_config.o
 .debug_abbrev  0x0000000000003e75      0x325 ./CODE/Control.o
 .debug_abbrev  0x000000000000419a      0x264 ./CODE/Flash.o
 .debug_abbrev  0x00000000000043fe      0x288 ./CODE/Get_deta.o
 .debug_abbrev  0x0000000000004686      0x287 ./CODE/Init.o
 .debug_abbrev  0x000000000000490d      0x320 ./CODE/Key.o
 .debug_abbrev  0x0000000000004c2d      0x2d6 ./CODE/Motor.o
 .debug_abbrev  0x0000000000004f03      0x344 ./CODE/PIDcontrol.o
 .debug_abbrev  0x0000000000005247      0x255 ./CODE/encode.o
 .debug_abbrev  0x000000000000549c      0x300 ./CODE/menu.o
 .debug_abbrev  0x000000000000579c      0x2c8 ./CODE/topicm.o

.debug_aranges  0x0000000000000000      0xf10
 .debug_aranges
                0x0000000000000000       0x28 ./USER/isr.o
 .debug_aranges
                0x0000000000000028       0x20 ./USER/main.o
 .debug_aranges
                0x0000000000000048       0x30 ./Libraries/wch_libraries/Startup/startup_ch32v10x.o
 .debug_aranges
                0x0000000000000078      0x128 ./Libraries/wch_libraries/Peripheral/ch32v10x_flash.o
 .debug_aranges
                0x00000000000001a0       0xa0 ./Libraries/wch_libraries/Peripheral/ch32v10x_gpio.o
 .debug_aranges
                0x0000000000000240       0x40 ./Libraries/wch_libraries/Peripheral/ch32v10x_misc.o
 .debug_aranges
                0x0000000000000280      0x118 ./Libraries/wch_libraries/Peripheral/ch32v10x_rcc.o
 .debug_aranges
                0x0000000000000398       0xd0 ./Libraries/wch_libraries/Peripheral/ch32v10x_spi.o
 .debug_aranges
                0x0000000000000468      0x2f0 ./Libraries/wch_libraries/Peripheral/ch32v10x_tim.o
 .debug_aranges
                0x0000000000000758      0x100 ./Libraries/wch_libraries/Peripheral/ch32v10x_usart.o
 .debug_aranges
                0x0000000000000858       0x80 ./Libraries/seekfree_peripheral/SEEKFREE_ABSOLUTE_ENCODER.o
 .debug_aranges
                0x00000000000008d8       0x18 ./Libraries/seekfree_peripheral/SEEKFREE_FONT.o
 .debug_aranges
                0x00000000000008f0       0x78 ./Libraries/seekfree_peripheral/SEEKFREE_IIC.o
 .debug_aranges
                0x0000000000000968       0x38 ./Libraries/seekfree_peripheral/SEEKFREE_MPU6050.o
 .debug_aranges
                0x00000000000009a0       0xa8 ./Libraries/seekfree_peripheral/SEEKFREE_OLED.o
 .debug_aranges
                0x0000000000000a48       0x30 ./Libraries/seekfree_peripheral/SEEKFREE_PRINTF.o
 .debug_aranges
                0x0000000000000a78       0x18 ./Libraries/seekfree_libraries/common.o
 .debug_aranges
                0x0000000000000a90       0x38 ./Libraries/seekfree_libraries/zf_flash.o
 .debug_aranges
                0x0000000000000ac8       0x40 ./Libraries/seekfree_libraries/zf_gpio.o
 .debug_aranges
                0x0000000000000b08       0x40 ./Libraries/seekfree_libraries/zf_nvic.o
 .debug_aranges
                0x0000000000000b48       0x28 ./Libraries/seekfree_libraries/zf_pit.o
 .debug_aranges
                0x0000000000000b70       0x40 ./Libraries/seekfree_libraries/zf_pwm.o
 .debug_aranges
                0x0000000000000bb0       0x30 ./Libraries/seekfree_libraries/zf_qtimer.o
 .debug_aranges
                0x0000000000000be0       0x30 ./Libraries/seekfree_libraries/zf_spi.o
 .debug_aranges
                0x0000000000000c10       0x30 ./Libraries/seekfree_libraries/zf_systick.o
 .debug_aranges
                0x0000000000000c40       0x58 ./Libraries/seekfree_libraries/zf_uart.o
 .debug_aranges
                0x0000000000000c98       0x28 ./Libraries/board/board.o
 .debug_aranges
                0x0000000000000cc0       0x28 ./Libraries/board/clock_config.o
 .debug_aranges
                0x0000000000000ce8       0x38 ./CODE/Control.o
 .debug_aranges
                0x0000000000000d20       0x28 ./CODE/Flash.o
 .debug_aranges
                0x0000000000000d48       0x20 ./CODE/Get_deta.o
 .debug_aranges
                0x0000000000000d68       0x30 ./CODE/Init.o
 .debug_aranges
                0x0000000000000d98       0x48 ./CODE/Key.o
 .debug_aranges
                0x0000000000000de0       0x30 ./CODE/Motor.o
 .debug_aranges
                0x0000000000000e10       0x58 ./CODE/PIDcontrol.o
 .debug_aranges
                0x0000000000000e68       0x28 ./CODE/encode.o
 .debug_aranges
                0x0000000000000e90       0x58 ./CODE/menu.o
 .debug_aranges
                0x0000000000000ee8       0x28 ./CODE/topicm.o

.debug_ranges   0x0000000000000000      0xca8
 .debug_ranges  0x0000000000000000       0x18 ./USER/isr.o
 .debug_ranges  0x0000000000000018       0x10 ./USER/main.o
 .debug_ranges  0x0000000000000028       0x28 ./Libraries/wch_libraries/Startup/startup_ch32v10x.o
 .debug_ranges  0x0000000000000050      0x118 ./Libraries/wch_libraries/Peripheral/ch32v10x_flash.o