Archive member included to satisfy reference by file (symbol)

d:/mounriver_studio/toolchain/risc-v embedded gcc/bin/../lib/gcc/riscv-none-embed/8.2.0/rv32imac/ilp32\libgcc.a(adddf3.o)
                              ./CODE/Control.o (__adddf3)
d:/mounriver_studio/toolchain/risc-v embedded gcc/bin/../lib/gcc/riscv-none-embed/8.2.0/rv32imac/ilp32\libgcc.a(divdf3.o)
                              ./CODE/encode.o (__divdf3)
d:/mounriver_studio/toolchain/risc-v embedded gcc/bin/../lib/gcc/riscv-none-embed/8.2.0/rv32imac/ilp32\libgcc.a(eqdf2.o)
                              ./Libraries/seekfree_peripheral/SEEKFREE_PRINTF.o (__nedf2)
d:/mounriver_studio/toolchain/risc-v embedded gcc/bin/../lib/gcc/riscv-none-embed/8.2.0/rv32imac/ilp32\libgcc.a(ledf2.o)
                              ./Libraries/seekfree_peripheral/SEEKFREE_OLED.o (__ltdf2)
d:/mounriver_studio/toolchain/risc-v embedded gcc/bin/../lib/gcc/riscv-none-embed/8.2.0/rv32imac/ilp32\libgcc.a(muldf3.o)
                              ./Libraries/seekfree_peripheral/SEEKFREE_PRINTF.o (__muldf3)
d:/mounriver_studio/toolchain/risc-v embedded gcc/bin/../lib/gcc/riscv-none-embed/8.2.0/rv32imac/ilp32\libgcc.a(subdf3.o)
                              ./Libraries/seekfree_peripheral/SEEKFREE_PRINTF.o (__subdf3)
d:/mounriver_studio/toolchain/risc-v embedded gcc/bin/../lib/gcc/riscv-none-embed/8.2.0/rv32imac/ilp32\libgcc.a(fixdfsi.o)
                              ./Libraries/seekfree_peripheral/SEEKFREE_PRINTF.o (__fixdfsi)
d:/mounriver_studio/toolchain/risc-v embedded gcc/bin/../lib/gcc/riscv-none-embed/8.2.0/rv32imac/ilp32\libgcc.a(floatsidf.o)
                              ./Libraries/seekfree_peripheral/SEEKFREE_PRINTF.o (__floatsidf)
d:/mounriver_studio/toolchain/risc-v embedded gcc/bin/../lib/gcc/riscv-none-embed/8.2.0/rv32imac/ilp32\libgcc.a(addsf3.o)
                              ./CODE/Control.o (__addsf3)
d:/mounriver_studio/toolchain/risc-v embedded gcc/bin/../lib/gcc/riscv-none-embed/8.2.0/rv32imac/ilp32\libgcc.a(divsf3.o)
                              ./CODE/PIDcontrol.o (__divsf3)
d:/mounriver_studio/toolchain/risc-v embedded gcc/bin/../lib/gcc/riscv-none-embed/8.2.0/rv32imac/ilp32\libgcc.a(gesf2.o)
                              ./CODE/PIDcontrol.o (__gesf2)
d:/mounriver_studio/toolchain/risc-v embedded gcc/bin/../lib/gcc/riscv-none-embed/8.2.0/rv32imac/ilp32\libgcc.a(lesf2.o)
                              ./CODE/PIDcontrol.o (__ltsf2)
d:/mounriver_studio/toolchain/risc-v embedded gcc/bin/../lib/gcc/riscv-none-embed/8.2.0/rv32imac/ilp32\libgcc.a(mulsf3.o)
                              ./CODE/Control.o (__mulsf3)
d:/mounriver_studio/toolchain/risc-v embedded gcc/bin/../lib/gcc/riscv-none-embed/8.2.0/rv32imac/ilp32\libgcc.a(subsf3.o)
                              ./CODE/Control.o (__subsf3)
d:/mounriver_studio/toolchain/risc-v embedded gcc/bin/../lib/gcc/riscv-none-embed/8.2.0/rv32imac/ilp32\libgcc.a(fixsfsi.o)
                              ./CODE/Motor.o (__fixsfsi)
d:/mounriver_studio/toolchain/risc-v embedded gcc/bin/../lib/gcc/riscv-none-embed/8.2.0/rv32imac/ilp32\libgcc.a(floatsisf.o)
                              ./CODE/Control.o (__floatsisf)
d:/mounriver_studio/toolchain/risc-v embedded gcc/bin/../lib/gcc/riscv-none-embed/8.2.0/rv32imac/ilp32\libgcc.a(extendsfdf2.o)
                              ./CODE/Control.o (__extendsfdf2)
d:/mounriver_studio/toolchain/risc-v embedded gcc/bin/../lib/gcc/riscv-none-embed/8.2.0/rv32imac/ilp32\libgcc.a(_clzsi2.o)
                              d:/mounriver_studio/toolchain/risc-v embedded gcc/bin/../lib/gcc/riscv-none-embed/8.2.0/rv32imac/ilp32\libgcc.a(adddf3.o) (__clzsi2)
d:/mounriver_studio/toolchain/risc-v embedded gcc/bin/../lib/gcc/riscv-none-embed/8.2.0/rv32imac/ilp32\libgcc.a(_clz.o)
                              d:/mounriver_studio/toolchain/risc-v embedded gcc/bin/../lib/gcc/riscv-none-embed/8.2.0/rv32imac/ilp32\libgcc.a(_clzsi2.o) (__clz_tab)
d:/mounriver_studio/toolchain/risc-v embedded gcc/bin/../lib/gcc/riscv-none-embed/8.2.0/../../../../riscv-none-embed/lib/rv32imac/ilp32\libg_nano.a(lib_a-assert.o)
                              ./Libraries/seekfree_peripheral/SEEKFREE_OLED.o (__assert_func)
d:/mounriver_studio/toolchain/risc-v embedded gcc/bin/../lib/gcc/riscv-none-embed/8.2.0/../../../../riscv-none-embed/lib/rv32imac/ilp32\libg_nano.a(lib_a-fprintf.o)
                              d:/mounriver_studio/toolchain/risc-v embedded gcc/bin/../lib/gcc/riscv-none-embed/8.2.0/../../../../riscv-none-embed/lib/rv32imac/ilp32\libg_nano.a(lib_a-assert.o) (fiprintf)
d:/mounriver_studio/toolchain/risc-v embedded gcc/bin/../lib/gcc/riscv-none-embed/8.2.0/../../../../riscv-none-embed/lib/rv32imac/ilp32\libg_nano.a(lib_a-impure.o)
                              d:/mounriver_studio/toolchain/risc-v embedded gcc/bin/../lib/gcc/riscv-none-embed/8.2.0/../../../../riscv-none-embed/lib/rv32imac/ilp32\libg_nano.a(lib_a-assert.o) (_impure_ptr)
[...]
Memory Configuration

Name             Origin             Length             Attributes
FLASH            0x0000000000000000 0x0000000000010000 xr
RAM              0x0000000020000000 0x0000000000005000 xrw
*default*        0x0000000000000000 0xffffffffffffffff

Linker script and memory map

LOAD ./USER/isr.o
LOAD ./USER/main.o
LOAD ./Libraries/wch_libraries/Startup/startup_ch32v10x.o
LOAD ./Libraries/wch_libraries/Peripheral/ch32v10x_adc.o
LOAD ./Libraries/wch_libraries/Peripheral/ch32v10x_bkp.o
LOAD ./Libraries/wch_libraries/Peripheral/ch32v10x_crc.o
LOAD ./Libraries/wch_libraries/Peripheral/ch32v10x_dbgmcu.o
LOAD ./Libraries/wch_libraries/Peripheral/ch32v10x_dma.o
LOAD ./Libraries/wch_libraries/Peripheral/ch32v10x_exti.o
LOAD ./Libraries/wch_libraries/Peripheral/ch32v10x_flash.o
LOAD ./Libraries/wch_libraries/Peripheral/ch32v10x_gpio.o
LOAD ./Libraries/wch_libraries/Peripheral/ch32v10x_i2c.o
LOAD ./Libraries/wch_libraries/Peripheral/ch32v10x_iwdg.o
LOAD ./Libraries/wch_libraries/Peripheral/ch32v10x_misc.o
LOAD ./Libraries/wch_libraries/Peripheral/ch32v10x_pwr.o
LOAD ./Libraries/wch_libraries/Peripheral/ch32v10x_rcc.o
LOAD ./Libraries/wch_libraries/Peripheral/ch32v10x_rtc.o
LOAD ./Libraries/wch_libraries/Peripheral/ch32v10x_spi.o
LOAD ./Libraries/wch_libraries/Peripheral/ch32v10x_tim.o
LOAD ./Libraries/wch_libraries/Peripheral/ch32v10x_usart.o
LOAD ./Libraries/wch_libraries/Peripheral/ch32v10x_usb.o
LOAD ./Libraries/wch_libraries/Peripheral/ch32v10x_usb_host.o
LOAD ./Libraries/wch_libraries/Peripheral/ch32v10x_wwdg.o
LOAD ./Libraries/wch_libraries/Core/core_riscv.o
LOAD ./Libraries/seekfree_peripheral/SEEKFREE_ABSOLUTE_ENCODER.o
LOAD ./Libraries/seekfree_peripheral/SEEKFREE_FONT.o
LOAD ./Libraries/seekfree_peripheral/SEEKFREE_ICM20602.o
LOAD ./Libraries/seekfree_peripheral/SEEKFREE_IIC.o
LOAD ./Libraries/seekfree_peripheral/SEEKFREE_MPU6050.o
LOAD ./Libraries/seekfree_peripheral/SEEKFREE_MT9V03X.o
LOAD ./Libraries/seekfree_peripheral/SEEKFREE_OLED.o
LOAD ./Libraries/seekfree_peripheral/SEEKFREE_PRINTF.o
LOAD ./Libraries/seekfree_peripheral/SEEKFREE_WIRELESS.o
LOAD ./Libraries/seekfree_libraries/common.o
LOAD ./Libraries/seekfree_libraries/misc.o
LOAD ./Libraries/seekfree_libraries/zf_adc.o
LOAD ./Libraries/seekfree_libraries/zf_camera.o
LOAD ./Libraries/seekfree_libraries/zf_flash.o
LOAD ./Libraries/seekfree_libraries/zf_gpio.o
LOAD ./Libraries/seekfree_libraries/zf_nvic.o
LOAD ./Libraries/seekfree_libraries/zf_pit.o
LOAD ./Libraries/seekfree_libraries/zf_pwm.o
LOAD ./Libraries/seekfree_libraries/zf_qtimer.o
LOAD ./Libraries/seekfree_libraries/zf_spi.o
LOAD ./Libraries/seekfree_libraries/zf_systick.o
LOAD ./Libraries/seekfree_libraries/zf_uart.o
LOAD ./Libraries/board/board.o
LOAD ./Libraries/board/clock_config.o
LOAD ./CODE/Control.o
LOAD ./CODE/Flash.o
LOAD ./CODE/Get_deta.o
LOAD ./CODE/Init.o
LOAD ./CODE/Key.o
LOAD ./CODE/Motor.o
LOAD ./CODE/PIDcontrol.o
LOAD ./CODE/encode.o
LOAD ./CODE/menu.o
LOAD ./CODE/topicm.o
LOAD d:/mounriver_studio/toolchain/risc-v embedded gcc/bin/../lib/gcc/riscv-none-embed/8.2.0/rv32imac/ilp32\libgcc.a
LOAD d:/mounriver_studio/toolchain/risc-v embedded gcc/bin/../lib/gcc/riscv-none-embed/8.2.0/../../../../riscv-none-embed/lib/rv32imac/ilp32\libg_nano.a
LOAD d:/mounriver_studio/toolchain/risc-v embedded gcc/bin/../lib/gcc/riscv-none-embed/8.2.0/../../../../riscv-none-embed/lib/rv32imac/ilp32\libc_nano.a
LOAD d:/mounriver_studio/toolchain/risc-v embedded gcc/bin/../lib/gcc/riscv-none-embed/8.2.0/rv32imac/ilp32\libgcc.a
START GROUP
LOAD d:/mounriver_studio/toolchain/risc-v embedded gcc/bin/../lib/gcc/riscv-none-embed/8.2.0/rv32imac/ilp32\libgcc.a
LOAD d:/mounriver_studio/toolchain/risc-v embedded gcc/bin/../lib/gcc/riscv-none-embed/8.2.0/../../../../riscv-none-embed/lib/rv32imac/ilp32\libc_nano.a
LOAD d:/mounriver_studio/toolchain/risc-v embedded gcc/bin/../lib/gcc/riscv-none-embed/8.2.0/../../../../riscv-none-embed/lib/rv32imac/ilp32\libnosys.a
END GROUP
START GROUP
LOAD d:/mounriver_studio/toolchain/risc-v embedded gcc/bin/../lib/gcc/riscv-none-embed/8.2.0/rv32imac/ilp32\libgcc.a
LOAD d:/mounriver_studio/toolchain/risc-v embedded gcc/bin/../lib/gcc/riscv-none-embed/8.2.0/../../../../riscv-none-embed/lib/rv32imac/ilp32\libc_nano.a
LOAD d:/mounriver_studio/toolchain/risc-v embedded gcc/bin/../lib/gcc/riscv-none-embed/8.2.0/../../../../riscv-none-embed/lib/rv32imac/ilp32\libnosys.a
END GROUP
                0x0000000000000800                __stack_size = 0x800
                [!provide]                        PROVIDE (_stack_size = __stack_size)

.init           0x0000000000000000       0x38
                0x0000000000000000                _sinit = .
                0x0000000000000000                . = ALIGN (0x4)
 *(SORT_NONE(.init))
 .init          0x0000000000000000       0x38 ./Libraries/wch_libraries/Startup/startup_ch32v10x.o
                0x0000000000000000                _start
                0x0000000000000038                . = ALIGN (0x4)
                0x0000000000000038                _einit = .

.vector         0x0000000000000038      0x108
 *(.vector)
 .vector        0x0000000000000038       0xf0 ./Libraries/wch_libraries/Startup/startup_ch32v10x.o
                0x0000000000000140                . = ALIGN (0x40)
 *fill*         0x0000000000000128       0x18 

.text           0x0000000000000140     0x9db8
                0x0000000000000140                . = ALIGN (0x4)
 *(.text)
 .text          0x0000000000000140       0xa8 d:/mounriver_studio/toolchain/risc-v embedded gcc/bin/../lib/gcc/riscv-none-embed/8.2.0/../../../../riscv-none-embed/lib/rv32imac/ilp32\libg_nano.a(lib_a-memset.o)
                0x0000000000000140                memset
 *(.text.*)
 .text.TIM3_IRQHandler
                0x00000000000001e8       0xee ./USER/isr.o
                0x00000000000001e8                TIM3_IRQHandler
 .text.TIM4_IRQHandler
                0x00000000000002d6       0x30 ./USER/isr.o
                0x00000000000002d6                TIM4_IRQHandler
 .text.USART1_IRQHandler
                0x0000000000000306       0x10 ./USER/isr.o
                0x0000000000000306                USART1_IRQHandler
 .text.USART2_IRQHandler
                0x0000000000000316       0x1a ./USER/isr.o
                0x0000000000000316                USART2_IRQHandler
 .text.USART3_IRQHandler
                0x0000000000000330       0x10 ./USER/isr.o
                0x0000000000000330                USART3_IRQHandler
 .text.DMA1_Channel4_IRQHandler
                0x0000000000000340       0x10 ./USER/isr.o
                0x0000000000000340                DMA1_Channel4_IRQHandler
 .text.NMI_Handler
                0x0000000000000350       0x10 ./USER/isr.o
                0x0000000000000350                NMI_Handler
 .text.HardFault_Handler
                0x0000000000000360        0x8 ./USER/isr.o
                0x0000000000000360                HardFault_Handler
 .text.main     0x0000000000000368      0x108 ./USER/main.o
                0x0000000000000368                main
 .text.handle_reset
                0x0000000000000470       0x7a ./Libraries/wch_libraries/Startup/startup_ch32v10x.o
                0x0000000000000470                handle_reset
 .text.GPIO_Init
                0x00000000000004ea      0x22a ./Libraries/wch_libraries/Peripheral/ch32v10x_gpio.o
                0x00000000000004ea                GPIO_Init
 .text.GPIO_WriteBit
                0x0000000000000714       0x38 ./Libraries/wch_libraries/Peripheral/ch32v10x_gpio.o
                0x0000000000000714                GPIO_WriteBit
 .text.GPIO_PinRemapConfig
                0x000000000000074c      0x13c ./Libraries/wch_libraries/Peripheral/ch32v10x_gpio.o
                0x000000000000074c                GPIO_PinRemapConfig
 .text.NVIC_EnableIRQ
                0x0000000000000888       0x32 ./Libraries/wch_libraries/Peripheral/ch32v10x_misc.o
 .text.NVIC_DisableIRQ
                0x00000000000008ba       0x32 ./Libraries/wch_libraries/Peripheral/ch32v10x_misc.o
 .text.NVIC_SetPriority
                0x00000000000008ec       0x2a ./Libraries/wch_libraries/Peripheral/ch32v10x_misc.o
 .text.NVIC_Init
                0x0000000000000916      0x226 ./Libraries/wch_libraries/Peripheral/ch32v10x_misc.o
                0x0000000000000916                NVIC_Init
 .text.RCC_GetClocksFreq
                0x0000000000000b3c      0x21a ./Libraries/wch_libraries/Peripheral/ch32v10x_rcc.o
                0x0000000000000b3c                RCC_GetClocksFreq
 .text.RCC_APB2PeriphClockCmd
                0x0000000000000d56       0x46 ./Libraries/wch_libraries/Peripheral/ch32v10x_rcc.o
                0x0000000000000d56                RCC_APB2PeriphClockCmd
 .text.RCC_APB1PeriphClockCmd
                0x0000000000000d9c       0x46 ./Libraries/wch_libraries/Peripheral/ch32v10x_rcc.o
                0x0000000000000d9c                RCC_APB1PeriphClockCmd
 .text.SPI_Init
                0x0000000000000de2       0xf8 ./Libraries/wch_libraries/Peripheral/ch32v10x_spi.o
                0x0000000000000de2                SPI_Init
 .text.SPI_Cmd  0x0000000000000eda       0x5a ./Libraries/wch_libraries/Peripheral/ch32v10x_spi.o
                0x0000000000000eda                SPI_Cmd
 .text.TIM_TimeBaseInit
                0x0000000000000f34       0xfa ./Libraries/wch_libraries/Peripheral/ch32v10x_tim.o
                0x0000000000000f34                TIM_TimeBaseInit
 .text.TIM_OC1Init
                0x000000000000102e      0x170 ./Libraries/wch_libraries/Peripheral/ch32v10x_tim.o
                0x000000000000102e                TIM_OC1Init
 .text.TIM_OC2Init
                0x000000000000119e      0x1b6 ./Libraries/wch_libraries/Peripheral/ch32v10x_tim.o
                0x000000000000119e                TIM_OC2Init
 .text.TIM_OC3Init
                0x0000000000001354      0x1b0 ./Libraries/wch_libraries/Peripheral/ch32v10x_tim.o
                0x0000000000001354                TIM_OC3Init
 .text.TIM_OC4Init
                0x0000000000001504      0x14a ./Libraries/wch_libraries/Peripheral/ch32v10x_tim.o
                0x0000000000001504                TIM_OC4Init
 .text.TIM_Cmd  0x000000000000164e       0x58 ./Libraries/wch_libraries/Peripheral/ch32v10x_tim.o
                0x000000000000164e                TIM_Cmd
 .text.TIM_CtrlPWMOutputs
                0x00000000000016a6       0x60 ./Libraries/wch_libraries/Peripheral/ch32v10x_tim.o
                0x00000000000016a6                TIM_CtrlPWMOutputs
 .text.TIM_ITConfig
                0x0000000000001706       0x70 ./Libraries/wch_libraries/Peripheral/ch32v10x_tim.o
                0x0000000000001706                TIM_ITConfig
 .text.TIM_OC1PreloadConfig
                0x0000000000001776       0x4c ./Libraries/wch_libraries/Peripheral/ch32v10x_tim.o
                0x0000000000001776                TIM_OC1PreloadConfig
 .text.TIM_OC2PreloadConfig
                0x00000000000017c2       0x5a ./Libraries/wch_libraries/Peripheral/ch32v10x_tim.o
                0x00000000000017c2                TIM_OC2PreloadConfig
 .text.TIM_OC3PreloadConfig
                0x000000000000181c       0x4c ./Libraries/wch_libraries/Peripheral/ch32v10x_tim.o
                0x000000000000181c                TIM_OC3PreloadConfig
 .text.TIM_OC4PreloadConfig
                0x0000000000001868       0x5a ./Libraries/wch_libraries/Peripheral/ch32v10x_tim.o
                0x0000000000001868                TIM_OC4PreloadConfig
 .text.TIM_OC1FastConfig
                0x00000000000018c2       0x4c ./Libraries/wch_libraries/Peripheral/ch32v10x_tim.o
                0x00000000000018c2                TIM_OC1FastConfig
 .text.TIM_OC2FastConfig
                0x000000000000190e       0x56 ./Libraries/wch_libraries/Peripheral/ch32v10x_tim.o
                0x000000000000190e                TIM_OC2FastConfig
 .text.TIM_OC3FastConfig
                0x0000000000001964       0x4c ./Libraries/wch_libraries/Peripheral/ch32v10x_tim.o
                0x0000000000001964                TIM_OC3FastConfig
 .text.TIM_OC4FastConfig
                0x00000000000019b0       0x56 ./Libraries/wch_libraries/Peripheral/ch32v10x_tim.o
                0x00000000000019b0                TIM_OC4FastConfig
 .text.TIM_GetITStatus
                0x0000000000001a06       0x70 ./Libraries/wch_libraries/Peripheral/ch32v10x_tim.o
                0x0000000000001a06                TIM_GetITStatus
 .text.TIM_ClearITPendingBit
                0x0000000000001a76       0x2e ./Libraries/wch_libraries/Peripheral/ch32v10x_tim.o
                0x0000000000001a76                TIM_ClearITPendingBit
 .text.USART_Init
                0x0000000000001aa4      0x234 ./Libraries/wch_libraries/Peripheral/ch32v10x_usart.o
                0x0000000000001aa4                USART_Init
 .text.USART_Cmd
                0x0000000000001cd8       0x60 ./Libraries/wch_libraries/Peripheral/ch32v10x_usart.o
                0x0000000000001cd8                USART_Cmd
 .text.USART_ITConfig
                0x0000000000001d38       0xc4 ./Libraries/wch_libraries/Peripheral/ch32v10x_usart.o
                0x0000000000001d38                USART_ITConfig
 .text.USART_SendData
                0x0000000000001dfc       0x2e ./Libraries/wch_libraries/Peripheral/ch32v10x_usart.o
                0x0000000000001dfc                USART_SendData
 .text.USART_GetFlagStatus
                0x0000000000001e2a       0x46 ./Libraries/wch_libraries/Peripheral/ch32v10x_usart.o
                0x0000000000001e2a                USART_GetFlagStatus
 .text.spi_wr_byte
                0x0000000000001e70       0x30 ./Libraries/seekfree_peripheral/SEEKFREE_ABSOLUTE_ENCODER.o
                0x0000000000001e70                spi_wr_byte
 .text.encoder_spi_w_reg_byte
                0x0000000000001ea0      0x126 ./Libraries/seekfree_peripheral/SEEKFREE_ABSOLUTE_ENCODER.o
                0x0000000000001ea0                encoder_spi_w_reg_byte
 .text.encoder_spi_r_reg_byte
                0x0000000000001fc6      0x112 ./Libraries/seekfree_peripheral/SEEKFREE_ABSOLUTE_ENCODER.o
                0x0000000000001fc6                encoder_spi_r_reg_byte
 .text.set_zero_position_spi
                0x00000000000020d8       0x5e ./Libraries/seekfree_peripheral/SEEKFREE_ABSOLUTE_ENCODER.o
                0x00000000000020d8                set_zero_position_spi
 .text.encoder_self5_check
                0x0000000000002136       0x2e ./Libraries/seekfree_peripheral/SEEKFREE_ABSOLUTE_ENCODER.o
                0x0000000000002136                encoder_self5_check
 .text.encoder_init_spi
                0x0000000000002164       0x48 ./Libraries/seekfree_peripheral/SEEKFREE_ABSOLUTE_ENCODER.o
                0x0000000000002164                encoder_init_spi
 .text.icm_spi_w_reg_byte
                0x00000000000021ac       0x64 ./Libraries/seekfree_peripheral/SEEKFREE_ICM20602.o
                0x00000000000021ac                icm_spi_w_reg_byte
 .text.icm_spi_r_reg_byte
                0x0000000000002210       0x78 ./Libraries/seekfree_peripheral/SEEKFREE_ICM20602.o
                0x0000000000002210                icm_spi_r_reg_byte
 .text.icm20602_self3_check
                0x0000000000002288       0x38 ./Libraries/seekfree_peripheral/SEEKFREE_ICM20602.o
                0x0000000000002288                icm20602_self3_check
 .text.icm20602_init_spi
                0x00000000000022c0       0xa0 ./Libraries/seekfree_peripheral/SEEKFREE_ICM20602.o
                0x00000000000022c0                icm20602_init_spi
 .text.oled_wrdat
                0x0000000000002360       0xae ./Libraries/seekfree_peripheral/SEEKFREE_OLED.o
                0x0000000000002360                oled_wrdat
 .text.oled_wrcmd
                0x000000000000240e       0xae ./Libraries/seekfree_peripheral/SEEKFREE_OLED.o
                0x000000000000240e                oled_wrcmd
 .text.oled_hexascii
                0x00000000000024bc       0x7e ./Libraries/seekfree_peripheral/SEEKFREE_OLED.o
                0x00000000000024bc                oled_hexascii
 .text.oled_init
                0x000000000000253a      0x138 ./Libraries/seekfree_peripheral/SEEKFREE_OLED.o
                0x000000000000253a                oled_init
 .text.oled_set_pos
                0x0000000000002672       0x9a ./Libraries/seekfree_peripheral/SEEKFREE_OLED.o
                0x0000000000002672                oled_set_pos
 .text.oled_fill
                0x000000000000270c       0x6a ./Libraries/seekfree_peripheral/SEEKFREE_OLED.o
                0x000000000000270c                oled_fill
 .text.oled_p6x8str
                0x0000000000002776       0xd2 ./Libraries/seekfree_peripheral/SEEKFREE_OLED.o
                0x0000000000002776                oled_p6x8str
 .text.oled_uint16
                0x0000000000002848       0x4e ./Libraries/seekfree_peripheral/SEEKFREE_OLED.o
                0x0000000000002848                oled_uint16
 .text.oled_int16
                0x0000000000002896       0x9a ./Libraries/seekfree_peripheral/SEEKFREE_OLED.o
                0x0000000000002896                oled_int16
 .text.oled_printf_int32
                0x0000000000002930       0xe8 ./Libraries/seekfree_peripheral/SEEKFREE_OLED.o
                0x0000000000002930                oled_printf_int32
 .text.number_conversion_ascii
                0x0000000000002a18      0x11e ./Libraries/seekfree_peripheral/SEEKFREE_PRINTF.o
                0x0000000000002a18                number_conversion_ascii
 .text.printf_reverse_order
                0x0000000000002b36       0x88 ./Libraries/seekfree_peripheral/SEEKFREE_PRINTF.o
                0x0000000000002b36                printf_reverse_order
 .text.zf_sprintf
                0x0000000000002bbe      0x54a ./Libraries/seekfree_peripheral/SEEKFREE_PRINTF.o
                0x0000000000002bbe                zf_sprintf
 .text.gpio_init
                0x0000000000003108      0x1a4 ./Libraries/seekfree_libraries/zf_gpio.o
                0x0000000000003108                gpio_init
 .text.gpio_get
                0x00000000000032ac       0x56 ./Libraries/seekfree_libraries/zf_gpio.o
                0x00000000000032ac                gpio_get
 .text.nvic_init
                0x0000000000003302       0x98 ./Libraries/seekfree_libraries/zf_nvic.o
                0x0000000000003302                nvic_init
 .text.close_all_irq
                0x000000000000339a       0x22 ./Libraries/seekfree_libraries/zf_nvic.o
                0x000000000000339a                close_all_irq
 .text.timer_pit_interrupt_ms
                0x00000000000033bc      0x15e ./Libraries/seekfree_libraries/zf_pit.o
                0x00000000000033bc                timer_pit_interrupt_ms
 .text.pwm_gpio_init
                0x000000000000351a      0x364 ./Libraries/seekfree_libraries/zf_pwm.o
                0x000000000000351a                pwm_gpio_init
 .text.pwm_init
                0x000000000000387e      0x3c4 ./Libraries/seekfree_libraries/zf_pwm.o
                0x000000000000387e                pwm_init
 .text.pwm_duty
                0x0000000000003c42       0xf2 ./Libraries/seekfree_libraries/zf_pwm.o
                0x0000000000003c42                pwm_duty
 .text.spi_gpio_init
                0x0000000000003d34      0x18e ./Libraries/seekfree_libraries/zf_spi.o
                0x0000000000003d34                spi_gpio_init
 .text.spi_init
                0x0000000000003ec2      0x134 ./Libraries/seekfree_libraries/zf_spi.o
                0x0000000000003ec2                spi_init
 .text.spi_mosi
                0x0000000000003ff6       0xc2 ./Libraries/seekfree_libraries/zf_spi.o
                0x0000000000003ff6                spi_mosi
 .text.systick_delay
                0x00000000000040b8       0x70 ./Libraries/seekfree_libraries/zf_systick.o
                0x00000000000040b8                systick_delay
 .text.uart_gpio_init
                0x0000000000004128       0xec ./Libraries/seekfree_libraries/zf_uart.o
                0x0000000000004128                uart_gpio_init
 .text.uart_init
                0x0000000000004214       0xba ./Libraries/seekfree_libraries/zf_uart.o
                0x0000000000004214                uart_init
 .text.uart_rx_irq
                0x00000000000042ce       0x50 ./Libraries/seekfree_libraries/zf_uart.o
                0x00000000000042ce                uart_rx_irq
 .text.uart_getchar
                0x000000000000431e       0x5a ./Libraries/seekfree_libraries/zf_uart.o
                0x000000000000431e                uart_getchar
 .text.board_init
                0x0000000000004378       0x46 ./Libraries/board/board.o
                0x0000000000004378                board_init
 .text._write   0x00000000000043be       0x78 ./Libraries/board/board.o
                0x00000000000043be                _write
 .text.SetSysClock
                0x0000000000004436      0x140 ./Libraries/board/clock_config.o
 .text.SystemInit
                0x0000000000004576       0x7c ./Libraries/board/clock_config.o
                0x0000000000004576                SystemInit
 .text.Speed_caculation
                0x00000000000045f2      0x1fa ./CODE/Control.o
                0x00000000000045f2                Speed_caculation
 .text.main_control
                0x00000000000047ec      0x11e ./CODE/Control.o
                0x00000000000047ec                main_control
 .text.get_slave_data
                0x000000000000490a      0x10e ./CODE/Get_deta.o
                0x000000000000490a                get_slave_data
 .text.running  0x0000000000004a18       0x68 ./CODE/Init.o
                0x0000000000004a18                running
 .text.ccwheels
                0x0000000000004a80      0x21e ./CODE/Init.o
                0x0000000000004a80                ccwheels
 .text.key_init
                0x0000000000004c9e       0x78 ./CODE/Key.o
                0x0000000000004c9e                key_init
 .text.key_get  0x0000000000004d16       0x38 ./CODE/Key.o
                0x0000000000004d16                key_get
 .text.send_key_msg
                0x0000000000004d4e       0xa2 ./CODE/Key.o
                0x0000000000004d4e                send_key_msg
 .text.get_key_msg
                0x0000000000004df0       0xa0 ./CODE/Key.o
                0x0000000000004df0                get_key_msg
 .text.key_IRQHandler
                0x0000000000004e90      0x146 ./CODE/Key.o
                0x0000000000004e90                key_IRQHandler
 .text.Motor_spd
                0x0000000000004fd6      0x124 ./CODE/Motor.o
                0x0000000000004fd6                Motor_spd
 .text.PID_motor
                0x00000000000050fa      0x198 ./CODE/Motor.o
                0x00000000000050fa                PID_motor
 .text.motor_init
                0x0000000000005292       0x9e ./CODE/Motor.o
                0x0000000000005292                motor_init
 .text.MOTOR_PID
                0x0000000000005330      0x1c8 ./CODE/PIDcontrol.o
                0x0000000000005330                MOTOR_PID
 .text.PID_PositionClear
                0x00000000000054f8       0x40 ./CODE/PIDcontrol.o
                0x00000000000054f8                PID_PositionClear
 .text.PID_MotorClear
                0x0000000000005538       0x40 ./CODE/PIDcontrol.o
                0x0000000000005538                PID_MotorClear
 .text.PID_TurnClear
                0x0000000000005578       0x46 ./CODE/PIDcontrol.o
                0x0000000000005578                PID_TurnClear
 .text.Menu_player
                0x00000000000055be       0x18 ./CODE/menu.o
                0x00000000000055be                Menu_player
 .text.Menu_Getsign
                0x00000000000055d6       0xc6 ./CODE/menu.o
                0x00000000000055d6                Menu_Getsign
 .text.Menu_Key_Page_Handle
                0x000000000000569c       0x90 ./CODE/menu.o
                0x000000000000569c                Menu_Key_Page_Handle
 .text.Menu_Display
                0x000000000000572c       0x36 ./CODE/menu.o
                0x000000000000572c                Menu_Display
 .text.Menu_Main
                0x0000000000005762      0x2bc ./CODE/menu.o
                0x0000000000005762                Menu_Main
 .text.Menu_Image
                0x0000000000005a1e       0x1e ./CODE/menu.o
                0x0000000000005a1e                Menu_Image
 .text.Menu_Line
                0x0000000000005a3c      0x4b4 ./CODE/menu.o
                0x0000000000005a3c                Menu_Line
 .text.__adddf3
                0x0000000000005ef0      0x730 d:/mounriver_studio/toolchain/risc-v embedded gcc/bin/../lib/gcc/riscv-none-embed/8.2.0/rv32imac/ilp32\libgcc.a(adddf3.o)
                0x0000000000005ef0                __adddf3
 .text.__eqdf2  0x0000000000006620       0x6a d:/mounriver_studio/toolchain/risc-v embedded gcc/bin/../lib/gcc/riscv-none-embed/8.2.0/rv32imac/ilp32\libgcc.a(eqdf2.o)
                0x0000000000006620                __nedf2
                0x0000000000006620                __eqdf2
 .text.__ledf2  0x000000000000668a       0xb6 d:/mounriver_studio/toolchain/risc-v embedded gcc/bin/../lib/gcc/riscv-none-embed/8.2.0/rv32imac/ilp32\libgcc.a(ledf2.o)
                0x000000000000668a                __ledf2
                0x000000000000668a                __ltdf2
 .text.__muldf3
                0x0000000000006740      0x4b8 d:/mounriver_studio/toolchain/risc-v embedded gcc/bin/../lib/gcc/riscv-none-embed/8.2.0/rv32imac/ilp32\libgcc.a(muldf3.o)
                0x0000000000006740                __muldf3
 .text.__subdf3
                0x0000000000006bf8      0x73e d:/mounriver_studio/toolchain/risc-v embedded gcc/bin/../lib/gcc/riscv-none-embed/8.2.0/rv32imac/ilp32\libgcc.a(subdf3.o)
                0x0000000000006bf8                __subdf3
 .text.__fixdfsi
                0x0000000000007336       0x68 d:/mounriver_studio/toolchain/risc-v embedded gcc/bin/../lib/gcc/riscv-none-embed/8.2.0/rv32imac/ilp32\libgcc.a(fixdfsi.o)
                0x0000000000007336                __fixdfsi
 .text.__floatsidf
                0x000000000000739e       0x72 d:/mounriver_studio/toolchain/risc-v embedded gcc/bin/../lib/gcc/riscv-none-embed/8.2.0/rv32imac/ilp32\libgcc.a(floatsidf.o)
                0x000000000000739e                __floatsidf
 .text.__addsf3
                0x0000000000007410      0x36a d:/mounriver_studio/toolchain/risc-v embedded gcc/bin/../lib/gcc/riscv-none-embed/8.2.0/rv32imac/ilp32\libgcc.a(addsf3.o)
                0x0000000000007410                __addsf3
 .text.__divsf3
                0x000000000000777a      0x2b2 d:/mounriver_studio/toolchain/risc-v embedded gcc/bin/../lib/gcc/riscv-none-embed/8.2.0/rv32imac/ilp32\libgcc.a(divsf3.o)
                0x000000000000777a                __divsf3
 .text.__gesf2  0x0000000000007a2c       0x86 d:/mounriver_studio/toolchain/risc-v embedded gcc/bin/../lib/gcc/riscv-none-embed/8.2.0/rv32imac/ilp32\libgcc.a(gesf2.o)
                0x0000000000007a2c                __gesf2
                0x0000000000007a2c                __gtsf2
 .text.__lesf2  0x0000000000007ab2       0x8c d:/mounriver_studio/toolchain/risc-v embedded gcc/bin/../lib/gcc/riscv-none-embed/8.2.0/rv32imac/ilp32\libgcc.a(lesf2.o)
                0x0000000000007ab2                __ltsf2
                0x0000000000007ab2                __lesf2
 .text.__mulsf3
                0x0000000000007b3e      0x290 d:/mounriver_studio/toolchain/risc-v embedded gcc/bin/../lib/gcc/riscv-none-embed/8.2.0/rv32imac/ilp32\libgcc.a(mulsf3.o)
                0x0000000000007b3e                __mulsf3
 .text.__subsf3
                0x0000000000007dce      0x388 d:/mounriver_studio/toolchain/risc-v embedded gcc/bin/../lib/gcc/riscv-none-embed/8.2.0/rv32imac/ilp32\libgcc.a(subsf3.o)
                0x0000000000007dce                __subsf3
 .text.__fixsfsi
                0x0000000000008156       0x62 d:/mounriver_studio/toolchain/risc-v embedded gcc/bin/../lib/gcc/riscv-none-embed/8.2.0/rv32imac/ilp32\libgcc.a(fixsfsi.o)
                0x0000000000008156                __fixsfsi
 .text.__floatsisf
                0x00000000000081b8       0xc6 d:/mounriver_studio/toolchain/risc-v embedded gcc/bin/../lib/gcc/riscv-none-embed/8.2.0/rv32imac/ilp32\libgcc.a(floatsisf.o)
                0x00000000000081b8                __floatsisf
 .text.__extendsfdf2
                0x000000000000827e       0xac d:/mounriver_studio/toolchain/risc-v embedded gcc/bin/../lib/gcc/riscv-none-embed/8.2.0/rv32imac/ilp32\libgcc.a(extendsfdf2.o)
                0x000000000000827e                __extendsfdf2
 .text.__clzsi2
                0x000000000000832a       0x76 d:/mounriver_studio/toolchain/risc-v embedded gcc/bin/../lib/gcc/riscv-none-embed/8.2.0/rv32imac/ilp32\libgcc.a(_clzsi2.o)
                0x000000000000832a                __clzsi2
 .text.__assert_func
                0x00000000000083a0       0x3a d:/mounriver_studio/toolchain/risc-v embedded gcc/bin/../lib/gcc/riscv-none-embed/8.2.0/../../../../riscv-none-embed/lib/rv32imac/ilp32\libg_nano.a(lib_a-assert.o)
                0x00000000000083a0                __assert_func
 .text.fprintf  0x00000000000083da       0x26 d:/mounriver_studio/toolchain/risc-v embedded gcc/bin/../lib/gcc/riscv-none-embed/8.2.0/../../../../riscv-none-embed/lib/rv32imac/ilp32\libg_nano.a(lib_a-fprintf.o)
                0x00000000000083da                fiprintf
                0x00000000000083da                fprintf
 .text.memcpy   0x0000000000008400       0xb6 d:/mounriver_studio/toolchain/risc-v embedded gcc/bin/../lib/gcc/riscv-none-embed/8.2.0/../../../../riscv-none-embed/lib/rv32imac/ilp32\libg_nano.a(lib_a-memcpy.o)
                0x0000000000008400                memcpy
 .text.__sfputc_r
                0x00000000000084b6       0x28 d:/mounriver_studio/toolchain/risc-v embedded gcc/bin/../lib/gcc/riscv-none-embed/8.2.0/../../../../riscv-none-embed/lib/rv32imac/ilp32\libg_nano.a(lib_a-nano-vfprintf.o)
 .text.__sfputs_r
                0x00000000000084de       0x44 d:/mounriver_studio/toolchain/risc-v embedded gcc/bin/../lib/gcc/riscv-none-embed/8.2.0/../../../../riscv-none-embed/lib/rv32imac/ilp32\libg_nano.a(lib_a-nano-vfprintf.o)
                0x00000000000084de                __sfputs_r
 .text._vfprintf_r
                0x0000000000008522      0x2a0 d:/mounriver_studio/toolchain/risc-v embedded gcc/bin/../lib/gcc/riscv-none-embed/8.2.0/../../../../riscv-none-embed/lib/rv32imac/ilp32\libg_nano.a(lib_a-nano-vfprintf.o)
                0x0000000000008522                _vfprintf_r
                0x0000000000008522                _vfiprintf_r
 .text._printf_common
                0x00000000000087c2      0x10c d:/mounriver_studio/toolchain/risc-v embedded gcc/bin/../lib/gcc/riscv-none-embed/8.2.0/../../../../riscv-none-embed/lib/rv32imac/ilp32\libg_nano.a(lib_a-nano-vfprintf_i.o)
                0x00000000000087c2                _printf_common
 .text._printf_i
                0x00000000000088ce      0x2a4 d:/mounriver_studio/toolchain/risc-v embedded gcc/bin/../lib/gcc/riscv-none-embed/8.2.0/../../../../riscv-none-embed/lib/rv32imac/ilp32\libg_nano.a(lib_a-nano-vfprintf_i.o)
                0x00000000000088ce                _printf_i
 .text.__swbuf_r
                0x0000000000008b72       0xc0 d:/mounriver_studio/toolchain/risc-v embedded gcc/bin/../lib/gcc/riscv-none-embed/8.2.0/../../../../riscv-none-embed/lib/rv32imac/ilp32\libg_nano.a(lib_a-wbuf.o)
                0x0000000000008b72                __swbuf_r
 .text.__swsetup_r
                0x0000000000008c32      0x10c d:/mounriver_studio/toolchain/risc-v embedded gcc/bin/../lib/gcc/riscv-none-embed/8.2.0/../../../../riscv-none-embed/lib/rv32imac/ilp32\libg_nano.a(lib_a-wsetup.o)
                0x0000000000008c32                __swsetup_r
 .text.abort    0x0000000000008d3e        0xe d:/mounriver_studio/toolchain/risc-v embedded gcc/bin/../lib/gcc/riscv-none-embed/8.2.0/../../../../riscv-none-embed/lib/rv32imac/ilp32\libg_nano.a(lib_a-abort.o)
                0x0000000000008d3e                abort
 .text.__sflush_r
                0x0000000000008d4c      0x13c d:/mounriver_studio/toolchain/risc-v embedded gcc/bin/../lib/gcc/riscv-none-embed/8.2.0/../../../../riscv-none-embed/lib/rv32imac/ilp32\libg_nano.a(lib_a-fflush.o)
                0x0000000000008d4c                __sflush_r
 .text._fflush_r
                0x0000000000008e88       0x66 d:/mounriver_studio/toolchain/risc-v embedded gcc/bin/../lib/gcc/riscv-none-embed/8.2.0/../../../../riscv-none-embed/lib/rv32imac/ilp32\libg_nano.a(lib_a-fflush.o)
                0x0000000000008e88                _fflush_r
 .text.std      0x0000000000008eee       0x6a d:/mounriver_studio/toolchain/risc-v embedded gcc/bin/../lib/gcc/riscv-none-embed/8.2.0/../../../../riscv-none-embed/lib/rv32imac/ilp32\libg_nano.a(lib_a-findfp.o)
 .text._cleanup_r
                0x0000000000008f58        0xa d:/mounriver_studio/toolchain/risc-v embedded gcc/bin/../lib/gcc/riscv-none-embed/8.2.0/../../../../riscv-none-embed/lib/rv32imac/ilp32\libg_nano.a(lib_a-findfp.o)
                0x0000000000008f58                _cleanup_r
 .text.__sfmoreglue
                0x0000000000008f62       0x46 d:/mounriver_studio/toolchain/risc-v embedded gcc/bin/../lib/gcc/riscv-none-embed/8.2.0/../../../../riscv-none-embed/lib/rv32imac/ilp32\libg_nano.a(lib_a-findfp.o)
                0x0000000000008f62                __sfmoreglue
 .text.__sinit  0x0000000000008fa8       0x6c d:/mounriver_studio/toolchain/risc-v embedded gcc/bin/../lib/gcc/riscv-none-embed/8.2.0/../../../../riscv-none-embed/lib/rv32imac/ilp32\libg_nano.a(lib_a-findfp.o)
                0x0000000000008fa8                __sinit
 .text.__sfp    0x0000000000009014       0xa0 d:/mounriver_studio/toolchain/risc-v embedded gcc/bin/../lib/gcc/riscv-none-embed/8.2.0/../../../../riscv-none-embed/lib/rv32imac/ilp32\libg_nano.a(lib_a-findfp.o)
                0x0000000000009014                __sfp
 .text._fwalk_reent
                0x00000000000090b4       0x6c d:/mounriver_studio/toolchain/risc-v embedded gcc/bin/../lib/gcc/riscv-none-embed/8.2.0/../../../../riscv-none-embed/lib/rv32imac/ilp32\libg_nano.a(lib_a-fwalk.o)
                0x00000000000090b4                _fwalk_reent
 .text.__swhatbuf_r
                0x0000000000009120       0x58 d:/mounriver_studio/toolchain/risc-v embedded gcc/bin/../lib/gcc/riscv-none-embed/8.2.0/../../../../riscv-none-embed/lib/rv32imac/ilp32\libg_nano.a(lib_a-makebuf.o)
                0x0000000000009120                __swhatbuf_r
 .text.__smakebuf_r
                0x0000000000009178       0x9e d:/mounriver_studio/toolchain/risc-v embedded gcc/bin/../lib/gcc/riscv-none-embed/8.2.0/../../../../riscv-none-embed/lib/rv32imac/ilp32\libg_nano.a(lib_a-makebuf.o)
                0x0000000000009178                __smakebuf_r
 .text.memchr   0x0000000000009216       0x1a d:/mounriver_studio/toolchain/risc-v embedded gcc/bin/../lib/gcc/riscv-none-embed/8.2.0/../../../../riscv-none-embed/lib/rv32imac/ilp32\libg_nano.a(lib_a-memchr.o)
                0x0000000000009216                memchr
 .text._free_r  0x0000000000009230       0xa4 d:/mounriver_studio/toolchain/risc-v embedded gcc/bin/../lib/gcc/riscv-none-embed/8.2.0/../../../../riscv-none-embed/lib/rv32imac/ilp32\libg_nano.a(lib_a-nano-freer.o)
                0x0000000000009230                _free_r
 .text._malloc_r
                0x00000000000092d4       0xce d:/mounriver_studio/toolchain/risc-v embedded gcc/bin/../lib/gcc/riscv-none-embed/8.2.0/../../../../riscv-none-embed/lib/rv32imac/ilp32\libg_nano.a(lib_a-nano-mallocr.o)
                0x00000000000092d4                _malloc_r
 .text._sbrk_r  0x00000000000093a2       0x28 d:/mounriver_studio/toolchain/risc-v embedded gcc/bin/../lib/gcc/riscv-none-embed/8.2.0/../../../../riscv-none-embed/lib/rv32imac/ilp32\libg_nano.a(lib_a-sbrkr.o)
                0x00000000000093a2                _sbrk_r
 .text._raise_r
                0x00000000000093ca       0x62 d:/mounriver_studio/toolchain/risc-v embedded gcc/bin/../lib/gcc/riscv-none-embed/8.2.0/../../../../riscv-none-embed/lib/rv32imac/ilp32\libg_nano.a(lib_a-signal.o)
                0x00000000000093ca                _raise_r
 .text.raise    0x000000000000942c        0xc d:/mounriver_studio/toolchain/risc-v embedded gcc/bin/../lib/gcc/riscv-none-embed/8.2.0/../../../../riscv-none-embed/lib/rv32imac/ilp32\libg_nano.a(lib_a-signal.o)
                0x000000000000942c                raise
 .text._kill_r  0x0000000000009438       0x2a d:/mounriver_studio/toolchain/risc-v embedded gcc/bin/../lib/gcc/riscv-none-embed/8.2.0/../../../../riscv-none-embed/lib/rv32imac/ilp32\libg_nano.a(lib_a-signalr.o)
                0x0000000000009438                _kill_r
 .text._getpid_r
                0x0000000000009462        0x2 d:/mounriver_studio/toolchain/risc-v embedded gcc/bin/../lib/gcc/riscv-none-embed/8.2.0/../../../../riscv-none-embed/lib/rv32imac/ilp32\libg_nano.a(lib_a-signalr.o)
                0x0000000000009462                _getpid_r
 .text.__sread  0x0000000000009464       0x30 d:/mounriver_studio/toolchain/risc-v embedded gcc/bin/../lib/gcc/riscv-none-embed/8.2.0/../../../../riscv-none-embed/lib/rv32imac/ilp32\libg_nano.a(lib_a-stdio.o)
                0x0000000000009464                __sread
 .text.__swrite
                0x0000000000009494       0x4e d:/mounriver_studio/toolchain/risc-v embedded gcc/bin/../lib/gcc/riscv-none-embed/8.2.0/../../../../riscv-none-embed/lib/rv32imac/ilp32\libg_nano.a(lib_a-stdio.o)
                0x0000000000009494                __swrite
 .text.__sseek  0x00000000000094e2       0x36 d:/mounriver_studio/toolchain/risc-v embedded gcc/bin/../lib/gcc/riscv-none-embed/8.2.0/../../../../riscv-none-embed/lib/rv32imac/ilp32\libg_nano.a(lib_a-stdio.o)
                0x00000000000094e2                __sseek
 .text.__sclose
                0x0000000000009518        0x6 d:/mounriver_studio/toolchain/risc-v embedded gcc/bin/../lib/gcc/riscv-none-embed/8.2.0/../../../../riscv-none-embed/lib/rv32imac/ilp32\libg_nano.a(lib_a-stdio.o)
                0x0000000000009518                __sclose
 .text._write_r
                0x000000000000951e       0x2e d:/mounriver_studio/toolchain/risc-v embedded gcc/bin/../lib/gcc/riscv-none-embed/8.2.0/../../../../riscv-none-embed/lib/rv32imac/ilp32\libg_nano.a(lib_a-writer.o)
                0x000000000000951e                _write_r
 .text._close_r
                0x000000000000954c       0x28 d:/mounriver_studio/toolchain/risc-v embedded gcc/bin/../lib/gcc/riscv-none-embed/8.2.0/../../../../riscv-none-embed/lib/rv32imac/ilp32\libg_nano.a(lib_a-closer.o)
                0x000000000000954c                _close_r
 .text._fstat_r
                0x0000000000009574       0x2a d:/mounriver_studio/toolchain/risc-v embedded gcc/bin/../lib/gcc/riscv-none-embed/8.2.0/../../../../riscv-none-embed/lib/rv32imac/ilp32\libg_nano.a(lib_a-fstatr.o)
                0x0000000000009574                _fstat_r
 .text._isatty_r
                0x000000000000959e       0x28 d:/mounriver_studio/toolchain/risc-v embedded gcc/bin/../lib/gcc/riscv-none-embed/8.2.0/../../../../riscv-none-embed/lib/rv32imac/ilp32\libg_nano.a(lib_a-isattyr.o)
                0x000000000000959e                _isatty_r
 .text._lseek_r
                0x00000000000095c6       0x2c d:/mounriver_studio/toolchain/risc-v embedded gcc/bin/../lib/gcc/riscv-none-embed/8.2.0/../../../../riscv-none-embed/lib/rv32imac/ilp32\libg_nano.a(lib_a-lseekr.o)
                0x00000000000095c6                _lseek_r
 .text.__malloc_lock
                0x00000000000095f2        0x2 d:/mounriver_studio/toolchain/risc-v embedded gcc/bin/../lib/gcc/riscv-none-embed/8.2.0/../../../../riscv-none-embed/lib/rv32imac/ilp32\libg_nano.a(lib_a-mlock.o)
                0x00000000000095f2                __malloc_lock
 .text.__malloc_unlock
                0x00000000000095f4        0x2 d:/mounriver_studio/toolchain/risc-v embedded gcc/bin/../lib/gcc/riscv-none-embed/8.2.0/../../../../riscv-none-embed/lib/rv32imac/ilp32\libg_nano.a(lib_a-mlock.o)
                0x00000000000095f4                __malloc_unlock
 .text._read_r  0x00000000000095f6       0x2c d:/mounriver_studio/toolchain/risc-v embedded gcc/bin/../lib/gcc/riscv-none-embed/8.2.0/../../../../riscv-none-embed/lib/rv32imac/ilp32\libg_nano.a(lib_a-readr.o)
                0x00000000000095f6                _read_r
 .text._close   0x0000000000009622        0xc d:/mounriver_studio/toolchain/risc-v embedded gcc/bin/../lib/gcc/riscv-none-embed/8.2.0/../../../../riscv-none-embed/lib/rv32imac/ilp32\libnosys.a(close.o)
                0x0000000000009622                _close
 .text._fstat   0x000000000000962e        0xc d:/mounriver_studio/toolchain/risc-v embedded gcc/bin/../lib/gcc/riscv-none-embed/8.2.0/../../../../riscv-none-embed/lib/rv32imac/ilp32\libnosys.a(fstat.o)
                0x000000000000962e                _fstat
 .text._getpid  0x000000000000963a        0xc d:/mounriver_studio/toolchain/risc-v embedded gcc/bin/../lib/gcc/riscv-none-embed/8.2.0/../../../../riscv-none-embed/lib/rv32imac/ilp32\libnosys.a(getpid.o)
                0x000000000000963a                _getpid
 .text._isatty  0x0000000000009646        0xc d:/mounriver_studio/toolchain/risc-v embedded gcc/bin/../lib/gcc/riscv-none-embed/8.2.0/../../../../riscv-none-embed/lib/rv32imac/ilp32\libnosys.a(isatty.o)
                0x0000000000009646                _isatty
 .text._kill    0x0000000000009652        0xc d:/mounriver_studio/toolchain/risc-v embedded gcc/bin/../lib/gcc/riscv-none-embed/8.2.0/../../../../riscv-none-embed/lib/rv32imac/ilp32\libnosys.a(kill.o)
                0x0000000000009652                _kill
 .text._lseek   0x000000000000965e        0xc d:/mounriver_studio/toolchain/risc-v embedded gcc/bin/../lib/gcc/riscv-none-embed/8.2.0/../../../../riscv-none-embed/lib/rv32imac/ilp32\libnosys.a(lseek.o)
                0x000000000000965e                _lseek
 .text._read    0x000000000000966a        0xc d:/mounriver_studio/toolchain/risc-v embedded gcc/bin/../lib/gcc/riscv-none-embed/8.2.0/../../../../riscv-none-embed/lib/rv32imac/ilp32\libnosys.a(read.o)
                0x000000000000966a                _read
 .text._sbrk    0x0000000000009676       0x20 d:/mounriver_studio/toolchain/risc-v embedded gcc/bin/../lib/gcc/riscv-none-embed/8.2.0/../../../../riscv-none-embed/lib/rv32imac/ilp32\libnosys.a(sbrk.o)
                0x0000000000009676                _sbrk
 .text._exit    0x0000000000009696        0x2 d:/mounriver_studio/toolchain/risc-v embedded gcc/bin/../lib/gcc/riscv-none-embed/8.2.0/../../../../riscv-none-embed/lib/rv32imac/ilp32\libnosys.a(_exit.o)
                0x0000000000009696                _exit
 *(.rodata)
 *fill*         0x0000000000009698        0x0 
 .rodata        0x0000000000009698       0x63 ./Libraries/seekfree_peripheral/SEEKFREE_OLED.o
 *fill*         0x00000000000096fb        0x5 
 .rodata        0x0000000000009700        0x8 ./Libraries/seekfree_peripheral/SEEKFREE_PRINTF.o
 .rodata        0x0000000000009708       0x37 ./Libraries/seekfree_libraries/zf_pit.o
 *fill*         0x000000000000973f        0x1 
 .rodata        0x0000000000009740       0x2d ./Libraries/seekfree_libraries/zf_spi.o
 *fill*         0x000000000000976d        0x3 
 .rodata        0x0000000000009770       0x10 ./CODE/Control.o
 .rodata        0x0000000000009780       0x2c ./CODE/PIDcontrol.o
 *fill*         0x00000000000097ac        0x4 
 .rodata        0x00000000000097b0       0x78 ./CODE/menu.o
 *(.rodata*)
 .rodata.oled_6x8
                0x0000000000009828      0x228 ./Libraries/seekfree_peripheral/SEEKFREE_FONT.o
                0x0000000000009828                oled_6x8
 .rodata.__func__.3179
                0x0000000000009a50        0xd ./Libraries/seekfree_peripheral/SEEKFREE_OLED.o
 *fill*         0x0000000000009a5d        0x3 
 .rodata.zf_sprintf
                0x0000000000009a60      0x150 ./Libraries/seekfree_peripheral/SEEKFREE_PRINTF.o
 .rodata.GPION  0x0000000000009bb0       0x10 ./Libraries/seekfree_libraries/zf_gpio.o
                0x0000000000009bb0                GPION
 .rodata.__func__.3543
                0x0000000000009bc0       0x17 ./Libraries/seekfree_libraries/zf_pit.o
 *fill*         0x0000000000009bd7        0x1 
 .rodata.TIMERN
                0x0000000000009bd8       0x10 ./Libraries/seekfree_libraries/zf_qtimer.o
                0x0000000000009bd8                TIMERN
 .rodata.__func__.3348
                0x0000000000009be8        0xe ./Libraries/seekfree_libraries/zf_spi.o
 *fill*         0x0000000000009bf6        0x2 
 .rodata.UARTN  0x0000000000009bf8       0x10 ./Libraries/seekfree_libraries/zf_uart.o
                0x0000000000009bf8                UARTN
 .rodata.Menu_Line
                0x0000000000009c08       0x14 ./CODE/menu.o
 .rodata.__muldf3
                0x0000000000009c1c       0x40 d:/mounriver_studio/toolchain/risc-v embedded gcc/bin/../lib/gcc/riscv-none-embed/8.2.0/rv32imac/ilp32\libgcc.a(muldf3.o)
 .rodata.__divsf3
                0x0000000000009c5c       0x80 d:/mounriver_studio/toolchain/risc-v embedded gcc/bin/../lib/gcc/riscv-none-embed/8.2.0/rv32imac/ilp32\libgcc.a(divsf3.o)
 .rodata.__mulsf3
                0x0000000000009cdc       0x40 d:/mounriver_studio/toolchain/risc-v embedded gcc/bin/../lib/gcc/riscv-none-embed/8.2.0/rv32imac/ilp32\libgcc.a(mulsf3.o)
 .rodata.__clz_tab
                0x0000000000009d1c      0x100 d:/mounriver_studio/toolchain/risc-v embedded gcc/bin/../lib/gcc/riscv-none-embed/8.2.0/rv32imac/ilp32\libgcc.a(_clz.o)
                0x0000000000009d1c                __clz_tab
 .rodata.__assert_func.str1.4
                0x0000000000009e1c       0x3f d:/mounriver_studio/toolchain/risc-v embedded gcc/bin/../lib/gcc/riscv-none-embed/8.2.0/../../../../riscv-none-embed/lib/rv32imac/ilp32\libg_nano.a(lib_a-assert.o)
                                         0x43 (size before relaxing)
 *fill*         0x0000000000009e5b        0x1 
 .rodata._vfprintf_r.str1.4
                0x0000000000009e5c       0x13 d:/mounriver_studio/toolchain/risc-v embedded gcc/bin/../lib/gcc/riscv-none-embed/8.2.0/../../../../riscv-none-embed/lib/rv32imac/ilp32\libg_nano.a(lib_a-nano-vfprintf.o)
 *fill*         0x0000000000009e6f        0x1 
 .rodata._printf_i.str1.4
                0x0000000000009e70       0x28 d:/mounriver_studio/toolchain/risc-v embedded gcc/bin/../lib/gcc/riscv-none-embed/8.2.0/../../../../riscv-none-embed/lib/rv32imac/ilp32\libg_nano.a(lib_a-nano-vfprintf_i.o)
                                         0x25 (size before relaxing)
 .rodata.__sf_fake_stderr
                0x0000000000009e98       0x20 d:/mounriver_studio/toolchain/risc-v embedded gcc/bin/../lib/gcc/riscv-none-embed/8.2.0/../../../../riscv-none-embed/lib/rv32imac/ilp32\libg_nano.a(lib_a-findfp.o)
                0x0000000000009e98                __sf_fake_stderr
 .rodata.__sf_fake_stdin
                0x0000000000009eb8       0x20 d:/mounriver_studio/toolchain/risc-v embedded gcc/bin/../lib/gcc/riscv-none-embed/8.2.0/../../../../riscv-none-embed/lib/rv32imac/ilp32\libg_nano.a(lib_a-findfp.o)
                0x0000000000009eb8                __sf_fake_stdin
 .rodata.__sf_fake_stdout
                0x0000000000009ed8       0x20 d:/mounriver_studio/toolchain/risc-v embedded gcc/bin/../lib/gcc/riscv-none-embed/8.2.0/../../../../riscv-none-embed/lib/rv32imac/ilp32\libg_nano.a(lib_a-findfp.o)
                0x0000000000009ed8                __sf_fake_stdout
 *(.glue_7)
 *(.glue_7t)
 *(.gnu.linkonce.t.*)
                0x0000000000009ef8                . = ALIGN (0x4)

.rela.dyn       0x0000000000009ef8        0x0
 .rela.text.TIM3_IRQHandler
                0x0000000000009ef8        0x0 ./USER/isr.o
 .rela.init     0x0000000000009ef8        0x0 ./USER/isr.o
 .rela.vector   0x0000000000009ef8        0x0 ./USER/isr.o
 .rela.text.handle_reset
                0x0000000000009ef8        0x0 ./USER/isr.o
 .rela.text.main_control
                0x0000000000009ef8        0x0 ./USER/isr.o
 .rela.text.get_slave_data
                0x0000000000009ef8        0x0 ./USER/isr.o
 .rela.text.running
                0x0000000000009ef8        0x0 ./USER/isr.o
 .rela.text.ccwheels
                0x0000000000009ef8        0x0 ./USER/isr.o
 .rela.text.send_key_msg
                0x0000000000009ef8        0x0 ./USER/isr.o
 .rela.text.get_key_msg
                0x0000000000009ef8        0x0 ./USER/isr.o
 .rela.text.PID_motor
                0x0000000000009ef8        0x0 ./USER/isr.o
 .rela.text.Menu_Main
                0x0000000000009ef8        0x0 ./USER/isr.o
 .rela.text.Menu_Line
                0x0000000000009ef8        0x0 ./USER/isr.o
 .rela.text._vfprintf_r
                0x0000000000009ef8        0x0 ./USER/isr.o
 .rela.text._sbrk_r
                0x0000000000009ef8        0x0 ./USER/isr.o
 .rela.text._kill_r
                0x0000000000009ef8        0x0 ./USER/isr.o
 .rela.text._write_r
                0x0000000000009ef8        0x0 ./USER/isr.o
 .rela.text._close_r
                0x0000000000009ef8        0x0 ./USER/isr.o
 .rela.text._fstat_r
                0x0000000000009ef8        0x0 ./USER/isr.o
 .rela.text._isatty_r
                0x0000000000009ef8        0x0 ./USER/isr.o
 .rela.text._lseek_r
                0x0000000000009ef8        0x0 ./USER/isr.o
 .rela.text._read_r
                0x0000000000009ef8        0x0 ./USER/isr.o
 .rela.text._close
                0x0000000000009ef8        0x0 ./USER/isr.o
 .rela.text._fstat
                0x0000000000009ef8        0x0 ./USER/isr.o
 .rela.text._getpid
                0x0000000000009ef8        0x0 ./USER/isr.o
 .rela.text._isatty
                0x0000000000009ef8        0x0 ./USER/isr.o
 .rela.text._kill
                0x0000000000009ef8        0x0 ./USER/isr.o
 .rela.text._lseek
                0x0000000000009ef8        0x0 ./USER/isr.o
 .rela.text._read
                0x0000000000009ef8        0x0 ./USER/isr.o
 .rela.text._sbrk
                0x0000000000009ef8        0x0 ./USER/isr.o

.fini           0x0000000000009ef8        0x0
 *(SORT_NONE(.fini))
                0x0000000000009ef8                . = ALIGN (0x4)
                [!provide]                        PROVIDE (_etext = .)
                [!provide]                        PROVIDE (_eitcm = .)

.preinit_array  0x0000000000009ef8        0x0
                [!provide]                        PROVIDE (__preinit_array_start = .)
 *(.preinit_array)
                [!provide]                        PROVIDE (__preinit_array_end = .)

.init_array     0x0000000000009ef8        0x0
                [!provide]                        PROVIDE (__init_array_start = .)
 *(SORT_BY_INIT_PRIORITY(.init_array.*) SORT_BY_INIT_PRIORITY(.ctors.*))
 *(.init_array EXCLUDE_FILE(*crtend?.o *crtend.o *crtbegin?.o *crtbegin.o) .ctors)
                [!provide]                        PROVIDE (__init_array_end = .)

.fini_array     0x0000000000009ef8        0x0
                [!provide]                        PROVIDE (__fini_array_start = .)
 *(SORT_BY_INIT_PRIORITY(.fini_array.*) SORT_BY_INIT_PRIORITY(.dtors.*))
 *(.fini_array EXCLUDE_FILE(*crtend?.o *crtend.o *crtbegin?.o *crtbegin.o) .dtors)
                [!provide]                        PROVIDE (__fini_array_end = .)

.ctors
 *crtbegin.o(.ctors)
 *crtbegin?.o(.ctors)
 *(EXCLUDE_FILE(*crtend?.o *crtend.o) .ctors)
 *(SORT_BY_NAME(.ctors.*))
 *(.ctors)

.dtors
 *crtbegin.o(.dtors)
 *crtbegin?.o(.dtors)
 *(EXCLUDE_FILE(*crtend?.o *crtend.o) .dtors)
 *(SORT_BY_NAME(.dtors.*))
 *(.dtors)

.dalign         0x0000000020000000        0x0 load address 0x0000000000009ef8
                0x0000000020000000                . = ALIGN (0x4)
                0x0000000020000000                PROVIDE (_data_vma = .)

.dlalign        0x0000000000009ef8        0x0
                0x0000000000009ef8                . = ALIGN (0x4)
                0x0000000000009ef8                PROVIDE (_data_lma = .)

.data           0x0000000020000000       0xb0 load address 0x0000000000009ef8
 *(.gnu.linkonce.r.*)
 *(.data .data.*)
 .data.APBAHBPrescTable
                0x0000000020000000       0x10 ./Libraries/wch_libraries/Peripheral/ch32v10x_rcc.o
 .data.KEY_PTxn
                0x0000000020000010       0x18 ./CODE/Key.o
                0x0000000020000010                KEY_PTxn
 .data.impure_data
                0x0000000020000028       0x60 d:/mounriver_studio/toolchain/risc-v embedded gcc/bin/../lib/gcc/riscv-none-embed/8.2.0/../../../../riscv-none-embed/lib/rv32imac/ilp32\libg_nano.a(lib_a-impure.o)
 *(.gnu.linkonce.d.*)
                0x0000000020000088                . = ALIGN (0x8)
                0x0000000020000888                PROVIDE (__global_pointer$ = (. + 0x800))
 *(.sdata .sdata.*)
 .sdata.ADCPrescTable
                0x0000000020000088        0x4 ./Libraries/wch_libraries/Peripheral/ch32v10x_rcc.o
 .sdata.Min_Speed
                0x000000002000008c        0x4 ./CODE/Control.o
                0x000000002000008c                Min_Speed
 .sdata.run_mode
                0x0000000020000090        0x2 ./CODE/Init.o
                0x0000000020000090                run_mode
 .sdata.SETmotor_kp
                0x0000000020000092        0x2 ./CODE/PIDcontrol.o
                0x0000000020000092                SETmotor_kp
 .sdata.SETmotor_ki
                0x0000000020000094        0x2 ./CODE/PIDcontrol.o
                0x0000000020000094                SETmotor_ki
 .sdata.SETmotor_kd
                0x0000000020000096        0x2 ./CODE/PIDcontrol.o
                0x0000000020000096                SETmotor_kd
 .sdata.arrow.6018
                0x0000000020000098        0x1 ./CODE/menu.o
 *fill*         0x0000000020000099        0x3 
 .sdata._impure_ptr
                0x000000002000009c        0x4 d:/mounriver_studio/toolchain/risc-v embedded gcc/bin/../lib/gcc/riscv-none-embed/8.2.0/../../../../riscv-none-embed/lib/rv32imac/ilp32\libg_nano.a(lib_a-impure.o)
                0x000000002000009c                _impure_ptr
 *(.sdata2.*)
 .sdata2.SPIN   0x00000000200000a0        0x8 ./Libraries/seekfree_libraries/zf_spi.o
                0x00000000200000a0                SPIN
 .sdata2._global_impure_ptr
                0x00000000200000a8        0x4 d:/mounriver_studio/toolchain/risc-v embedded gcc/bin/../lib/gcc/riscv-none-embed/8.2.0/../../../../riscv-none-embed/lib/rv32imac/ilp32\libg_nano.a(lib_a-impure.o)
                0x00000000200000a8                _global_impure_ptr
 *(.gnu.linkonce.s.*)
                0x00000000200000b0                . = ALIGN (0x8)
 *fill*         0x00000000200000ac        0x4 
 *(.srodata.cst16)
 *(.srodata.cst8)
 *(.srodata.cst4)
 *(.srodata.cst2)
 *(.srodata .srodata.*)
                0x00000000200000b0                . = ALIGN (0x4)
                0x00000000200000b0                PROVIDE (_edata = .)

.bss            0x00000000200000b0      0x20c load address 0x0000000000009fa8
                0x00000000200000b0                . = ALIGN (0x4)
                0x00000000200000b0                PROVIDE (_sbss = .)
 *(.sbss*)
 .sbss.NVIC_Priority_Group
                0x00000000200000b0        0x4 ./Libraries/wch_libraries/Peripheral/ch32v10x_misc.o
                0x00000000200000b0                NVIC_Priority_Group
 .sbss.sys_clk  0x00000000200000b4        0x4 ./Libraries/seekfree_libraries/common.o
                0x00000000200000b4                sys_clk
 .sbss.velocity_L
                0x00000000200000b8        0x2 ./CODE/Control.o
                0x00000000200000b8                velocity_L
 .sbss.velocity_R
                0x00000000200000ba        0x2 ./CODE/Control.o
                0x00000000200000ba                velocity_R
 .sbss.car_dir  0x00000000200000bc        0x2 ./CODE/Control.o
                0x00000000200000bc                car_dir
 .sbss.camera_flag
                0x00000000200000be        0x1 ./CODE/Control.o
                0x00000000200000be                camera_flag
 *fill*         0x00000000200000bf        0x1 
 .sbss.bcn_x    0x00000000200000c0        0x4 ./CODE/Control.o
                0x00000000200000c0                bcn_x
 .sbss.camera_data_cnt
                0x00000000200000c4        0x1 ./CODE/Get_deta.o
                0x00000000200000c4                camera_data_cnt
 .sbss.camera_head_cnt
                0x00000000200000c5        0x1 ./CODE/Get_deta.o
                0x00000000200000c5                camera_head_cnt
 .sbss.camera_tail_cnt
                0x00000000200000c6        0x1 ./CODE/Get_deta.o
                0x00000000200000c6                camera_tail_cnt
 *fill*         0x00000000200000c7        0x1 
 .sbss.Foresight
                0x00000000200000c8        0x4 ./CODE/Get_deta.o
                0x00000000200000c8                Foresight
 .sbss.key_msg_front
                0x00000000200000cc        0x1 ./CODE/Key.o
                0x00000000200000cc                key_msg_front
 .sbss.key_msg_rear
                0x00000000200000cd        0x1 ./CODE/Key.o
                0x00000000200000cd                key_msg_rear
 .sbss.key_msg_flag
                0x00000000200000ce        0x1 ./CODE/Key.o
                0x00000000200000ce                key_msg_flag
 *fill*         0x00000000200000cf        0x1 
 .sbss.keytime.6033
                0x00000000200000d0        0x6 ./CODE/Key.o
 .sbss.change_enable
                0x00000000200000d6        0x1 ./CODE/menu.o
                0x00000000200000d6                change_enable
 .sbss.cwheels  0x00000000200000d7        0x1 ./CODE/menu.o
                0x00000000200000d7                cwheels
 .sbss.interact_signal
                0x00000000200000d8        0x4 ./CODE/menu.o
                0x00000000200000d8                interact_signal
 .sbss.interact_page
                0x00000000200000dc        0x4 ./CODE/menu.o
                0x00000000200000dc                interact_page
 .sbss.save_flag.6027
                0x00000000200000e0        0x1 ./CODE/menu.o
 .sbss.arrow.6024
                0x00000000200000e1        0x1 ./CODE/menu.o
 *fill*         0x00000000200000e2        0x2 
 .sbss.gyro_z   0x00000000200000e4        0x4 ./CODE/topicm.o
                0x00000000200000e4                gyro_z
 .sbss.__malloc_free_list
                0x00000000200000e8        0x4 d:/mounriver_studio/toolchain/risc-v embedded gcc/bin/../lib/gcc/riscv-none-embed/8.2.0/../../../../riscv-none-embed/lib/rv32imac/ilp32\libg_nano.a(lib_a-nano-mallocr.o)
                0x00000000200000e8                __malloc_free_list
 .sbss.__malloc_sbrk_start
                0x00000000200000ec        0x4 d:/mounriver_studio/toolchain/risc-v embedded gcc/bin/../lib/gcc/riscv-none-embed/8.2.0/../../../../riscv-none-embed/lib/rv32imac/ilp32\libg_nano.a(lib_a-nano-mallocr.o)
                0x00000000200000ec                __malloc_sbrk_start
 .sbss.heap_end.1518
                0x00000000200000f0        0x4 d:/mounriver_studio/toolchain/risc-v embedded gcc/bin/../lib/gcc/riscv-none-embed/8.2.0/../../../../riscv-none-embed/lib/rv32imac/ilp32\libnosys.a(sbrk.o)
 *(.gnu.linkonce.sb.*)
 *(.bss*)
 .bss.irq_status
                0x00000000200000f4        0xc ./Libraries/seekfree_libraries/common.o
                0x00000000200000f4                irq_status
 *(.gnu.linkonce.b.*)
 *(COMMON*)
 COMMON         0x0000000020000100       0x80 ./CODE/Control.o
                0x0000000020000100                wheels
                0x0000000020000110                pid_turn
                0x0000000020000130                Set_Speed
                0x0000000020000134                Max_Speed
                0x0000000020000138                pid_position
                0x0000000020000158                PMAX
                0x000000002000015c                HIGH_Speed
                0x0000000020000160                Drange
                0x0000000020000164                Prange
                0x0000000020000168                DMAX
                0x000000002000016c                ERRrange
                0x0000000020000170                IMAX
                0x0000000020000174                Irange
                0x0000000020000178                ERRMAX
                0x000000002000017c                MIDDLE_speed
                0x000000002000017e                LOW_speed
 COMMON         0x0000000020000180       0x19 ./CODE/Get_deta.o
                0x0000000020000180                camera_buffer
                0x000000002000018c                temp_buff
                0x0000000020000197                uart_flag
                0x0000000020000198                show_flag
 COMMON         0x0000000020000199        0x1 ./CODE/Init.o
                0x0000000020000199                Skey_flag
 *fill*         0x000000002000019a        0x2 
 COMMON         0x000000002000019c       0xa0 ./CODE/Key.o
                0x000000002000019c                key_msg
 COMMON         0x000000002000023c       0x7c ./CODE/Motor.o
                0x000000002000023c                motor_4
                0x0000000020000258                RF
                0x000000002000025a                RB
                0x000000002000025c                LB
                0x0000000020000260                motor_2
                0x000000002000027c                LF
                0x0000000020000280                motor_3
                0x000000002000029c                motor_1
 COMMON         0x00000000200002b8        0x4 d:/mounriver_studio/toolchain/risc-v embedded gcc/bin/../lib/gcc/riscv-none-embed/8.2.0/../../../../riscv-none-embed/lib/rv32imac/ilp32\libg_nano.a(lib_a-reent.o)
                0x00000000200002b8                errno
                0x00000000200002bc                . = ALIGN (0x4)
                0x00000000200002bc                PROVIDE (_ebss = .)
                [!provide]                        PROVIDE (_end = _ebss)
                0x00000000200002bc                PROVIDE (end = .)

.stack          0x0000000020004800      0x800
                0x0000000020004800                . = ALIGN (0x4)
                [!provide]                        PROVIDE (_susrstack = .)
                0x0000000020005000                . = (. + __stack_size)
 *fill*         0x0000000020004800      0x800 
                0x0000000020005000                PROVIDE (_eusrstack = .)
OUTPUT(FIrelock_MMM.elf elf32-littleriscv)

.debug_info     0x0000000000000000    0x21f53
 .debug_info    0x0000000000000000     0x1673 ./USER/isr.o
 .debug_info    0x0000000000001673     0x1874 ./USER/main.o
 .debug_info    0x0000000000002ee7       0x22 ./Libraries/wch_libraries/Startup/startup_ch32v10x.o
 .debug_info    0x0000000000002f09      0x6e7 ./Libraries/wch_libraries/Peripheral/ch32v10x_gpio.o
 .debug_info    0x00000000000035f0      0x529 ./Libraries/wch_libraries/Peripheral/ch32v10x_misc.o
 .debug_info    0x0000000000003b19      0x8d8 ./Libraries/wch_libraries/Peripheral/ch32v10x_rcc.o
 .debug_info    0x00000000000043f1      0x94f ./Libraries/wch_libraries/Peripheral/ch32v10x_spi.o
 .debug_info    0x0000000000004d40     0x1dcc ./Libraries/wch_libraries/Peripheral/ch32v10x_tim.o
 .debug_info    0x0000000000006b0c      0xa42 ./Libraries/wch_libraries/Peripheral/ch32v10x_usart.o
 .debug_info    0x000000000000754e     0x14ce ./Libraries/seekfree_peripheral/SEEKFREE_ABSOLUTE_ENCODER.o
 .debug_info    0x0000000000008a1c      0xb1d ./Libraries/seekfree_peripheral/SEEKFREE_FONT.o
 .debug_info    0x0000000000009539     0x115b ./Libraries/seekfree_peripheral/SEEKFREE_ICM20602.o
 .debug_info    0x000000000000a694     0x15b5 ./Libraries/seekfree_peripheral/SEEKFREE_OLED.o
 .debug_info    0x000000000000bc49      0xd53 ./Libraries/seekfree_peripheral/SEEKFREE_PRINTF.o
 .debug_info    0x000000000000c99c      0xa36 ./Libraries/seekfree_libraries/common.o
 .debug_info    0x000000000000d3d2     0x115c ./Libraries/seekfree_libraries/zf_gpio.o
 .debug_info    0x000000000000e52e      0xeb8 ./Libraries/seekfree_libraries/zf_nvic.o
 .debug_info    0x000000000000f3e6      0xf30 ./Libraries/seekfree_libraries/zf_pit.o
 .debug_info    0x0000000000010316     0x1455 ./Libraries/seekfree_libraries/zf_pwm.o
 .debug_info    0x000000000001176b     0x1201 ./Libraries/seekfree_libraries/zf_qtimer.o
 .debug_info    0x000000000001296c     0x11e5 ./Libraries/seekfree_libraries/zf_spi.o
 .debug_info    0x0000000000013b51      0xb7c ./Libraries/seekfree_libraries/zf_systick.o
 .debug_info    0x00000000000146cd     0x12cd ./Libraries/seekfree_libraries/zf_uart.o
 .debug_info    0x000000000001599a      0xcc0 ./Libraries/board/board.o
 .debug_info    0x000000000001665a      0x25f ./Libraries/board/clock_config.o
 .debug_info    0x00000000000168b9     0x164a ./CODE/Control.o
 .debug_info    0x0000000000017f03     0x14a5 ./CODE/Get_deta.o
 .debug_info    0x00000000000193a8     0x1898 ./CODE/Init.o
 .debug_info    0x000000000001ac40     0x198b ./CODE/Key.o
 .debug_info    0x000000000001c5cb     0x15e6 ./CODE/Motor.o
 .debug_info    0x000000000001dbb1     0x17ec ./CODE/PIDcontrol.o
 .debug_info    0x000000000001f39d     0x16f5 ./CODE/menu.o
 .debug_info    0x0000000000020a92     0x14c1 ./CODE/topicm.o

.debug_abbrev   0x0000000000000000     0x4ca4
 .debug_abbrev  0x0000000000000000      0x25c ./USER/isr.o
 .debug_abbrev  0x000000000000025c      0x23c ./USER/main.o
 .debug_abbrev  0x0000000000000498       0x12 ./Libraries/wch_libraries/Startup/startup_ch32v10x.o
 .debug_abbrev  0x00000000000004aa      0x1c7 ./Libraries/wch_libraries/Peripheral/ch32v10x_gpio.o
 .debug_abbrev  0x0000000000000671      0x18c ./Libraries/wch_libraries/Peripheral/ch32v10x_misc.o
 .debug_abbrev  0x00000000000007fd      0x1ef ./Libraries/wch_libraries/Peripheral/ch32v10x_rcc.o
 .debug_abbrev  0x00000000000009ec      0x19e ./Libraries/wch_libraries/Peripheral/ch32v10x_spi.o
 .debug_abbrev  0x0000000000000b8a      0x1c9 ./Libraries/wch_libraries/Peripheral/ch32v10x_tim.o
 .debug_abbrev  0x0000000000000d53      0x19e ./Libraries/wch_libraries/Peripheral/ch32v10x_usart.o
 .debug_abbrev  0x0000000000000ef1      0x2ed ./Libraries/seekfree_peripheral/SEEKFREE_ABSOLUTE_ENCODER.o
 .debug_abbrev  0x00000000000011de      0x204 ./Libraries/seekfree_peripheral/SEEKFREE_FONT.o
 .debug_abbrev  0x00000000000013e2      0x2e4 ./Libraries/seekfree_peripheral/SEEKFREE_ICM20602.o
 .debug_abbrev  0x00000000000016c6      0x344 ./Libraries/seekfree_peripheral/SEEKFREE_OLED.o
 .debug_abbrev  0x0000000000001a0a      0x2bf ./Libraries/seekfree_peripheral/SEEKFREE_PRINTF.o
 .debug_abbrev  0x0000000000001cc9      0x1e7 ./Libraries/seekfree_libraries/common.o
 .debug_abbrev  0x0000000000001eb0      0x2c2 ./Libraries/seekfree_libraries/zf_gpio.o
 .debug_abbrev  0x0000000000002172      0x2b8 ./Libraries/seekfree_libraries/zf_nvic.o
 .debug_abbrev  0x000000000000242a      0x297 ./Libraries/seekfree_libraries/zf_pit.o
 .debug_abbrev  0x00000000000026c1      0x2d0 ./Libraries/seekfree_libraries/zf_pwm.o
 .debug_abbrev  0x0000000000002991      0x29a ./Libraries/seekfree_libraries/zf_qtimer.o
 .debug_abbrev  0x0000000000002c2b      0x293 ./Libraries/seekfree_libraries/zf_spi.o
 .debug_abbrev  0x0000000000002ebe      0x255 ./Libraries/seekfree_libraries/zf_systick.o
 .debug_abbrev  0x0000000000003113      0x2c7 ./Libraries/seekfree_libraries/zf_uart.o
 .debug_abbrev  0x00000000000033da      0x280 ./Libraries/board/board.o
 .debug_abbrev  0x000000000000365a       0xe8 ./Libraries/board/clock_config.o
 .debug_abbrev  0x0000000000003742      0x2a9 ./CODE/Control.o
 .debug_abbrev  0x00000000000039eb      0x264 ./CODE/Get_deta.o
 .debug_abbrev  0x0000000000003c4f      0x249 ./CODE/Init.o
 .debug_abbrev  0x0000000000003e98      0x2fc ./CODE/Key.o
 .debug_abbrev  0x0000000000004194      0x2b2 ./CODE/Motor.o
 .debug_abbrev  0x0000000000004446      0x2ed ./CODE/PIDcontrol.o
 .debug_abbrev  0x0000000000004733      0x2cd ./CODE/menu.o
 .debug_abbrev  0x0000000000004a00      0x2a4 ./CODE/topicm.o

.debug_aranges  0x0000000000000000      0xd58
 .debug_aranges
                0x0000000000000000       0x58 ./USER/isr.o
 .debug_aranges
                0x0000000000000058       0x20 ./USER/main.o
 .debug_aranges
                0x0000000000000078       0x30 ./Libraries/wch_libraries/Startup/startup_ch32v10x.o
 .debug_aranges
                0x00000000000000a8       0xa0 ./Libraries/wch_libraries/Peripheral/ch32v10x_gpio.o
 .debug_aranges
                0x0000000000000148       0x40 ./Libraries/wch_libraries/Peripheral/ch32v10x_misc.o
 .debug_aranges
                0x0000000000000188      0x118 ./Libraries/wch_libraries/Peripheral/ch32v10x_rcc.o
 .debug_aranges
                0x00000000000002a0       0xd0 ./Libraries/wch_libraries/Peripheral/ch32v10x_spi.o
 .debug_aranges
                0x0000000000000370      0x2f0 ./Libraries/wch_libraries/Peripheral/ch32v10x_tim.o
 .debug_aranges
                0x0000000000000660      0x100 ./Libraries/wch_libraries/Peripheral/ch32v10x_usart.o
 .debug_aranges
                0x0000000000000760       0x80 ./Libraries/seekfree_peripheral/SEEKFREE_ABSOLUTE_ENCODER.o
 .debug_aranges
                0x00000000000007e0       0x18 ./Libraries/seekfree_peripheral/SEEKFREE_FONT.o
 .debug_aranges
                0x00000000000007f8       0x70 ./Libraries/seekfree_peripheral/SEEKFREE_ICM20602.o
 .debug_aranges
                0x0000000000000868       0xa8 ./Libraries/seekfree_peripheral/SEEKFREE_OLED.o
 .debug_aranges
                0x0000000000000910       0x30 ./Libraries/seekfree_peripheral/SEEKFREE_PRINTF.o
 .debug_aranges
                0x0000000000000940       0x18 ./Libraries/seekfree_libraries/common.o
 .debug_aranges
                0x0000000000000958       0x40 ./Libraries/seekfree_libraries/zf_gpio.o
 .debug_aranges
                0x0000000000000998       0x40 ./Libraries/seekfree_libraries/zf_nvic.o
 .debug_aranges
                0x00000000000009d8       0x28 ./Libraries/seekfree_libraries/zf_pit.o
 .debug_aranges
                0x0000000000000a00       0x40 ./Libraries/seekfree_libraries/zf_pwm.o
 .debug_aranges
                0x0000000000000a40       0x30 ./Libraries/seekfree_libraries/zf_qtimer.o
 .debug_aranges
                0x0000000000000a70       0x30 ./Libraries/seekfree_libraries/zf_spi.o
 .debug_aranges
                0x0000000000000aa0       0x30 ./Libraries/seekfree_libraries/zf_systick.o
 .debug_aranges
                0x0000000000000ad0       0x58 ./Libraries/seekfree_libraries/zf_uart.o
 .debug_aranges
                0x0000000000000b28       0x28 ./Libraries/board/board.o
 .debug_aranges
                0x0000000000000b50       0x28 ./Libraries/board/clock_config.o
 .debug_aranges
                0x0000000000000b78       0x30 ./CODE/Control.o
 .debug_aranges
                0x0000000000000ba8       0x20 ./CODE/Get_deta.o
 .debug_aranges
                0x0000000000000bc8       0x30 ./CODE/Init.o
 .debug_aranges
                0x0000000000000bf8       0x48 ./CODE/Key.o
 .debug_aranges
                0x0000000000000c40       0x30 ./CODE/Motor.o
 .debug_aranges
                0x0000000000000c70       0x68 ./CODE/PIDcontrol.o
 .debug_aranges
                0x0000000000000cd8       0x58 ./CODE/menu.o
 .debug_aranges
                0x0000000000000d30       0x28 ./CODE/topicm.o

.debug_ranges   0x0000000000000000      0xb40
 .debug_ranges  0x0000000000000000       0x48 ./USER/isr.o
 .debug_ranges  0x0000000000000048       0x10 ./USER/main.o
 .debug_ranges  0x0000000000000058       0x28 ./Libraries/wch_libraries/Startup/startup_ch32v10x.o
 .debug_ranges  0x0000000000000080       0x90 ./Libraries/wch_libraries/Peripheral/ch32v10x_gpio.o
 .debug_ranges  0x0000000000000110       0x30 ./Libraries/wch_libraries/Peripheral/ch32v10x_misc.o
 .debug_ranges  0x0000000000000140      0x108 ./Libraries/wch_libraries/Peripheral/ch32v10x_rcc.o
 .debug_ranges  0x0000000000000248       0xc0 ./Libraries/wch_libraries/Peripheral/ch32v10x_spi.o
 .debug_ranges  0x0000000000000308      0x2e0 ./Libraries/wch_libraries/Peripheral/ch32v10x_tim.o
 .debug_ranges  0x00000000000005e8       0xf0 ./Libraries/wch_libraries/Peripheral/ch32v10x_usart.o
 .debug_ranges  0x00000000000006d8       0x70 ./Libraries/seekfree_peripheral/SEEKFREE_ABSOLUTE_ENCODER.o
 .debug_ranges  0x0000000000000748       0x60 ./Libraries/seekfree_peripheral/SEEKFREE_ICM20602.o
 .debug_ranges  0x00000000000007a8       0x98 ./Libraries/seekfree_peripheral/SEEKFREE_OLED.o
 .debug_ranges  0x0000000000000840       0x20 ./Libraries/seekfree_peripheral/SEEKFREE_PRINTF.o
 .debug_ranges  0x0000000000000860       0x30 ./Libraries/seekfree_libraries/zf_gpio.o
 .debug_ranges  0x0000000000000890       0x30 ./Libraries/seekfree_libraries/zf_nvic.o
 .debug_ranges  0x00000000000008c0       0x18 ./Libraries/seekfree_libraries/zf_pit.o
 .debug_ranges  0x00000000000008d8       0x30 ./Libraries/seekfree_libraries/zf_pwm.o
 .debug_ranges  0x0000000000000908       0x20 ./Libraries/seekfree_libraries/zf_qtimer.o
 .debug_ranges  0x0000000000000928       0x20 ./Libraries/seekfree_libraries/zf_spi.o
 .debug_ranges  0x0000000000000948       0x20 ./Libraries/seekfree_libraries/zf_systick.o
 .debug_ranges  0x0000000000000968       0x48 ./Libraries/seekfree_libraries/zf_uart.o
 .debug_ranges  0x00000000000009b0       0x18 ./Libraries/board/board.o
 .debug_ranges  0x00000000000009c8       0x18 ./Libraries/board/clock_config.o
 .debug_ranges  0x00000000000009e0       0x20 ./CODE/Control.o
 .debug_ranges  0x0000000000000a00       0x10 ./CODE/Get_deta.o
 .debug_ranges  0x0000000000000a10       0x20 ./CODE/Init.o
 .debug_ranges  0x0000000000000a30       0x38 ./CODE/Key.o
 .debug_ranges  0x0000000000000a68       0x20 ./CODE/Motor.o
 .debug_ranges  0x0000000000000a88       0x58 ./CODE/PIDcontrol.o
 .debug_ranges  0x0000000000000ae0       0x48 ./CODE/menu.o
 .debug_ranges  0x0000000000000b28       0x18 ./CODE/topicm.o

.debug_line     0x0000000000000000     0xf5e8
 .debug_line    0x0000000000000000      0x543 ./USER/isr.o
 .debug_line    0x0000000000000543      0x389 ./USER/main.o
 .debug_line    0x00000000000008cc      0x225 ./Libraries/wch_libraries/Startup/startup_ch32v10x.o
 .debug_line    0x0000000000000af1      0x968 ./Libraries/wch_libraries/Peripheral/ch32v10x_gpio.o
 .debug_line    0x0000000000001459      0x49b ./Libraries/wch_libraries/Peripheral/ch32v10x_misc.o
 .debug_line    0x00000000000018f4      0xc9e ./Libraries/wch_libraries/Peripheral/ch32v10x_rcc.o
 .debug_line    0x0000000000002592      0x9ec ./Libraries/wch_libraries/Peripheral/ch32v10x_spi.o
 .debug_line    0x0000000000002f7e     0x1f48 ./Libraries/wch_libraries/Peripheral/ch32v10x_tim.o
 .debug_line    0x0000000000004ec6      0xbcc ./Libraries/wch_libraries/Peripheral/ch32v10x_usart.o
 .debug_line    0x0000000000005a92      0x7ed ./Libraries/seekfree_peripheral/SEEKFREE_ABSOLUTE_ENCODER.o
 .debug_line    0x000000000000627f      0x1ba ./Libraries/seekfree_peripheral/SEEKFREE_FONT.o
 .debug_line    0x0000000000006439      0x7ed ./Libraries/seekfree_peripheral/SEEKFREE_ICM20602.o
 .debug_line    0x0000000000006c26     0x1252 ./Libraries/seekfree_peripheral/SEEKFREE_OLED.o
 .debug_line    0x0000000000007e78      0x73b ./Libraries/seekfree_peripheral/SEEKFREE_PRINTF.o
 .debug_line    0x00000000000085b3      0x17f ./Libraries/seekfree_libraries/common.o
 .debug_line    0x0000000000008732      0x61b ./Libraries/seekfree_libraries/zf_gpio.o
 .debug_line    0x0000000000008d4d      0x439 ./Libraries/seekfree_libraries/zf_nvic.o
 .debug_line    0x0000000000009186      0x495 ./Libraries/seekfree_libraries/zf_pit.o
 .debug_line    0x000000000000961b      0xa6d ./Libraries/seekfree_libraries/zf_pwm.o
 .debug_line    0x000000000000a088      0x57a ./Libraries/seekfree_libraries/zf_qtimer.o
 .debug_line    0x000000000000a602      0x596 ./Libraries/seekfree_libraries/zf_spi.o
 .debug_line    0x000000000000ab98      0x36e ./Libraries/seekfree_libraries/zf_systick.o
 .debug_line    0x000000000000af06      0x5bb ./Libraries/seekfree_libraries/zf_uart.o
 .debug_line    0x000000000000b4c1      0x370 ./Libraries/board/board.o
 .debug_line    0x000000000000b831      0x32a ./Libraries/board/clock_config.o
 .debug_line    0x000000000000bb5b      0x572 ./CODE/Control.o
 .debug_line    0x000000000000c0cd      0x424 ./CODE/Get_deta.o
 .debug_line    0x000000000000c4f1      0x620 ./CODE/Init.o
 .debug_line    0x000000000000cb11      0x617 ./CODE/Key.o
 .debug_line    0x000000000000d128      0x513 ./CODE/Motor.o
 .debug_line    0x000000000000d63b     0x10cf ./CODE/PIDcontrol.o
 .debug_line    0x000000000000e70a      0xb78 ./CODE/menu.o
 .debug_line    0x000000000000f282      0x366 ./CODE/topicm.o

.debug_str      0x0000000000000000     0x4221
 .debug_str     0x0000000000000000      0xd46 ./USER/isr.o
                                        0xe24 (size before relaxing)
 .debug_str     0x0000000000000d46      0x2b2 ./USER/main.o
                                        0xeb4 (size before relaxing)
 .debug_str     0x0000000000000ff8       0x5e ./Libraries/wch_libraries/Startup/startup_ch32v10x.o
 .debug_str     0x0000000000001056      0x381 ./Libraries/wch_libraries/Peripheral/ch32v10x_gpio.o
                                        0x513 (size before relaxing)
 .debug_str     0x00000000000013d7      0x3d5 ./Libraries/wch_libraries/Peripheral/ch32v10x_misc.o
                                        0x5c6 (size before relaxing)
 .debug_str     0x00000000000017ac      0x45e ./Libraries/wch_libraries/Peripheral/ch32v10x_rcc.o
                                        0x654 (size before relaxing)
 .debug_str     0x0000000000001c0a      0x375 ./Libraries/wch_libraries/Peripheral/ch32v10x_spi.o
                                        0x62f (size before relaxing)
 .debug_str     0x0000000000001f7f      0xabc ./Libraries/wch_libraries/Peripheral/ch32v10x_tim.o
                                        0xe3c (size before relaxing)
 .debug_str     0x0000000000002a3b      0x41d ./Libraries/wch_libraries/Peripheral/ch32v10x_usart.o
                                        0x6c6 (size before relaxing)
 .debug_str     0x0000000000002e58      0x237 ./Libraries/seekfree_peripheral/SEEKFREE_ABSOLUTE_ENCODER.o
                                        0xb4f (size before relaxing)
 .debug_str     0x000000000000308f       0x78 ./Libraries/seekfree_peripheral/SEEKFREE_FONT.o
                                        0x687 (size before relaxing)
 .debug_str     0x0000000000003107      0x120 ./Libraries/seekfree_peripheral/SEEKFREE_ICM20602.o
                                        0x8bf (size before relaxing)
 .debug_str     0x0000000000003227      0x176 ./Libraries/seekfree_peripheral/SEEKFREE_OLED.o
                                        0x8c7 (size before relaxing)
 .debug_str     0x000000000000339d       0xde ./Libraries/seekfree_peripheral/SEEKFREE_PRINTF.o
                                        0x712 (size before relaxing)
 .debug_str     0x000000000000347b       0x29 ./Libraries/seekfree_libraries/common.o
                                        0x638 (size before relaxing)
 .debug_str     0x00000000000034a4      0x19d ./Libraries/seekfree_libraries/zf_gpio.o
                                        0x950 (size before relaxing)
 .debug_str     0x0000000000003641       0xac ./Libraries/seekfree_libraries/zf_nvic.o
                                        0xa7b (size before relaxing)
 .debug_str     0x00000000000036ed       0x80 ./Libraries/seekfree_libraries/zf_pit.o
                                        0xb1d (size before relaxing)
 .debug_str     0x000000000000376d       0xa0 ./Libraries/seekfree_libraries/zf_pwm.o
                                        0xb83 (size before relaxing)
 .debug_str     0x000000000000380d      0x142 ./Libraries/seekfree_libraries/zf_qtimer.o
                                        0xa0f (size before relaxing)
 .debug_str     0x000000000000394f       0xb4 ./Libraries/seekfree_libraries/zf_spi.o
                                        0x9bd (size before relaxing)
 .debug_str     0x0000000000003a03       0xcd ./Libraries/seekfree_libraries/zf_systick.o
                                        0x70c (size before relaxing)
 .debug_str     0x0000000000003ad0       0xd3 ./Libraries/seekfree_libraries/zf_uart.o
                                        0xb62 (size before relaxing)
 .debug_str     0x0000000000003ba3       0x26 ./Libraries/board/board.o
                                        0x7ce (size before relaxing)
 .debug_str     0x0000000000003bc9       0x66 ./Libraries/board/clock_config.o
                                        0x274 (size before relaxing)
 .debug_str     0x0000000000003c2f      0x132 ./CODE/Control.o
                                        0xd43 (size before relaxing)
 .debug_str     0x0000000000003d61       0x80 ./CODE/Get_deta.o
                                        0xd2e (size before relaxing)
 .debug_str     0x0000000000003de1       0x29 ./CODE/Init.o
                                        0xebf (size before relaxing)
 .debug_str     0x0000000000003e0a       0xf8 ./CODE/Key.o
                                        0xe26 (size before relaxing)
 .debug_str     0x0000000000003f02       0x77 ./CODE/Motor.o
                                        0xe4d (size before relaxing)
 .debug_str     0x0000000000003f79       0xf0 ./CODE/PIDcontrol.o
                                        0xd8e (size before relaxing)
 .debug_str     0x0000000000004069      0x13a ./CODE/menu.o
                                        0xe51 (size before relaxing)
 .debug_str     0x00000000000041a3       0x7e ./CODE/topicm.o
                                        0xd17 (size before relaxing)

.comment        0x0000000000000000       0x33
 .comment       0x0000000000000000       0x33 ./USER/isr.o
                                         0x34 (size before relaxing)
 .comment       0x0000000000000033       0x34 ./USER/main.o
 .comment       0x0000000000000033       0x34 ./Libraries/wch_libraries/Peripheral/ch32v10x_gpio.o
 .comment       0x0000000000000033       0x34 ./Libraries/wch_libraries/Peripheral/ch32v10x_misc.o
 .comment       0x0000000000000033       0x34 ./Libraries/wch_libraries/Peripheral/ch32v10x_rcc.o
 .comment       0x0000000000000033       0x34 ./Libraries/wch_libraries/Peripheral/ch32v10x_spi.o
 .comment       0x0000000000000033       0x34 ./Libraries/wch_libraries/Peripheral/ch32v10x_tim.o
 .comment       0x0000000000000033       0x34 ./Libraries/wch_libraries/Peripheral/ch32v10x_usart.o
 .comment       0x0000000000000033       0x34 ./Libraries/seekfree_peripheral/SEEKFREE_ABSOLUTE_ENCODER.o
 .comment       0x0000000000000033       0x34 ./Libraries/seekfree_peripheral/SEEKFREE_FONT.o
 .comment       0x0000000000000033       0x34 ./Libraries/seekfree_peripheral/SEEKFREE_ICM20602.o
 .comment       0x0000000000000033       0x34 ./Libraries/seekfree_peripheral/SEEKFREE_OLED.o
 .comment       0x0000000000000033       0x34 ./Libraries/seekfree_peripheral/SEEKFREE_PRINTF.o
 .comment       0x0000000000000033       0x34 ./Libraries/seekfree_libraries/common.o
 .comment       0x0000000000000033       0x34 ./Libraries/seekfree_libraries/zf_gpio.o
 .comment       0x0000000000000033       0x34 ./Libraries/seekfree_libraries/zf_nvic.o
 .comment       0x0000000000000033       0x34 ./Libraries/seekfree_libraries/zf_pit.o
 .comment       0x0000000000000033       0x34 ./Libraries/seekfree_libraries/zf_pwm.o
 .comment       0x0000000000000033       0x34 ./Libraries/seekfree_libraries/zf_qtimer.o
 .comment       0x0000000000000033       0x34 ./Libraries/seekfree_libraries/zf_spi.o
 .comment       0x0000000000000033       0x34 ./Libraries/seekfree_libraries/zf_systick.o
 .comment       0x0000000000000033       0x34 ./Libraries/seekfree_libraries/zf_uart.o
 .comment       0x0000000000000033       0x34 ./Libraries/board/board.o
 .comment       0x0000000000000033       0x34 ./Libraries/board/clock_config.o
 .comment       0x0000000000000033       0x34 ./CODE/Control.o
 .comment       0x0000000000000033       0x34 ./CODE/Get_deta.o
 .comment       0x0000000000000033       0x34 ./CODE/Init.o
 .comment       0x0000000000000033       0x34 ./CODE/Key.o
 .comment       0x0000000000000033       0x34 ./CODE/Motor.o
 .comment       0x0000000000000033       0x34 ./CODE/PIDcontrol.o
 .comment       0x0000000000000033       0x34 ./CODE/menu.o
 .comment       0x0000000000000033       0x34 ./CODE/topicm.o

.debug_frame    0x0000000000000000     0x3bb4
 .debug_frame   0x0000000000000000      0x110 ./USER/isr.o
 .debug_frame   0x0000000000000110       0x2c ./USER/main.o
 .debug_frame   0x000000000000013c      0x244 ./Libraries/wch_libraries/Peripheral/ch32v10x_gpio.o
 .debug_frame   0x0000000000000380       0xb8 ./Libraries/wch_libraries/Peripheral/ch32v10x_misc.o
 .debug_frame   0x0000000000000438      0x418 ./Libraries/wch_libraries/Peripheral/ch32v10x_rcc.o
 .debug_frame   0x0000000000000850      0x2fc ./Libraries/wch_libraries/Peripheral/ch32v10x_spi.o
 .debug_frame   0x0000000000000b4c      0xbb4 ./Libraries/wch_libraries/Peripheral/ch32v10x_tim.o
 .debug_frame   0x0000000000001700      0x3bc ./Libraries/wch_libraries/Peripheral/ch32v10x_usart.o
 .debug_frame   0x0000000000001abc      0x1fc ./Libraries/seekfree_peripheral/SEEKFREE_ABSOLUTE_ENCODER.o
 .debug_frame   0x0000000000001cb8      0x19c ./Libraries/seekfree_peripheral/SEEKFREE_ICM20602.o
 .debug_frame   0x0000000000001e54      0x298 ./Libraries/seekfree_peripheral/SEEKFREE_OLED.o
 .debug_frame   0x00000000000020ec       0x7c ./Libraries/seekfree_peripheral/SEEKFREE_PRINTF.o
 .debug_frame   0x0000000000002168       0xbc ./Libraries/seekfree_libraries/zf_gpio.o
 .debug_frame   0x0000000000002224       0xbc ./Libraries/seekfree_libraries/zf_nvic.o
 .debug_frame   0x00000000000022e0       0x60 ./Libraries/seekfree_libraries/zf_pit.o
 .debug_frame   0x0000000000002340       0xc8 ./Libraries/seekfree_libraries/zf_pwm.o
 .debug_frame   0x0000000000002408       0x80 ./Libraries/seekfree_libraries/zf_qtimer.o
 .debug_frame   0x0000000000002488       0x80 ./Libraries/seekfree_libraries/zf_spi.o
 .debug_frame   0x0000000000002508       0x70 ./Libraries/seekfree_libraries/zf_systick.o
 .debug_frame   0x0000000000002578      0x12c ./Libraries/seekfree_libraries/zf_uart.o
 .debug_frame   0x00000000000026a4       0x58 ./Libraries/board/board.o
 .debug_frame   0x00000000000026fc       0x58 ./Libraries/board/clock_config.o
 .debug_frame   0x0000000000002754       0x80 ./CODE/Control.o
 .debug_frame   0x00000000000027d4       0x38 ./CODE/Get_deta.o
 .debug_frame   0x000000000000280c       0x84 ./CODE/Init.o
 .debug_frame   0x0000000000002890       0xe4 ./CODE/Key.o
 .debug_frame   0x0000000000002974       0x84 ./CODE/Motor.o
 .debug_frame   0x00000000000029f8      0x1c0 ./CODE/PIDcontrol.o
 .debug_frame   0x0000000000002bb8      0x134 ./CODE/menu.o
 .debug_frame   0x0000000000002cec       0x60 ./CODE/topicm.o
 .debug_frame   0x0000000000002d4c       0x44 d:/mounriver_studio/toolchain/risc-v embedded gcc/bin/../lib/gcc/riscv-none-embed/8.2.0/rv32imac/ilp32\libgcc.a(adddf3.o)
 .debug_frame   0x0000000000002d90       0x20 d:/mounriver_studio/toolchain/risc-v embedded gcc/bin/../lib/gcc/riscv-none-embed/8.2.0/rv32imac/ilp32\libgcc.a(eqdf2.o)
 .debug_frame   0x0000000000002db0       0x20 d:/mounriver_studio/toolchain/risc-v embedded gcc/bin/../lib/gcc/riscv-none-embed/8.2.0/rv32imac/ilp32\libgcc.a(ledf2.o)
 .debug_frame   0x0000000000002dd0       0x54 d:/mounriver_studio/toolchain/risc-v embedded gcc/bin/../lib/gcc/riscv-none-embed/8.2.0/rv32imac/ilp32\libgcc.a(muldf3.o)
 .debug_frame   0x0000000000002e24       0x44 d:/mounriver_studio/toolchain/risc-v embedded gcc/bin/../lib/gcc/riscv-none-embed/8.2.0/rv32imac/ilp32\libgcc.a(subdf3.o)
 .debug_frame   0x0000000000002e68       0x20 d:/mounriver_studio/toolchain/risc-v embedded gcc/bin/../lib/gcc/riscv-none-embed/8.2.0/rv32imac/ilp32\libgcc.a(fixdfsi.o)
 .debug_frame   0x0000000000002e88       0x38 d:/mounriver_studio/toolchain/risc-v embedded gcc/bin/../lib/gcc/riscv-none-embed/8.2.0/rv32imac/ilp32\libgcc.a(floatsidf.o)
 .debug_frame   0x0000000000002ec0       0x40 d:/mounriver_studio/toolchain/risc-v embedded gcc/bin/../lib/gcc/riscv-none-embed/8.2.0/rv32imac/ilp32\libgcc.a(addsf3.o)
 .debug_frame   0x0000000000002f00       0x50 d:/mounriver_studio/toolchain/risc-v embedded gcc/bin/../lib/gcc/riscv-none-embed/8.2.0/rv32imac/ilp32\libgcc.a(divsf3.o)
 .debug_frame   0x0000000000002f50       0x20 d:/mounriver_studio/toolchain/risc-v embedded gcc/bin/../lib/gcc/riscv-none-embed/8.2.0/rv32imac/ilp32\libgcc.a(gesf2.o)
 .debug_frame   0x0000000000002f70       0x20 d:/mounriver_studio/toolchain/risc-v embedded gcc/bin/../lib/gcc/riscv-none-embed/8.2.0/rv32imac/ilp32\libgcc.a(lesf2.o)
 .debug_frame   0x0000000000002f90       0x50 d:/mounriver_studio/toolchain/risc-v embedded gcc/bin/../lib/gcc/riscv-none-embed/8.2.0/rv32imac/ilp32\libgcc.a(mulsf3.o)
 .debug_frame   0x0000000000002fe0       0x3c d:/mounriver_studio/toolchain/risc-v embedded gcc/bin/../lib/gcc/riscv-none-embed/8.2.0/rv32imac/ilp32\libgcc.a(subsf3.o)
 .debug_frame   0x000000000000301c       0x20 d:/mounriver_studio/toolchain/risc-v embedded gcc/bin/../lib/gcc/riscv-none-embed/8.2.0/rv32imac/ilp32\libgcc.a(fixsfsi.o)
 .debug_frame   0x000000000000303c       0x38 d:/mounriver_studio/toolchain/risc-v embedded gcc/bin/../lib/gcc/riscv-none-embed/8.2.0/rv32imac/ilp32\libgcc.a(floatsisf.o)
 .debug_frame   0x0000000000003074       0x38 d:/mounriver_studio/toolchain/risc-v embedded gcc/bin/../lib/gcc/riscv-none-embed/8.2.0/rv32imac/ilp32\libgcc.a(extendsfdf2.o)
 .debug_frame   0x00000000000030ac       0x20 d:/mounriver_studio/toolchain/risc-v embedded gcc/bin/../lib/gcc/riscv-none-embed/8.2.0/rv32imac/ilp32\libgcc.a(_clzsi2.o)
 .debug_frame   0x00000000000030cc       0x40 d:/mounriver_studio/toolchain/risc-v embedded gcc/bin/../lib/gcc/riscv-none-embed/8.2.0/../../../../riscv-none-embed/lib/rv32imac/ilp32\libg_nano.a(lib_a-assert.o)
 .debug_frame   0x000000000000310c       0x48 d:/mounriver_studio/toolchain/risc-v embedded gcc/bin/../lib/gcc/riscv-none-embed/8.2.0/../../../../riscv-none-embed/lib/rv32imac/ilp32\libg_nano.a(lib_a-fprintf.o)
 .debug_frame   0x0000000000003154       0x20 d:/mounriver_studio/toolchain/risc-v embedded gcc/bin/../lib/gcc/riscv-none-embed/8.2.0/../../../../riscv-none-embed/lib/rv32imac/ilp32\libg_nano.a(lib_a-memcpy.o)
 .debug_frame   0x0000000000003174       0xd0 d:/mounriver_studio/toolchain/risc-v embedded gcc/bin/../lib/gcc/riscv-none-embed/8.2.0/../../../../riscv-none-embed/lib/rv32imac/ilp32\libg_nano.a(lib_a-nano-vfprintf.o)
 .debug_frame   0x0000000000003244       0x8c d:/mounriver_studio/toolchain/risc-v embedded gcc/bin/../lib/gcc/riscv-none-embed/8.2.0/../../../../riscv-none-embed/lib/rv32imac/ilp32\libg_nano.a(lib_a-nano-vfprintf_i.o)
 .debug_frame   0x00000000000032d0       0x50 d:/mounriver_studio/toolchain/risc-v embedded gcc/bin/../lib/gcc/riscv-none-embed/8.2.0/../../../../riscv-none-embed/lib/rv32imac/ilp32\libg_nano.a(lib_a-wbuf.o)
 .debug_frame   0x0000000000003320       0x3c d:/mounriver_studio/toolchain/risc-v embedded gcc/bin/../lib/gcc/riscv-none-embed/8.2.0/../../../../riscv-none-embed/lib/rv32imac/ilp32\libg_nano.a(lib_a-wsetup.o)
 .debug_frame   0x000000000000335c       0x28 d:/mounriver_studio/toolchain/risc-v embedded gcc/bin/../lib/gcc/riscv-none-embed/8.2.0/../../../../riscv-none-embed/lib/rv32imac/ilp32\libg_nano.a(lib_a-abort.o)
 .debug_frame   0x0000000000003384       0x7c d:/mounriver_studio/toolchain/risc-v embedded gcc/bin/../lib/gcc/riscv-none-embed/8.2.0/../../../../riscv-none-embed/lib/rv32imac/ilp32\libg_nano.a(lib_a-fflush.o)
 .debug_frame   0x0000000000003400      0x148 d:/mounriver_studio/toolchain/risc-v embedded gcc/bin/../lib/gcc/riscv-none-embed/8.2.0/../../../../riscv-none-embed/lib/rv32imac/ilp32\libg_nano.a(lib_a-findfp.o)
 .debug_frame   0x0000000000003548       0x88 d:/mounriver_studio/toolchain/risc-v embedded gcc/bin/../lib/gcc/riscv-none-embed/8.2.0/../../../../riscv-none-embed/lib/rv32imac/ilp32\libg_nano.a(lib_a-fwalk.o)
 .debug_frame   0x00000000000035d0       0x64 d:/mounriver_studio/toolchain/risc-v embedded gcc/bin/../lib/gcc/riscv-none-embed/8.2.0/../../../../riscv-none-embed/lib/rv32imac/ilp32\libg_nano.a(lib_a-makebuf.o)
 .debug_frame   0x0000000000003634       0x20 d:/mounriver_studio/toolchain/risc-v embedded gcc/bin/../lib/gcc/riscv-none-embed/8.2.0/../../../../riscv-none-embed/lib/rv32imac/ilp32\libg_nano.a(lib_a-memchr.o)
 .debug_frame   0x0000000000003654       0x40 d:/mounriver_studio/toolchain/risc-v embedded gcc/bin/../lib/gcc/riscv-none-embed/8.2.0/../../../../riscv-none-embed/lib/rv32imac/ilp32\libg_nano.a(lib_a-nano-freer.o)
 .debug_frame   0x0000000000003694       0x40 d:/mounriver_studio/toolchain/risc-v embedded gcc/bin/../lib/gcc/riscv-none-embed/8.2.0/../../../../riscv-none-embed/lib/rv32imac/ilp32\libg_nano.a(lib_a-nano-mallocr.o)
 .debug_frame   0x00000000000036d4       0x30 d:/mounriver_studio/toolchain/risc-v embedded gcc/bin/../lib/gcc/riscv-none-embed/8.2.0/../../../../riscv-none-embed/lib/rv32imac/ilp32\libg_nano.a(lib_a-sbrkr.o)
 .debug_frame   0x0000000000003704       0xec d:/mounriver_studio/toolchain/risc-v embedded gcc/bin/../lib/gcc/riscv-none-embed/8.2.0/../../../../riscv-none-embed/lib/rv32imac/ilp32\libg_nano.a(lib_a-signal.o)
 .debug_frame   0x00000000000037f0       0x40 d:/mounriver_studio/toolchain/risc-v embedded gcc/bin/../lib/gcc/riscv-none-embed/8.2.0/../../../../riscv-none-embed/lib/rv32imac/ilp32\libg_nano.a(lib_a-signalr.o)
 .debug_frame   0x0000000000003830       0xa4 d:/mounriver_studio/toolchain/risc-v embedded gcc/bin/../lib/gcc/riscv-none-embed/8.2.0/../../../../riscv-none-embed/lib/rv32imac/ilp32\libg_nano.a(lib_a-stdio.o)
 .debug_frame   0x00000000000038d4       0x30 d:/mounriver_studio/toolchain/risc-v embedded gcc/bin/../lib/gcc/riscv-none-embed/8.2.0/../../../../riscv-none-embed/lib/rv32imac/ilp32\libg_nano.a(lib_a-writer.o)
 .debug_frame   0x0000000000003904       0x30 d:/mounriver_studio/toolchain/risc-v embedded gcc/bin/../lib/gcc/riscv-none-embed/8.2.0/../../../../riscv-none-embed/lib/rv32imac/ilp32\libg_nano.a(lib_a-closer.o)
 .debug_frame   0x0000000000003934       0x30 d:/mounriver_studio/toolchain/risc-v embedded gcc/bin/../lib/gcc/riscv-none-embed/8.2.0/../../../../riscv-none-embed/lib/rv32imac/ilp32\libg_nano.a(lib_a-fstatr.o)
 .debug_frame   0x0000000000003964       0x30 d:/mounriver_studio/toolchain/risc-v embedded gcc/bin/../lib/gcc/riscv-none-embed/8.2.0/../../../../riscv-none-embed/lib/rv32imac/ilp32\libg_nano.a(lib_a-isattyr.o)
 .debug_frame   0x0000000000003994       0x30 d:/mounriver_studio/toolchain/risc-v embedded gcc/bin/../lib/gcc/riscv-none-embed/8.2.0/../../../../riscv-none-embed/lib/rv32imac/ilp32\libg_nano.a(lib_a-lseekr.o)
 .debug_frame   0x00000000000039c4       0x30 d:/mounriver_studio/toolchain/risc-v embedded gcc/bin/../lib/gcc/riscv-none-embed/8.2.0/../../../../riscv-none-embed/lib/rv32imac/ilp32\libg_nano.a(lib_a-mlock.o)