Archive member included to satisfy reference by file (symbol)

c:/mounriver_studio/toolchain/risc-v embedded gcc/bin/../lib/gcc/riscv-none-embed/8.2.0/rv32imac/ilp32\libgcc.a(adddf3.o)
                              ./CODE/Image_process.o (__adddf3)
c:/mounriver_studio/toolchain/risc-v embedded gcc/bin/../lib/gcc/riscv-none-embed/8.2.0/rv32imac/ilp32\libgcc.a(divdf3.o)
                              ./CODE/Image_process.o (__divdf3)
c:/mounriver_studio/toolchain/risc-v embedded gcc/bin/../lib/gcc/riscv-none-embed/8.2.0/rv32imac/ilp32\libgcc.a(eqdf2.o)
                              ./Libraries/seekfree_peripheral/SEEKFREE_PRINTF.o (__nedf2)
c:/mounriver_studio/toolchain/risc-v embedded gcc/bin/../lib/gcc/riscv-none-embed/8.2.0/rv32imac/ilp32\libgcc.a(ledf2.o)
                              ./Libraries/seekfree_peripheral/SEEKFREE_OLED.o (__ltdf2)
c:/mounriver_studio/toolchain/risc-v embedded gcc/bin/../lib/gcc/riscv-none-embed/8.2.0/rv32imac/ilp32\libgcc.a(muldf3.o)
                              ./Libraries/seekfree_peripheral/SEEKFREE_PRINTF.o (__muldf3)
c:/mounriver_studio/toolchain/risc-v embedded gcc/bin/../lib/gcc/riscv-none-embed/8.2.0/rv32imac/ilp32\libgcc.a(subdf3.o)
                              ./Libraries/seekfree_peripheral/SEEKFREE_PRINTF.o (__subdf3)
c:/mounriver_studio/toolchain/risc-v embedded gcc/bin/../lib/gcc/riscv-none-embed/8.2.0/rv32imac/ilp32\libgcc.a(fixdfsi.o)
                              ./Libraries/seekfree_peripheral/SEEKFREE_PRINTF.o (__fixdfsi)
c:/mounriver_studio/toolchain/risc-v embedded gcc/bin/../lib/gcc/riscv-none-embed/8.2.0/rv32imac/ilp32\libgcc.a(fixunsdfsi.o)
                              ./CODE/Main_control.o (__fixunsdfsi)
c:/mounriver_studio/toolchain/risc-v embedded gcc/bin/../lib/gcc/riscv-none-embed/8.2.0/rv32imac/ilp32\libgcc.a(floatsidf.o)
                              ./Libraries/seekfree_peripheral/SEEKFREE_PRINTF.o (__floatsidf)
c:/mounriver_studio/toolchain/risc-v embedded gcc/bin/../lib/gcc/riscv-none-embed/8.2.0/rv32imac/ilp32\libgcc.a(addsf3.o)
                              ./CODE/Gete_image.o (__addsf3)
c:/mounriver_studio/toolchain/risc-v embedded gcc/bin/../lib/gcc/riscv-none-embed/8.2.0/rv32imac/ilp32\libgcc.a(divsf3.o)
                              ./CODE/Gete_image.o (__divsf3)
c:/mounriver_studio/toolchain/risc-v embedded gcc/bin/../lib/gcc/riscv-none-embed/8.2.0/rv32imac/ilp32\libgcc.a(eqsf2.o)
                              ./CODE/Main_control.o (__nesf2)
c:/mounriver_studio/toolchain/risc-v embedded gcc/bin/../lib/gcc/riscv-none-embed/8.2.0/rv32imac/ilp32\libgcc.a(gesf2.o)
                              ./CODE/Image_process.o (__gesf2)
c:/mounriver_studio/toolchain/risc-v embedded gcc/bin/../lib/gcc/riscv-none-embed/8.2.0/rv32imac/ilp32\libgcc.a(lesf2.o)
                              ./CODE/Image_process.o (__lesf2)
c:/mounriver_studio/toolchain/risc-v embedded gcc/bin/../lib/gcc/riscv-none-embed/8.2.0/rv32imac/ilp32\libgcc.a(mulsf3.o)
                              ./CODE/Gete_image.o (__mulsf3)
c:/mounriver_studio/toolchain/risc-v embedded gcc/bin/../lib/gcc/riscv-none-embed/8.2.0/rv32imac/ilp32\libgcc.a(subsf3.o)
                              ./CODE/Gete_image.o (__subsf3)
c:/mounriver_studio/toolchain/risc-v embedded gcc/bin/../lib/gcc/riscv-none-embed/8.2.0/rv32imac/ilp32\libgcc.a(fixsfsi.o)
                              ./CODE/Image_process.o (__fixsfsi)
c:/mounriver_studio/toolchain/risc-v embedded gcc/bin/../lib/gcc/riscv-none-embed/8.2.0/rv32imac/ilp32\libgcc.a(floatsisf.o)
                              ./CODE/Gete_image.o (__floatsisf)
c:/mounriver_studio/toolchain/risc-v embedded gcc/bin/../lib/gcc/riscv-none-embed/8.2.0/rv32imac/ilp32\libgcc.a(floatunsisf.o)
                              ./CODE/Gete_image.o (__floatunsisf)
c:/mounriver_studio/toolchain/risc-v embedded gcc/bin/../lib/gcc/riscv-none-embed/8.2.0/rv32imac/ilp32\libgcc.a(extendsfdf2.o)
                              ./CODE/Main_control.o (__extendsfdf2)
c:/mounriver_studio/toolchain/risc-v embedded gcc/bin/../lib/gcc/riscv-none-embed/8.2.0/rv32imac/ilp32\libgcc.a(truncdfsf2.o)
                              ./CODE/Image_process.o (__truncdfsf2)
c:/mounriver_studio/toolchain/risc-v embedded gcc/bin/../lib/gcc/riscv-none-embed/8.2.0/rv32imac/ilp32\libgcc.a(_clzsi2.o)
                              c:/mounriver_studio/toolchain/risc-v embedded gcc/bin/../lib/gcc/riscv-none-embed/8.2.0/rv32imac/ilp32\libgcc.a(adddf3.o) (__clzsi2)
c:/mounriver_studio/toolchain/risc-v embedded gcc/bin/../lib/gcc/riscv-none-embed/8.2.0/rv32imac/ilp32\libgcc.a(_clz.o)
                              c:/mounriver_studio/toolchain/risc-v embedded gcc/bin/../lib/gcc/riscv-none-embed/8.2.0/rv32imac/ilp32\libgcc.a(_clzsi2.o) (__clz_tab)
c:/mounriver_studio/toolchain/risc-v embedded gcc/bin/../lib/gcc/riscv-none-embed/8.2.0/../../../../riscv-none-embed/lib/rv32imac/ilp32\libg_nano.a(lib_a-assert.o)
                              ./Libraries/seekfree_peripheral/SEEKFREE_OLED.o (__assert_func)
[...]
Memory Configuration

Name             Origin             Length             Attributes
FLASH            0x0000000000000000 0x0000000000010000 xr
RAM              0x0000000020000000 0x0000000000005000 xrw
*default*        0x0000000000000000 0xffffffffffffffff

Linker script and memory map

LOAD ./USER/isr.o
LOAD ./USER/main.o
LOAD ./Libraries/wch_libraries/Startup/startup_ch32v10x.o
LOAD ./Libraries/wch_libraries/Peripheral/ch32v10x_adc.o
LOAD ./Libraries/wch_libraries/Peripheral/ch32v10x_bkp.o
LOAD ./Libraries/wch_libraries/Peripheral/ch32v10x_crc.o
LOAD ./Libraries/wch_libraries/Peripheral/ch32v10x_dbgmcu.o
LOAD ./Libraries/wch_libraries/Peripheral/ch32v10x_dma.o
LOAD ./Libraries/wch_libraries/Peripheral/ch32v10x_exti.o
LOAD ./Libraries/wch_libraries/Peripheral/ch32v10x_flash.o
LOAD ./Libraries/wch_libraries/Peripheral/ch32v10x_gpio.o
LOAD ./Libraries/wch_libraries/Peripheral/ch32v10x_i2c.o
LOAD ./Libraries/wch_libraries/Peripheral/ch32v10x_iwdg.o
LOAD ./Libraries/wch_libraries/Peripheral/ch32v10x_misc.o
LOAD ./Libraries/wch_libraries/Peripheral/ch32v10x_pwr.o
LOAD ./Libraries/wch_libraries/Peripheral/ch32v10x_rcc.o
LOAD ./Libraries/wch_libraries/Peripheral/ch32v10x_rtc.o
LOAD ./Libraries/wch_libraries/Peripheral/ch32v10x_spi.o
LOAD ./Libraries/wch_libraries/Peripheral/ch32v10x_tim.o
LOAD ./Libraries/wch_libraries/Peripheral/ch32v10x_usart.o
LOAD ./Libraries/wch_libraries/Peripheral/ch32v10x_usb.o
LOAD ./Libraries/wch_libraries/Peripheral/ch32v10x_usb_host.o
LOAD ./Libraries/wch_libraries/Peripheral/ch32v10x_wwdg.o
LOAD ./Libraries/wch_libraries/Core/core_riscv.o
LOAD ./Libraries/seekfree_peripheral/SEEKFREE_FONT.o
LOAD ./Libraries/seekfree_peripheral/SEEKFREE_IIC.o
LOAD ./Libraries/seekfree_peripheral/SEEKFREE_MT9V03X.o
LOAD ./Libraries/seekfree_peripheral/SEEKFREE_OLED.o
LOAD ./Libraries/seekfree_peripheral/SEEKFREE_PRINTF.o
LOAD ./Libraries/seekfree_peripheral/SEEKFREE_WIRELESS.o
LOAD ./Libraries/seekfree_libraries/common.o
LOAD ./Libraries/seekfree_libraries/misc.o
LOAD ./Libraries/seekfree_libraries/zf_adc.o
LOAD ./Libraries/seekfree_libraries/zf_camera.o
LOAD ./Libraries/seekfree_libraries/zf_flash.o
LOAD ./Libraries/seekfree_libraries/zf_gpio.o
LOAD ./Libraries/seekfree_libraries/zf_nvic.o
LOAD ./Libraries/seekfree_libraries/zf_pit.o
LOAD ./Libraries/seekfree_libraries/zf_pwm.o
LOAD ./Libraries/seekfree_libraries/zf_qtimer.o
LOAD ./Libraries/seekfree_libraries/zf_spi.o
LOAD ./Libraries/seekfree_libraries/zf_systick.o
LOAD ./Libraries/seekfree_libraries/zf_uart.o
LOAD ./Libraries/board/board.o
LOAD ./Libraries/board/clock_config.o
LOAD ./CODE/Gete_image.o
LOAD ./CODE/Image_cross.o
LOAD ./CODE/Image_process.o
LOAD ./CODE/Image_ring.o
LOAD ./CODE/Init.o
LOAD ./CODE/Key.o
LOAD ./CODE/Main_control.o
LOAD ./CODE/Send_date.o
LOAD ./CODE/flash.o
LOAD ./CODE/menu.o
LOAD ./CODE/sancha.o
LOAD c:/mounriver_studio/toolchain/risc-v embedded gcc/bin/../lib/gcc/riscv-none-embed/8.2.0/../../../../riscv-none-embed/lib/rv32imac/ilp32\libm.a
LOAD c:/mounriver_studio/toolchain/risc-v embedded gcc/bin/../lib/gcc/riscv-none-embed/8.2.0/rv32imac/ilp32\libgcc.a
LOAD c:/mounriver_studio/toolchain/risc-v embedded gcc/bin/../lib/gcc/riscv-none-embed/8.2.0/../../../../riscv-none-embed/lib/rv32imac/ilp32\libg_nano.a
LOAD c:/mounriver_studio/toolchain/risc-v embedded gcc/bin/../lib/gcc/riscv-none-embed/8.2.0/../../../../riscv-none-embed/lib/rv32imac/ilp32\libc_nano.a
LOAD c:/mounriver_studio/toolchain/risc-v embedded gcc/bin/../lib/gcc/riscv-none-embed/8.2.0/rv32imac/ilp32\libgcc.a
START GROUP
LOAD c:/mounriver_studio/toolchain/risc-v embedded gcc/bin/../lib/gcc/riscv-none-embed/8.2.0/rv32imac/ilp32\libgcc.a
LOAD c:/mounriver_studio/toolchain/risc-v embedded gcc/bin/../lib/gcc/riscv-none-embed/8.2.0/../../../../riscv-none-embed/lib/rv32imac/ilp32\libc_nano.a
LOAD c:/mounriver_studio/toolchain/risc-v embedded gcc/bin/../lib/gcc/riscv-none-embed/8.2.0/../../../../riscv-none-embed/lib/rv32imac/ilp32\libnosys.a
END GROUP
START GROUP
LOAD c:/mounriver_studio/toolchain/risc-v embedded gcc/bin/../lib/gcc/riscv-none-embed/8.2.0/rv32imac/ilp32\libgcc.a
LOAD c:/mounriver_studio/toolchain/risc-v embedded gcc/bin/../lib/gcc/riscv-none-embed/8.2.0/../../../../riscv-none-embed/lib/rv32imac/ilp32\libc_nano.a
LOAD c:/mounriver_studio/toolchain/risc-v embedded gcc/bin/../lib/gcc/riscv-none-embed/8.2.0/../../../../riscv-none-embed/lib/rv32imac/ilp32\libnosys.a
END GROUP
                0x0000000000000800                __stack_size = 0x800
                [!provide]                        PROVIDE (_stack_size = __stack_size)

.init           0x0000000000000000       0x38
                0x0000000000000000                _sinit = .
                0x0000000000000000                . = ALIGN (0x4)
 *(SORT_NONE(.init))
 .init          0x0000000000000000       0x38 ./Libraries/wch_libraries/Startup/startup_ch32v10x.o
                0x0000000000000000                _start
                0x0000000000000038                . = ALIGN (0x4)
                0x0000000000000038                _einit = .

.vector         0x0000000000000038      0x108
 *(.vector)
 .vector        0x0000000000000038       0xf0 ./Libraries/wch_libraries/Startup/startup_ch32v10x.o
                0x0000000000000140                . = ALIGN (0x40)
 *fill*         0x0000000000000128       0x18 

.text           0x0000000000000140     0xf288
                0x0000000000000140                . = ALIGN (0x4)
 *(.text)
 .text          0x0000000000000140       0xa8 c:/mounriver_studio/toolchain/risc-v embedded gcc/bin/../lib/gcc/riscv-none-embed/8.2.0/../../../../riscv-none-embed/lib/rv32imac/ilp32\libg_nano.a(lib_a-memset.o)
                0x0000000000000140                memset
 *(.text.*)
 .text.EXTI0_IRQHandler
                0x00000000000001e8       0x10 ./USER/isr.o
                0x00000000000001e8                EXTI0_IRQHandler
 .text.EXTI1_IRQHandler
                0x00000000000001f8       0x28 ./USER/isr.o
                0x00000000000001f8                EXTI1_IRQHandler
 .text.EXTI2_IRQHandler
                0x0000000000000220       0x16 ./USER/isr.o
                0x0000000000000220                EXTI2_IRQHandler
 .text.EXTI3_IRQHandler
                0x0000000000000236       0x10 ./USER/isr.o
                0x0000000000000236                EXTI3_IRQHandler
 .text.EXTI4_IRQHandler
                0x0000000000000246       0x10 ./USER/isr.o
                0x0000000000000246                EXTI4_IRQHandler
 .text.EXTI9_5_IRQHandler
                0x0000000000000256       0x10 ./USER/isr.o
                0x0000000000000256                EXTI9_5_IRQHandler
 .text.EXTI15_10_IRQHandler
                0x0000000000000266       0x10 ./USER/isr.o
                0x0000000000000266                EXTI15_10_IRQHandler
 .text.ADC1_2_IRQHandler
                0x0000000000000276       0x10 ./USER/isr.o
                0x0000000000000276                ADC1_2_IRQHandler
 .text.TIM1_BRK_IRQHandler
                0x0000000000000286       0x34 ./USER/isr.o
                0x0000000000000286                TIM1_BRK_IRQHandler
 .text.TIM1_UP_IRQHandler
                0x00000000000002ba       0x30 ./USER/isr.o
                0x00000000000002ba                TIM1_UP_IRQHandler
 .text.TIM1_TRG_COM_IRQHandler
                0x00000000000002ea       0x58 ./USER/isr.o
                0x00000000000002ea                TIM1_TRG_COM_IRQHandler
 .text.TIM1_CC_IRQHandler
                0x0000000000000342       0x90 ./USER/isr.o
                0x0000000000000342                TIM1_CC_IRQHandler
 .text.TIM2_IRQHandler
                0x00000000000003d2       0x2e ./USER/isr.o
                0x00000000000003d2                TIM2_IRQHandler
 .text.TIM3_IRQHandler
                0x0000000000000400       0x54 ./USER/isr.o
                0x0000000000000400                TIM3_IRQHandler
 .text.TIM4_IRQHandler
                0x0000000000000454       0x30 ./USER/isr.o
                0x0000000000000454                TIM4_IRQHandler
 .text.USART1_IRQHandler
                0x0000000000000484       0x34 ./USER/isr.o
                0x0000000000000484                USART1_IRQHandler
 .text.USART2_IRQHandler
                0x00000000000004b8       0x38 ./USER/isr.o
                0x00000000000004b8                USART2_IRQHandler
 .text.USART3_IRQHandler
                0x00000000000004f0       0x10 ./USER/isr.o
                0x00000000000004f0                USART3_IRQHandler
 .text.DMA1_Channel4_IRQHandler
                0x0000000000000500       0x24 ./USER/isr.o
                0x0000000000000500                DMA1_Channel4_IRQHandler
 .text.NMI_Handler
                0x0000000000000524       0x10 ./USER/isr.o
                0x0000000000000524                NMI_Handler
 .text.HardFault_Handler
                0x0000000000000534        0x8 ./USER/isr.o
                0x0000000000000534                HardFault_Handler
 .text.main     0x000000000000053c       0x12 ./USER/main.o
                0x000000000000053c                main
 .text.handle_reset
                0x000000000000054e       0x7e ./Libraries/wch_libraries/Startup/startup_ch32v10x.o
                0x000000000000054e                handle_reset
 .text.DMA_DeInit
                0x00000000000005cc      0x20e ./Libraries/wch_libraries/Peripheral/ch32v10x_dma.o
                0x00000000000005cc                DMA_DeInit
 .text.DMA_Init
                0x00000000000007da       0xa8 ./Libraries/wch_libraries/Peripheral/ch32v10x_dma.o
                0x00000000000007da                DMA_Init
 .text.DMA_Cmd  0x0000000000000882       0x40 ./Libraries/wch_libraries/Peripheral/ch32v10x_dma.o
                0x0000000000000882                DMA_Cmd
 .text.DMA_ITConfig
                0x00000000000008c2       0x4a ./Libraries/wch_libraries/Peripheral/ch32v10x_dma.o
                0x00000000000008c2                DMA_ITConfig
 .text.DMA_GetFlagStatus
                0x000000000000090c       0x5c ./Libraries/wch_libraries/Peripheral/ch32v10x_dma.o
                0x000000000000090c                DMA_GetFlagStatus
 .text.DMA_ClearFlag
                0x0000000000000968       0x38 ./Libraries/wch_libraries/Peripheral/ch32v10x_dma.o
                0x0000000000000968                DMA_ClearFlag
 .text.EXTI_Init
                0x00000000000009a0      0x170 ./Libraries/wch_libraries/Peripheral/ch32v10x_exti.o
                0x00000000000009a0                EXTI_Init
 .text.EXTI_GetITStatus
                0x0000000000000b10       0x56 ./Libraries/wch_libraries/Peripheral/ch32v10x_exti.o
                0x0000000000000b10                EXTI_GetITStatus
 .text.EXTI_ClearITPendingBit
                0x0000000000000b66       0x20 ./Libraries/wch_libraries/Peripheral/ch32v10x_exti.o
                0x0000000000000b66                EXTI_ClearITPendingBit
 .text.GPIO_Init
                0x0000000000000b86      0x22a ./Libraries/wch_libraries/Peripheral/ch32v10x_gpio.o
                0x0000000000000b86                GPIO_Init
 .text.GPIO_WriteBit
                0x0000000000000db0       0x38 ./Libraries/wch_libraries/Peripheral/ch32v10x_gpio.o
                0x0000000000000db0                GPIO_WriteBit
 .text.GPIO_PinRemapConfig
                0x0000000000000de8      0x13c ./Libraries/wch_libraries/Peripheral/ch32v10x_gpio.o
                0x0000000000000de8                GPIO_PinRemapConfig
 .text.GPIO_EXTILineConfig
                0x0000000000000f24       0xa2 ./Libraries/wch_libraries/Peripheral/ch32v10x_gpio.o
                0x0000000000000f24                GPIO_EXTILineConfig
 .text.NVIC_EnableIRQ
                0x0000000000000fc6       0x32 ./Libraries/wch_libraries/Peripheral/ch32v10x_misc.o
 .text.NVIC_DisableIRQ
                0x0000000000000ff8       0x32 ./Libraries/wch_libraries/Peripheral/ch32v10x_misc.o
 .text.NVIC_SetPriority
                0x000000000000102a       0x2a ./Libraries/wch_libraries/Peripheral/ch32v10x_misc.o
 .text.NVIC_Init
                0x0000000000001054       0xc4 ./Libraries/wch_libraries/Peripheral/ch32v10x_misc.o
                0x0000000000001054                NVIC_Init
 .text.RCC_GetClocksFreq
                0x0000000000001118      0x21a ./Libraries/wch_libraries/Peripheral/ch32v10x_rcc.o
                0x0000000000001118                RCC_GetClocksFreq
 .text.RCC_AHBPeriphClockCmd
                0x0000000000001332       0x46 ./Libraries/wch_libraries/Peripheral/ch32v10x_rcc.o
                0x0000000000001332                RCC_AHBPeriphClockCmd
 .text.RCC_APB2PeriphClockCmd
                0x0000000000001378       0x46 ./Libraries/wch_libraries/Peripheral/ch32v10x_rcc.o
                0x0000000000001378                RCC_APB2PeriphClockCmd
 .text.RCC_APB1PeriphClockCmd
                0x00000000000013be       0x46 ./Libraries/wch_libraries/Peripheral/ch32v10x_rcc.o
                0x00000000000013be                RCC_APB1PeriphClockCmd
 .text.TIM_TimeBaseInit
                0x0000000000001404       0xfa ./Libraries/wch_libraries/Peripheral/ch32v10x_tim.o
                0x0000000000001404                TIM_TimeBaseInit
 .text.TIM_Cmd  0x00000000000014fe       0x58 ./Libraries/wch_libraries/Peripheral/ch32v10x_tim.o
                0x00000000000014fe                TIM_Cmd
 .text.TIM_ITConfig
                0x0000000000001556       0x70 ./Libraries/wch_libraries/Peripheral/ch32v10x_tim.o
                0x0000000000001556                TIM_ITConfig
 .text.TIM_DMACmd
                0x00000000000015c6       0x70 ./Libraries/wch_libraries/Peripheral/ch32v10x_tim.o
                0x00000000000015c6                TIM_DMACmd
 .text.TIM_ETRClockMode1Config
                0x0000000000001636       0x8a ./Libraries/wch_libraries/Peripheral/ch32v10x_tim.o
                0x0000000000001636                TIM_ETRClockMode1Config
 .text.TIM_ETRConfig
                0x00000000000016c0       0x7c ./Libraries/wch_libraries/Peripheral/ch32v10x_tim.o
                0x00000000000016c0                TIM_ETRConfig
 .text.TIM_SelectInputTrigger
                0x000000000000173c       0x4e ./Libraries/wch_libraries/Peripheral/ch32v10x_tim.o
                0x000000000000173c                TIM_SelectInputTrigger
 .text.TIM_SelectSlaveMode
                0x000000000000178a       0x56 ./Libraries/wch_libraries/Peripheral/ch32v10x_tim.o
                0x000000000000178a                TIM_SelectSlaveMode
 .text.TIM_SelectMasterSlaveMode
                0x00000000000017e0       0x58 ./Libraries/wch_libraries/Peripheral/ch32v10x_tim.o
                0x00000000000017e0                TIM_SelectMasterSlaveMode
 .text.TIM_GetITStatus
                0x0000000000001838       0x70 ./Libraries/wch_libraries/Peripheral/ch32v10x_tim.o
                0x0000000000001838                TIM_GetITStatus
 .text.TIM_ClearITPendingBit
                0x00000000000018a8       0x2e ./Libraries/wch_libraries/Peripheral/ch32v10x_tim.o
                0x00000000000018a8                TIM_ClearITPendingBit
 .text.USART_Init
                0x00000000000018d6      0x234 ./Libraries/wch_libraries/Peripheral/ch32v10x_usart.o
                0x00000000000018d6                USART_Init
 .text.USART_Cmd
                0x0000000000001b0a       0x60 ./Libraries/wch_libraries/Peripheral/ch32v10x_usart.o
                0x0000000000001b0a                USART_Cmd
 .text.USART_ITConfig
                0x0000000000001b6a       0xc4 ./Libraries/wch_libraries/Peripheral/ch32v10x_usart.o
                0x0000000000001b6a                USART_ITConfig
 .text.USART_SendData
                0x0000000000001c2e       0x2e ./Libraries/wch_libraries/Peripheral/ch32v10x_usart.o
                0x0000000000001c2e                USART_SendData
 .text.USART_GetFlagStatus
                0x0000000000001c5c       0x46 ./Libraries/wch_libraries/Peripheral/ch32v10x_usart.o
                0x0000000000001c5c                USART_GetFlagStatus
 .text.USART_GetITStatus
                0x0000000000001ca2      0x102 ./Libraries/wch_libraries/Peripheral/ch32v10x_usart.o
                0x0000000000001ca2                USART_GetITStatus
 .text.USART_ClearITPendingBit
                0x0000000000001da4       0x4e ./Libraries/wch_libraries/Peripheral/ch32v10x_usart.o
                0x0000000000001da4                USART_ClearITPendingBit
 .text.mt9v03x_uart_callback
                0x0000000000001df2       0x70 ./Libraries/seekfree_peripheral/SEEKFREE_MT9V03X.o
                0x0000000000001df2                mt9v03x_uart_callback
 .text.set_config
                0x0000000000001e62       0xf0 ./Libraries/seekfree_peripheral/SEEKFREE_MT9V03X.o
                0x0000000000001e62                set_config
 .text.get_config
                0x0000000000001f52       0xc8 ./Libraries/seekfree_peripheral/SEEKFREE_MT9V03X.o
                0x0000000000001f52                get_config
 .text.mt9v03x_vsync_init
                0x000000000000201a       0x2a ./Libraries/seekfree_peripheral/SEEKFREE_MT9V03X.o
                0x000000000000201a                mt9v03x_vsync_init
 .text.mt9v03x_tim1_etr_init
                0x0000000000002044       0x1a ./Libraries/seekfree_peripheral/SEEKFREE_MT9V03X.o
                0x0000000000002044                mt9v03x_tim1_etr_init
 .text.mt9v03x_dma_init
                0x000000000000205e       0x76 ./Libraries/seekfree_peripheral/SEEKFREE_MT9V03X.o
                0x000000000000205e                mt9v03x_dma_init
 .text.mt9v03x_init
                0x00000000000020d4       0x80 ./Libraries/seekfree_peripheral/SEEKFREE_MT9V03X.o
                0x00000000000020d4                mt9v03x_init
 .text.mt9v03x_vsync
                0x0000000000002154       0x36 ./Libraries/seekfree_peripheral/SEEKFREE_MT9V03X.o
                0x0000000000002154                mt9v03x_vsync
 .text.mt9v03x_dma
                0x000000000000218a       0x2e ./Libraries/seekfree_peripheral/SEEKFREE_MT9V03X.o
                0x000000000000218a                mt9v03x_dma
 .text.uart_send
                0x00000000000021b8       0x32 ./Libraries/seekfree_peripheral/SEEKFREE_MT9V03X.o
                0x00000000000021b8                uart_send
 .text.oled_wrdat
                0x00000000000021ea       0xae ./Libraries/seekfree_peripheral/SEEKFREE_OLED.o
                0x00000000000021ea                oled_wrdat
 .text.oled_wrcmd
                0x0000000000002298       0xae ./Libraries/seekfree_peripheral/SEEKFREE_OLED.o
                0x0000000000002298                oled_wrcmd
 .text.oled_init
                0x0000000000002346      0x158 ./Libraries/seekfree_peripheral/SEEKFREE_OLED.o
                0x0000000000002346                oled_init
 .text.oled_set_pos
                0x000000000000249e       0x9a ./Libraries/seekfree_peripheral/SEEKFREE_OLED.o
                0x000000000000249e                oled_set_pos
 .text.oled_fill
                0x0000000000002538       0x6a ./Libraries/seekfree_peripheral/SEEKFREE_OLED.o
                0x0000000000002538                oled_fill
 .text.oled_p6x8str
                0x00000000000025a2       0xd2 ./Libraries/seekfree_peripheral/SEEKFREE_OLED.o
                0x00000000000025a2                oled_p6x8str
 .text.oled_printf_int32
                0x0000000000002674       0xe8 ./Libraries/seekfree_peripheral/SEEKFREE_OLED.o
                0x0000000000002674                oled_printf_int32
 .text.oled_dis_bmp
                0x000000000000275c      0x3ea ./Libraries/seekfree_peripheral/SEEKFREE_OLED.o
                0x000000000000275c                oled_dis_bmp
 .text.number_conversion_ascii
                0x0000000000002b46      0x11e ./Libraries/seekfree_peripheral/SEEKFREE_PRINTF.o
                0x0000000000002b46                number_conversion_ascii
 .text.printf_reverse_order
                0x0000000000002c64       0x88 ./Libraries/seekfree_peripheral/SEEKFREE_PRINTF.o
                0x0000000000002c64                printf_reverse_order
 .text.zf_sprintf
                0x0000000000002cec      0x546 ./Libraries/seekfree_peripheral/SEEKFREE_PRINTF.o
                0x0000000000002cec                zf_sprintf
 .text.seekfree_wireless_init
                0x0000000000003232       0x38 ./Libraries/seekfree_peripheral/SEEKFREE_WIRELESS.o
                0x0000000000003232                seekfree_wireless_init
 .text.camera_dma_init
                0x000000000000326a      0x15a ./Libraries/seekfree_libraries/zf_camera.o
                0x000000000000326a                camera_dma_init
 .text.camera_tim_etr_init
                0x00000000000033c4      0x14a ./Libraries/seekfree_libraries/zf_camera.o
                0x00000000000033c4                camera_tim_etr_init
 .text.gpio_init
                0x000000000000350e      0x1a4 ./Libraries/seekfree_libraries/zf_gpio.o
                0x000000000000350e                gpio_init
 .text.gpio_set
                0x00000000000036b2       0x7e ./Libraries/seekfree_libraries/zf_gpio.o
                0x00000000000036b2                gpio_set
 .text.gpio_get
                0x0000000000003730       0x56 ./Libraries/seekfree_libraries/zf_gpio.o
                0x0000000000003730                gpio_get
 .text.gpio_interrupt_init
                0x0000000000003786       0x80 ./Libraries/seekfree_libraries/zf_gpio.o
                0x0000000000003786                gpio_interrupt_init
 .text.nvic_init
                0x0000000000003806       0xac ./Libraries/seekfree_libraries/zf_nvic.o
                0x0000000000003806                nvic_init
 .text.close_all_irq
                0x00000000000038b2       0x22 ./Libraries/seekfree_libraries/zf_nvic.o
                0x00000000000038b2                close_all_irq
 .text.sys_recover_irq
                0x00000000000038d4       0x30 ./Libraries/seekfree_libraries/zf_nvic.o
                0x00000000000038d4                sys_recover_irq
 .text.DisableGlobalIRQ
                0x0000000000003904       0x48 ./Libraries/seekfree_libraries/zf_nvic.o
                0x0000000000003904                DisableGlobalIRQ
 .text.EnableGlobalIRQ
                0x000000000000394c       0x2c ./Libraries/seekfree_libraries/zf_nvic.o
                0x000000000000394c                EnableGlobalIRQ
 .text.timer_pit_interrupt_ms
                0x0000000000003978      0x186 ./Libraries/seekfree_libraries/zf_pit.o
                0x0000000000003978                timer_pit_interrupt_ms
 .text.systick_delay
                0x0000000000003afe       0x94 ./Libraries/seekfree_libraries/zf_systick.o
                0x0000000000003afe                systick_delay
 .text.uart_gpio_init
                0x0000000000003b92       0xec ./Libraries/seekfree_libraries/zf_uart.o
                0x0000000000003b92                uart_gpio_init
 .text.uart_init
                0x0000000000003c7e      0x104 ./Libraries/seekfree_libraries/zf_uart.o
                0x0000000000003c7e                uart_init
 .text.uart_putchar
                0x0000000000003d82       0x56 ./Libraries/seekfree_libraries/zf_uart.o
                0x0000000000003d82                uart_putchar
 .text.uart_putbuff
                0x0000000000003dd8       0x46 ./Libraries/seekfree_libraries/zf_uart.o
                0x0000000000003dd8                uart_putbuff
 .text.uart_rx_irq
                0x0000000000003e1e       0x50 ./Libraries/seekfree_libraries/zf_uart.o
                0x0000000000003e1e                uart_rx_irq
 .text.board_init
                0x0000000000003e6e       0x46 ./Libraries/board/board.o
                0x0000000000003e6e                board_init
 .text._write   0x0000000000003eb4       0x78 ./Libraries/board/board.o
                0x0000000000003eb4                _write
 .text.SetSysClock
                0x0000000000003f2c      0x140 ./Libraries/board/clock_config.o
 .text.SystemInit
                0x000000000000406c       0x7c ./Libraries/board/clock_config.o
                0x000000000000406c                SystemInit
 .text.my_adapt_threshold
                0x00000000000040e8      0x3c0 ./CODE/Gete_image.o
 .text.Get_Pixle
                0x00000000000044a8       0xde ./CODE/Gete_image.o
                0x00000000000044a8                Get_Pixle
 .text.cross_deal
                0x0000000000004586       0x6c ./CODE/Image_cross.o
                0x0000000000004586                cross_deal
 .text.cross_find
                0x00000000000045f2      0x37a ./CODE/Image_cross.o
                0x00000000000045f2                cross_find
 .text.get_route_one
                0x000000000000496c      0x7d2 ./CODE/Image_process.o
                0x000000000000496c                get_route_one
 .text.get_route_all
                0x000000000000513e      0x58c ./CODE/Image_process.o
                0x000000000000513e                get_route_all
 .text.get_route_endline
                0x00000000000056ca      0x236 ./CODE/Image_process.o
                0x00000000000056ca                get_route_endline
 .text.get_route_midline
                0x0000000000005900      0x62a ./CODE/Image_process.o
                0x0000000000005900                get_route_midline
 .text.max      0x0000000000005f2a       0x24 ./CODE/Image_process.o
                0x0000000000005f2a                max
 .text.GetBlackEndParam
                0x0000000000005f4e      0x516 ./CODE/Image_process.o
                0x0000000000005f4e                GetBlackEndParam
 .text.scratch_line
                0x0000000000006464      0x122 ./CODE/Image_process.o
                0x0000000000006464                scratch_line
 .text.start_line
                0x0000000000006586      0x176 ./CODE/Image_process.o
                0x0000000000006586                start_line
 .text.stop_line
                0x00000000000066fc      0x324 ./CODE/Image_process.o
                0x00000000000066fc                stop_line
 .text.ramp_find
                0x0000000000006a20      0x1e0 ./CODE/Image_process.o
                0x0000000000006a20                ramp_find
 .text.ramp_deal
                0x0000000000006c00       0x40 ./CODE/Image_process.o
                0x0000000000006c00                ramp_deal
 .text.connect  0x0000000000006c40      0x144 ./CODE/Image_process.o
                0x0000000000006c40                connect
 .text.regression
                0x0000000000006d84      0x18e ./CODE/Image_process.o
                0x0000000000006d84                regression
 .text.ring_start
                0x0000000000006f12      0x1a4 ./CODE/Image_ring.o
                0x0000000000006f12                ring_start
 .text.ring_find
                0x00000000000070b6      0xe34 ./CODE/Image_ring.o
                0x00000000000070b6                ring_find
 .text.ring_ru  0x0000000000007eea      0x6f6 ./CODE/Image_ring.o
                0x0000000000007eea                ring_ru
 .text.ring_chu
                0x00000000000085e0      0xd1e ./CODE/Image_ring.o
                0x00000000000085e0                ring_chu
 .text.Init_ALL
                0x00000000000092fe       0xa2 ./CODE/Init.o
                0x00000000000092fe                Init_ALL
 .text.key_init
                0x00000000000093a0       0x78 ./CODE/Key.o
                0x00000000000093a0                key_init
 .text.key_get  0x0000000000009418       0x38 ./CODE/Key.o
                0x0000000000009418                key_get
 .text.send_key_msg
                0x0000000000009450       0xaa ./CODE/Key.o
                0x0000000000009450                send_key_msg
 .text.get_key_msg
                0x00000000000094fa       0xa8 ./CODE/Key.o
                0x00000000000094fa                get_key_msg
 .text.key_IRQHandler
                0x00000000000095a2      0x146 ./CODE/Key.o
                0x00000000000095a2                key_IRQHandler
 .text.Control  0x00000000000096e8       0x40 ./CODE/Main_control.o
                0x00000000000096e8                Control
 .text.number_of_turns
                0x0000000000009728      0x128 ./CODE/Main_control.o
                0x0000000000009728                number_of_turns
 .text.get_route
                0x0000000000009850      0x15a ./CODE/Main_control.o
                0x0000000000009850                get_route
 .text.get_deviation
                0x00000000000099aa      0x332 ./CODE/Main_control.o
                0x00000000000099aa                get_deviation
 .text.Track_Line
                0x0000000000009cdc      0x24c ./CODE/Main_control.o
                0x0000000000009cdc                Track_Line
 .text.process_data
                0x0000000000009f28       0x44 ./CODE/Send_date.o
                0x0000000000009f28                process_data
 .text.send_date
                0x0000000000009f6c       0x36 ./CODE/Send_date.o
                0x0000000000009f6c                send_date
 .text.init_send_deta
                0x0000000000009fa2       0x36 ./CODE/Send_date.o
                0x0000000000009fa2                init_send_deta
 .text.Menu_player
                0x0000000000009fd8       0x18 ./CODE/menu.o
                0x0000000000009fd8                Menu_player
 .text.Menu_Getsign
                0x0000000000009ff0       0xc6 ./CODE/menu.o
                0x0000000000009ff0                Menu_Getsign
 .text.Menu_Key_Page_Handle
                0x000000000000a0b6       0x90 ./CODE/menu.o
                0x000000000000a0b6                Menu_Key_Page_Handle
 .text.Menu_Display
                0x000000000000a146       0x40 ./CODE/menu.o
                0x000000000000a146                Menu_Display
 .text.Menu_Main
                0x000000000000a186      0x174 ./CODE/menu.o
                0x000000000000a186                Menu_Main
 .text.Menu_one
                0x000000000000a2fa       0x36 ./CODE/menu.o
                0x000000000000a2fa                Menu_one
 .text.Menu_Image
                0x000000000000a330       0x16 ./CODE/menu.o
                0x000000000000a330                Menu_Image
 .text.Menu_Line
                0x000000000000a346       0x16 ./CODE/menu.o
                0x000000000000a346                Menu_Line
 .text.Display  0x000000000000a35c      0x218 ./CODE/menu.o
                0x000000000000a35c                Display
 .text.sancha_find
                0x000000000000a574      0x534 ./CODE/sancha.o
                0x000000000000a574                sancha_find
 .text.__adddf3
                0x000000000000aaa8      0x730 c:/mounriver_studio/toolchain/risc-v embedded gcc/bin/../lib/gcc/riscv-none-embed/8.2.0/rv32imac/ilp32\libgcc.a(adddf3.o)
                0x000000000000aaa8                __adddf3
 .text.__divdf3
                0x000000000000b1d8      0x5b4 c:/mounriver_studio/toolchain/risc-v embedded gcc/bin/../lib/gcc/riscv-none-embed/8.2.0/rv32imac/ilp32\libgcc.a(divdf3.o)
                0x000000000000b1d8                __divdf3
 .text.__eqdf2  0x000000000000b78c       0x6a c:/mounriver_studio/toolchain/risc-v embedded gcc/bin/../lib/gcc/riscv-none-embed/8.2.0/rv32imac/ilp32\libgcc.a(eqdf2.o)
                0x000000000000b78c                __nedf2
                0x000000000000b78c                __eqdf2
 .text.__ledf2  0x000000000000b7f6       0xb6 c:/mounriver_studio/toolchain/risc-v embedded gcc/bin/../lib/gcc/riscv-none-embed/8.2.0/rv32imac/ilp32\libgcc.a(ledf2.o)
                0x000000000000b7f6                __ledf2
                0x000000000000b7f6                __ltdf2
 .text.__muldf3
                0x000000000000b8ac      0x4b8 c:/mounriver_studio/toolchain/risc-v embedded gcc/bin/../lib/gcc/riscv-none-embed/8.2.0/rv32imac/ilp32\libgcc.a(muldf3.o)
                0x000000000000b8ac                __muldf3
 .text.__subdf3
                0x000000000000bd64      0x73e c:/mounriver_studio/toolchain/risc-v embedded gcc/bin/../lib/gcc/riscv-none-embed/8.2.0/rv32imac/ilp32\libgcc.a(subdf3.o)
                0x000000000000bd64                __subdf3
 .text.__fixdfsi
                0x000000000000c4a2       0x68 c:/mounriver_studio/toolchain/risc-v embedded gcc/bin/../lib/gcc/riscv-none-embed/8.2.0/rv32imac/ilp32\libgcc.a(fixdfsi.o)
                0x000000000000c4a2                __fixdfsi
 .text.__fixunsdfsi
                0x000000000000c50a       0x5c c:/mounriver_studio/toolchain/risc-v embedded gcc/bin/../lib/gcc/riscv-none-embed/8.2.0/rv32imac/ilp32\libgcc.a(fixunsdfsi.o)
                0x000000000000c50a                __fixunsdfsi
 .text.__floatsidf
                0x000000000000c566       0x72 c:/mounriver_studio/toolchain/risc-v embedded gcc/bin/../lib/gcc/riscv-none-embed/8.2.0/rv32imac/ilp32\libgcc.a(floatsidf.o)
                0x000000000000c566                __floatsidf
 .text.__addsf3
                0x000000000000c5d8      0x36a c:/mounriver_studio/toolchain/risc-v embedded gcc/bin/../lib/gcc/riscv-none-embed/8.2.0/rv32imac/ilp32\libgcc.a(addsf3.o)
                0x000000000000c5d8                __addsf3
 .text.__divsf3
                0x000000000000c942      0x2b2 c:/mounriver_studio/toolchain/risc-v embedded gcc/bin/../lib/gcc/riscv-none-embed/8.2.0/rv32imac/ilp32\libgcc.a(divsf3.o)
                0x000000000000c942                __divsf3
 .text.__eqsf2  0x000000000000cbf4       0x5c c:/mounriver_studio/toolchain/risc-v embedded gcc/bin/../lib/gcc/riscv-none-embed/8.2.0/rv32imac/ilp32\libgcc.a(eqsf2.o)
                0x000000000000cbf4                __eqsf2
                0x000000000000cbf4                __nesf2
 .text.__gesf2  0x000000000000cc50       0x86 c:/mounriver_studio/toolchain/risc-v embedded gcc/bin/../lib/gcc/riscv-none-embed/8.2.0/rv32imac/ilp32\libgcc.a(gesf2.o)
                0x000000000000cc50                __gesf2
                0x000000000000cc50                __gtsf2
 .text.__lesf2  0x000000000000ccd6       0x8c c:/mounriver_studio/toolchain/risc-v embedded gcc/bin/../lib/gcc/riscv-none-embed/8.2.0/rv32imac/ilp32\libgcc.a(lesf2.o)
                0x000000000000ccd6                __ltsf2
                0x000000000000ccd6                __lesf2
 .text.__mulsf3
                0x000000000000cd62      0x294 c:/mounriver_studio/toolchain/risc-v embedded gcc/bin/../lib/gcc/riscv-none-embed/8.2.0/rv32imac/ilp32\libgcc.a(mulsf3.o)
                0x000000000000cd62                __mulsf3
 .text.__subsf3
                0x000000000000cff6      0x388 c:/mounriver_studio/toolchain/risc-v embedded gcc/bin/../lib/gcc/riscv-none-embed/8.2.0/rv32imac/ilp32\libgcc.a(subsf3.o)
                0x000000000000cff6                __subsf3
 .text.__fixsfsi
                0x000000000000d37e       0x62 c:/mounriver_studio/toolchain/risc-v embedded gcc/bin/../lib/gcc/riscv-none-embed/8.2.0/rv32imac/ilp32\libgcc.a(fixsfsi.o)
                0x000000000000d37e                __fixsfsi
 .text.__floatsisf
                0x000000000000d3e0       0xc6 c:/mounriver_studio/toolchain/risc-v embedded gcc/bin/../lib/gcc/riscv-none-embed/8.2.0/rv32imac/ilp32\libgcc.a(floatsisf.o)
                0x000000000000d3e0                __floatsisf
 .text.__floatunsisf
                0x000000000000d4a6       0xce c:/mounriver_studio/toolchain/risc-v embedded gcc/bin/../lib/gcc/riscv-none-embed/8.2.0/rv32imac/ilp32\libgcc.a(floatunsisf.o)
                0x000000000000d4a6                __floatunsisf
 .text.__extendsfdf2
                0x000000000000d574       0xac c:/mounriver_studio/toolchain/risc-v embedded gcc/bin/../lib/gcc/riscv-none-embed/8.2.0/rv32imac/ilp32\libgcc.a(extendsfdf2.o)
                0x000000000000d574                __extendsfdf2
 .text.__truncdfsf2
                0x000000000000d620      0x16a c:/mounriver_studio/toolchain/risc-v embedded gcc/bin/../lib/gcc/riscv-none-embed/8.2.0/rv32imac/ilp32\libgcc.a(truncdfsf2.o)
                0x000000000000d620                __truncdfsf2
 .text.__clzsi2
                0x000000000000d78a       0x76 c:/mounriver_studio/toolchain/risc-v embedded gcc/bin/../lib/gcc/riscv-none-embed/8.2.0/rv32imac/ilp32\libgcc.a(_clzsi2.o)
                0x000000000000d78a                __clzsi2
 .text.__assert_func
                0x000000000000d800       0x3a c:/mounriver_studio/toolchain/risc-v embedded gcc/bin/../lib/gcc/riscv-none-embed/8.2.0/../../../../riscv-none-embed/lib/rv32imac/ilp32\libg_nano.a(lib_a-assert.o)
                0x000000000000d800                __assert_func
 .text.fprintf  0x000000000000d83a       0x26 c:/mounriver_studio/toolchain/risc-v embedded gcc/bin/../lib/gcc/riscv-none-embed/8.2.0/../../../../riscv-none-embed/lib/rv32imac/ilp32\libg_nano.a(lib_a-fprintf.o)
                0x000000000000d83a                fiprintf
                0x000000000000d83a                fprintf
 .text.memcpy   0x000000000000d860       0xb6 c:/mounriver_studio/toolchain/risc-v embedded gcc/bin/../lib/gcc/riscv-none-embed/8.2.0/../../../../riscv-none-embed/lib/rv32imac/ilp32\libg_nano.a(lib_a-memcpy.o)
                0x000000000000d860                memcpy
 .text.__sfputc_r
                0x000000000000d916       0x28 c:/mounriver_studio/toolchain/risc-v embedded gcc/bin/../lib/gcc/riscv-none-embed/8.2.0/../../../../riscv-none-embed/lib/rv32imac/ilp32\libg_nano.a(lib_a-nano-vfprintf.o)
 .text.__sfputs_r
                0x000000000000d93e       0x44 c:/mounriver_studio/toolchain/risc-v embedded gcc/bin/../lib/gcc/riscv-none-embed/8.2.0/../../../../riscv-none-embed/lib/rv32imac/ilp32\libg_nano.a(lib_a-nano-vfprintf.o)
                0x000000000000d93e                __sfputs_r
 .text._vfprintf_r
                0x000000000000d982      0x2a0 c:/mounriver_studio/toolchain/risc-v embedded gcc/bin/../lib/gcc/riscv-none-embed/8.2.0/../../../../riscv-none-embed/lib/rv32imac/ilp32\libg_nano.a(lib_a-nano-vfprintf.o)
                0x000000000000d982                _vfprintf_r
                0x000000000000d982                _vfiprintf_r
 .text._printf_common
                0x000000000000dc22      0x10c c:/mounriver_studio/toolchain/risc-v embedded gcc/bin/../lib/gcc/riscv-none-embed/8.2.0/../../../../riscv-none-embed/lib/rv32imac/ilp32\libg_nano.a(lib_a-nano-vfprintf_i.o)
                0x000000000000dc22                _printf_common
 .text._printf_i
                0x000000000000dd2e      0x2a4 c:/mounriver_studio/toolchain/risc-v embedded gcc/bin/../lib/gcc/riscv-none-embed/8.2.0/../../../../riscv-none-embed/lib/rv32imac/ilp32\libg_nano.a(lib_a-nano-vfprintf_i.o)
                0x000000000000dd2e                _printf_i
 .text.__swbuf_r
                0x000000000000dfd2       0xc0 c:/mounriver_studio/toolchain/risc-v embedded gcc/bin/../lib/gcc/riscv-none-embed/8.2.0/../../../../riscv-none-embed/lib/rv32imac/ilp32\libg_nano.a(lib_a-wbuf.o)
                0x000000000000dfd2                __swbuf_r
 .text.__swsetup_r
                0x000000000000e092      0x10c c:/mounriver_studio/toolchain/risc-v embedded gcc/bin/../lib/gcc/riscv-none-embed/8.2.0/../../../../riscv-none-embed/lib/rv32imac/ilp32\libg_nano.a(lib_a-wsetup.o)
                0x000000000000e092                __swsetup_r
 .text.abort    0x000000000000e19e        0xe c:/mounriver_studio/toolchain/risc-v embedded gcc/bin/../lib/gcc/riscv-none-embed/8.2.0/../../../../riscv-none-embed/lib/rv32imac/ilp32\libg_nano.a(lib_a-abort.o)
                0x000000000000e19e                abort
 .text.__sflush_r
                0x000000000000e1ac      0x13c c:/mounriver_studio/toolchain/risc-v embedded gcc/bin/../lib/gcc/riscv-none-embed/8.2.0/../../../../riscv-none-embed/lib/rv32imac/ilp32\libg_nano.a(lib_a-fflush.o)
                0x000000000000e1ac                __sflush_r
 .text._fflush_r
                0x000000000000e2e8       0x66 c:/mounriver_studio/toolchain/risc-v embedded gcc/bin/../lib/gcc/riscv-none-embed/8.2.0/../../../../riscv-none-embed/lib/rv32imac/ilp32\libg_nano.a(lib_a-fflush.o)
                0x000000000000e2e8                _fflush_r
 .text.std      0x000000000000e34e       0x6a c:/mounriver_studio/toolchain/risc-v embedded gcc/bin/../lib/gcc/riscv-none-embed/8.2.0/../../../../riscv-none-embed/lib/rv32imac/ilp32\libg_nano.a(lib_a-findfp.o)
 .text._cleanup_r
                0x000000000000e3b8        0xa c:/mounriver_studio/toolchain/risc-v embedded gcc/bin/../lib/gcc/riscv-none-embed/8.2.0/../../../../riscv-none-embed/lib/rv32imac/ilp32\libg_nano.a(lib_a-findfp.o)
                0x000000000000e3b8                _cleanup_r
 .text.__sfmoreglue
                0x000000000000e3c2       0x46 c:/mounriver_studio/toolchain/risc-v embedded gcc/bin/../lib/gcc/riscv-none-embed/8.2.0/../../../../riscv-none-embed/lib/rv32imac/ilp32\libg_nano.a(lib_a-findfp.o)
                0x000000000000e3c2                __sfmoreglue
 .text.__sinit  0x000000000000e408       0x6c c:/mounriver_studio/toolchain/risc-v embedded gcc/bin/../lib/gcc/riscv-none-embed/8.2.0/../../../../riscv-none-embed/lib/rv32imac/ilp32\libg_nano.a(lib_a-findfp.o)
                0x000000000000e408                __sinit
 .text.__sfp    0x000000000000e474       0xa0 c:/mounriver_studio/toolchain/risc-v embedded gcc/bin/../lib/gcc/riscv-none-embed/8.2.0/../../../../riscv-none-embed/lib/rv32imac/ilp32\libg_nano.a(lib_a-findfp.o)
                0x000000000000e474                __sfp
 .text._fwalk_reent
                0x000000000000e514       0x6c c:/mounriver_studio/toolchain/risc-v embedded gcc/bin/../lib/gcc/riscv-none-embed/8.2.0/../../../../riscv-none-embed/lib/rv32imac/ilp32\libg_nano.a(lib_a-fwalk.o)
                0x000000000000e514                _fwalk_reent
 .text.__swhatbuf_r
                0x000000000000e580       0x58 c:/mounriver_studio/toolchain/risc-v embedded gcc/bin/../lib/gcc/riscv-none-embed/8.2.0/../../../../riscv-none-embed/lib/rv32imac/ilp32\libg_nano.a(lib_a-makebuf.o)
                0x000000000000e580                __swhatbuf_r
 .text.__smakebuf_r
                0x000000000000e5d8       0x9e c:/mounriver_studio/toolchain/risc-v embedded gcc/bin/../lib/gcc/riscv-none-embed/8.2.0/../../../../riscv-none-embed/lib/rv32imac/ilp32\libg_nano.a(lib_a-makebuf.o)
                0x000000000000e5d8                __smakebuf_r
 .text.memchr   0x000000000000e676       0x1a c:/mounriver_studio/toolchain/risc-v embedded gcc/bin/../lib/gcc/riscv-none-embed/8.2.0/../../../../riscv-none-embed/lib/rv32imac/ilp32\libg_nano.a(lib_a-memchr.o)
                0x000000000000e676                memchr
 .text._free_r  0x000000000000e690       0xa4 c:/mounriver_studio/toolchain/risc-v embedded gcc/bin/../lib/gcc/riscv-none-embed/8.2.0/../../../../riscv-none-embed/lib/rv32imac/ilp32\libg_nano.a(lib_a-nano-freer.o)
                0x000000000000e690                _free_r
 .text._malloc_r
                0x000000000000e734       0xce c:/mounriver_studio/toolchain/risc-v embedded gcc/bin/../lib/gcc/riscv-none-embed/8.2.0/../../../../riscv-none-embed/lib/rv32imac/ilp32\libg_nano.a(lib_a-nano-mallocr.o)
                0x000000000000e734                _malloc_r
 .text._sbrk_r  0x000000000000e802       0x30 c:/mounriver_studio/toolchain/risc-v embedded gcc/bin/../lib/gcc/riscv-none-embed/8.2.0/../../../../riscv-none-embed/lib/rv32imac/ilp32\libg_nano.a(lib_a-sbrkr.o)
                0x000000000000e802                _sbrk_r
 .text._raise_r
                0x000000000000e832       0x62 c:/mounriver_studio/toolchain/risc-v embedded gcc/bin/../lib/gcc/riscv-none-embed/8.2.0/../../../../riscv-none-embed/lib/rv32imac/ilp32\libg_nano.a(lib_a-signal.o)
                0x000000000000e832                _raise_r
 .text.raise    0x000000000000e894        0xc c:/mounriver_studio/toolchain/risc-v embedded gcc/bin/../lib/gcc/riscv-none-embed/8.2.0/../../../../riscv-none-embed/lib/rv32imac/ilp32\libg_nano.a(lib_a-signal.o)
                0x000000000000e894                raise
 .text._kill_r  0x000000000000e8a0       0x32 c:/mounriver_studio/toolchain/risc-v embedded gcc/bin/../lib/gcc/riscv-none-embed/8.2.0/../../../../riscv-none-embed/lib/rv32imac/ilp32\libg_nano.a(lib_a-signalr.o)
                0x000000000000e8a0                _kill_r
 .text._getpid_r
                0x000000000000e8d2        0x2 c:/mounriver_studio/toolchain/risc-v embedded gcc/bin/../lib/gcc/riscv-none-embed/8.2.0/../../../../riscv-none-embed/lib/rv32imac/ilp32\libg_nano.a(lib_a-signalr.o)
                0x000000000000e8d2                _getpid_r
 .text.__sread  0x000000000000e8d4       0x30 c:/mounriver_studio/toolchain/risc-v embedded gcc/bin/../lib/gcc/riscv-none-embed/8.2.0/../../../../riscv-none-embed/lib/rv32imac/ilp32\libg_nano.a(lib_a-stdio.o)
                0x000000000000e8d4                __sread
 .text.__swrite
                0x000000000000e904       0x4e c:/mounriver_studio/toolchain/risc-v embedded gcc/bin/../lib/gcc/riscv-none-embed/8.2.0/../../../../riscv-none-embed/lib/rv32imac/ilp32\libg_nano.a(lib_a-stdio.o)
                0x000000000000e904                __swrite
 .text.__sseek  0x000000000000e952       0x36 c:/mounriver_studio/toolchain/risc-v embedded gcc/bin/../lib/gcc/riscv-none-embed/8.2.0/../../../../riscv-none-embed/lib/rv32imac/ilp32\libg_nano.a(lib_a-stdio.o)
                0x000000000000e952                __sseek
 .text.__sclose
                0x000000000000e988        0x6 c:/mounriver_studio/toolchain/risc-v embedded gcc/bin/../lib/gcc/riscv-none-embed/8.2.0/../../../../riscv-none-embed/lib/rv32imac/ilp32\libg_nano.a(lib_a-stdio.o)
                0x000000000000e988                __sclose
 .text._write_r
                0x000000000000e98e       0x36 c:/mounriver_studio/toolchain/risc-v embedded gcc/bin/../lib/gcc/riscv-none-embed/8.2.0/../../../../riscv-none-embed/lib/rv32imac/ilp32\libg_nano.a(lib_a-writer.o)
                0x000000000000e98e                _write_r
 .text._close_r
                0x000000000000e9c4       0x30 c:/mounriver_studio/toolchain/risc-v embedded gcc/bin/../lib/gcc/riscv-none-embed/8.2.0/../../../../riscv-none-embed/lib/rv32imac/ilp32\libg_nano.a(lib_a-closer.o)
                0x000000000000e9c4                _close_r
 .text._fstat_r
                0x000000000000e9f4       0x32 c:/mounriver_studio/toolchain/risc-v embedded gcc/bin/../lib/gcc/riscv-none-embed/8.2.0/../../../../riscv-none-embed/lib/rv32imac/ilp32\libg_nano.a(lib_a-fstatr.o)
                0x000000000000e9f4                _fstat_r
 .text._isatty_r
                0x000000000000ea26       0x30 c:/mounriver_studio/toolchain/risc-v embedded gcc/bin/../lib/gcc/riscv-none-embed/8.2.0/../../../../riscv-none-embed/lib/rv32imac/ilp32\libg_nano.a(lib_a-isattyr.o)
                0x000000000000ea26                _isatty_r
 .text._lseek_r
                0x000000000000ea56       0x34 c:/mounriver_studio/toolchain/risc-v embedded gcc/bin/../lib/gcc/riscv-none-embed/8.2.0/../../../../riscv-none-embed/lib/rv32imac/ilp32\libg_nano.a(lib_a-lseekr.o)
                0x000000000000ea56                _lseek_r
 .text.__malloc_lock
                0x000000000000ea8a        0x2 c:/mounriver_studio/toolchain/risc-v embedded gcc/bin/../lib/gcc/riscv-none-embed/8.2.0/../../../../riscv-none-embed/lib/rv32imac/ilp32\libg_nano.a(lib_a-mlock.o)
                0x000000000000ea8a                __malloc_lock
 .text.__malloc_unlock
                0x000000000000ea8c        0x2 c:/mounriver_studio/toolchain/risc-v embedded gcc/bin/../lib/gcc/riscv-none-embed/8.2.0/../../../../riscv-none-embed/lib/rv32imac/ilp32\libg_nano.a(lib_a-mlock.o)
                0x000000000000ea8c                __malloc_unlock
 .text._read_r  0x000000000000ea8e       0x34 c:/mounriver_studio/toolchain/risc-v embedded gcc/bin/../lib/gcc/riscv-none-embed/8.2.0/../../../../riscv-none-embed/lib/rv32imac/ilp32\libg_nano.a(lib_a-readr.o)
                0x000000000000ea8e                _read_r
 .text._close   0x000000000000eac2       0x10 c:/mounriver_studio/toolchain/risc-v embedded gcc/bin/../lib/gcc/riscv-none-embed/8.2.0/../../../../riscv-none-embed/lib/rv32imac/ilp32\libnosys.a(close.o)
                0x000000000000eac2                _close
 .text._fstat   0x000000000000ead2       0x10 c:/mounriver_studio/toolchain/risc-v embedded gcc/bin/../lib/gcc/riscv-none-embed/8.2.0/../../../../riscv-none-embed/lib/rv32imac/ilp32\libnosys.a(fstat.o)
                0x000000000000ead2                _fstat
 .text._getpid  0x000000000000eae2       0x10 c:/mounriver_studio/toolchain/risc-v embedded gcc/bin/../lib/gcc/riscv-none-embed/8.2.0/../../../../riscv-none-embed/lib/rv32imac/ilp32\libnosys.a(getpid.o)
                0x000000000000eae2                _getpid
 .text._isatty  0x000000000000eaf2       0x10 c:/mounriver_studio/toolchain/risc-v embedded gcc/bin/../lib/gcc/riscv-none-embed/8.2.0/../../../../riscv-none-embed/lib/rv32imac/ilp32\libnosys.a(isatty.o)
                0x000000000000eaf2                _isatty
 .text._kill    0x000000000000eb02       0x10 c:/mounriver_studio/toolchain/risc-v embedded gcc/bin/../lib/gcc/riscv-none-embed/8.2.0/../../../../riscv-none-embed/lib/rv32imac/ilp32\libnosys.a(kill.o)
                0x000000000000eb02                _kill
 .text._lseek   0x000000000000eb12       0x10 c:/mounriver_studio/toolchain/risc-v embedded gcc/bin/../lib/gcc/riscv-none-embed/8.2.0/../../../../riscv-none-embed/lib/rv32imac/ilp32\libnosys.a(lseek.o)
                0x000000000000eb12                _lseek
 .text._read    0x000000000000eb22       0x10 c:/mounriver_studio/toolchain/risc-v embedded gcc/bin/../lib/gcc/riscv-none-embed/8.2.0/../../../../riscv-none-embed/lib/rv32imac/ilp32\libnosys.a(read.o)
                0x000000000000eb22                _read
 .text._sbrk    0x000000000000eb32       0x24 c:/mounriver_studio/toolchain/risc-v embedded gcc/bin/../lib/gcc/riscv-none-embed/8.2.0/../../../../riscv-none-embed/lib/rv32imac/ilp32\libnosys.a(sbrk.o)
                0x000000000000eb32                _sbrk
 .text._exit    0x000000000000eb56        0x2 c:/mounriver_studio/toolchain/risc-v embedded gcc/bin/../lib/gcc/riscv-none-embed/8.2.0/../../../../riscv-none-embed/lib/rv32imac/ilp32\libnosys.a(_exit.o)
                0x000000000000eb56                _exit
 *(.rodata)
 *fill*         0x000000000000eb58        0x0 
 .rodata        0x000000000000eb58       0x5f ./Libraries/seekfree_peripheral/SEEKFREE_OLED.o
 *fill*         0x000000000000ebb7        0x1 
 .rodata        0x000000000000ebb8        0x8 ./Libraries/seekfree_peripheral/SEEKFREE_PRINTF.o
 .rodata        0x000000000000ebc0       0x33 ./Libraries/seekfree_libraries/zf_pit.o
 *fill*         0x000000000000ebf3        0x1 
 .rodata        0x000000000000ebf4        0x4 ./CODE/Gete_image.o
 .rodata        0x000000000000ebf8       0x18 ./CODE/Image_process.o
 .rodata        0x000000000000ec10        0x8 ./CODE/Image_ring.o
 .rodata        0x000000000000ec18       0x18 ./CODE/Main_control.o
 .rodata        0x000000000000ec30       0xaa ./CODE/menu.o
 *(.rodata*)
 *fill*         0x000000000000ecda        0x2 
 .rodata.oled_6x8
                0x000000000000ecdc      0x228 ./Libraries/seekfree_peripheral/SEEKFREE_FONT.o
                0x000000000000ecdc                oled_6x8
 .rodata.__func__.3175
                0x000000000000ef04        0xd ./Libraries/seekfree_peripheral/SEEKFREE_OLED.o
 *fill*         0x000000000000ef11        0x3 
 .rodata.zf_sprintf
                0x000000000000ef14      0x150 ./Libraries/seekfree_peripheral/SEEKFREE_PRINTF.o
 .rodata.GPION  0x000000000000f064       0x10 ./Libraries/seekfree_libraries/zf_gpio.o
                0x000000000000f064                GPION
 .rodata.__func__.3548
                0x000000000000f074       0x17 ./Libraries/seekfree_libraries/zf_pit.o
 *fill*         0x000000000000f08b        0x1 
 .rodata.TIMERN
                0x000000000000f08c       0x10 ./Libraries/seekfree_libraries/zf_qtimer.o
                0x000000000000f08c                TIMERN
 .rodata.UARTN  0x000000000000f09c       0x10 ./Libraries/seekfree_libraries/zf_uart.o
                0x000000000000f09c                UARTN
 .rodata.__divdf3
                0x000000000000f0ac       0x40 c:/mounriver_studio/toolchain/risc-v embedded gcc/bin/../lib/gcc/riscv-none-embed/8.2.0/rv32imac/ilp32\libgcc.a(divdf3.o)
 .rodata.__muldf3
                0x000000000000f0ec       0x40 c:/mounriver_studio/toolchain/risc-v embedded gcc/bin/../lib/gcc/riscv-none-embed/8.2.0/rv32imac/ilp32\libgcc.a(muldf3.o)
 .rodata.__divsf3
                0x000000000000f12c       0x80 c:/mounriver_studio/toolchain/risc-v embedded gcc/bin/../lib/gcc/riscv-none-embed/8.2.0/rv32imac/ilp32\libgcc.a(divsf3.o)
 .rodata.__mulsf3
                0x000000000000f1ac       0x40 c:/mounriver_studio/toolchain/risc-v embedded gcc/bin/../lib/gcc/riscv-none-embed/8.2.0/rv32imac/ilp32\libgcc.a(mulsf3.o)
 .rodata.__clz_tab
                0x000000000000f1ec      0x100 c:/mounriver_studio/toolchain/risc-v embedded gcc/bin/../lib/gcc/riscv-none-embed/8.2.0/rv32imac/ilp32\libgcc.a(_clz.o)
                0x000000000000f1ec                __clz_tab
 .rodata.__assert_func.str1.4
                0x000000000000f2ec       0x3f c:/mounriver_studio/toolchain/risc-v embedded gcc/bin/../lib/gcc/riscv-none-embed/8.2.0/../../../../riscv-none-embed/lib/rv32imac/ilp32\libg_nano.a(lib_a-assert.o)
                                         0x43 (size before relaxing)
 *fill*         0x000000000000f32b        0x1 
 .rodata._vfprintf_r.str1.4
                0x000000000000f32c       0x13 c:/mounriver_studio/toolchain/risc-v embedded gcc/bin/../lib/gcc/riscv-none-embed/8.2.0/../../../../riscv-none-embed/lib/rv32imac/ilp32\libg_nano.a(lib_a-nano-vfprintf.o)
 *fill*         0x000000000000f33f        0x1 
 .rodata._printf_i.str1.4
                0x000000000000f340       0x28 c:/mounriver_studio/toolchain/risc-v embedded gcc/bin/../lib/gcc/riscv-none-embed/8.2.0/../../../../riscv-none-embed/lib/rv32imac/ilp32\libg_nano.a(lib_a-nano-vfprintf_i.o)
                                         0x25 (size before relaxing)
 .rodata.__sf_fake_stderr
                0x000000000000f368       0x20 c:/mounriver_studio/toolchain/risc-v embedded gcc/bin/../lib/gcc/riscv-none-embed/8.2.0/../../../../riscv-none-embed/lib/rv32imac/ilp32\libg_nano.a(lib_a-findfp.o)
                0x000000000000f368                __sf_fake_stderr
 .rodata.__sf_fake_stdin
                0x000000000000f388       0x20 c:/mounriver_studio/toolchain/risc-v embedded gcc/bin/../lib/gcc/riscv-none-embed/8.2.0/../../../../riscv-none-embed/lib/rv32imac/ilp32\libg_nano.a(lib_a-findfp.o)
                0x000000000000f388                __sf_fake_stdin
 .rodata.__sf_fake_stdout
                0x000000000000f3a8       0x20 c:/mounriver_studio/toolchain/risc-v embedded gcc/bin/../lib/gcc/riscv-none-embed/8.2.0/../../../../riscv-none-embed/lib/rv32imac/ilp32\libg_nano.a(lib_a-findfp.o)
                0x000000000000f3a8                __sf_fake_stdout
 *(.glue_7)
 *(.glue_7t)
 *(.gnu.linkonce.t.*)
                0x000000000000f3c8                . = ALIGN (0x4)

.rela.dyn       0x000000000000f3c8        0x0
 .rela.init     0x000000000000f3c8        0x0 ./USER/isr.o
 .rela.vector   0x000000000000f3c8        0x0 ./USER/isr.o
 .rela.text.handle_reset
                0x000000000000f3c8        0x0 ./USER/isr.o
 .rela.text._vfprintf_r
                0x000000000000f3c8        0x0 ./USER/isr.o
 .rela.text._sbrk_r
                0x000000000000f3c8        0x0 ./USER/isr.o
 .rela.text._kill_r
                0x000000000000f3c8        0x0 ./USER/isr.o
 .rela.text._write_r
                0x000000000000f3c8        0x0 ./USER/isr.o
 .rela.text._close_r
                0x000000000000f3c8        0x0 ./USER/isr.o
 .rela.text._fstat_r
                0x000000000000f3c8        0x0 ./USER/isr.o
 .rela.text._isatty_r
                0x000000000000f3c8        0x0 ./USER/isr.o
 .rela.text._lseek_r
                0x000000000000f3c8        0x0 ./USER/isr.o
 .rela.text._read_r
                0x000000000000f3c8        0x0 ./USER/isr.o
 .rela.text._close
                0x000000000000f3c8        0x0 ./USER/isr.o
 .rela.text._fstat
                0x000000000000f3c8        0x0 ./USER/isr.o
 .rela.text._getpid
                0x000000000000f3c8        0x0 ./USER/isr.o
 .rela.text._isatty
                0x000000000000f3c8        0x0 ./USER/isr.o
 .rela.text._kill
                0x000000000000f3c8        0x0 ./USER/isr.o
 .rela.text._lseek
                0x000000000000f3c8        0x0 ./USER/isr.o
 .rela.text._read
                0x000000000000f3c8        0x0 ./USER/isr.o
 .rela.text._sbrk
                0x000000000000f3c8        0x0 ./USER/isr.o

.fini           0x000000000000f3c8        0x0
 *(SORT_NONE(.fini))
                0x000000000000f3c8                . = ALIGN (0x4)
                [!provide]                        PROVIDE (_etext = .)
                [!provide]                        PROVIDE (_eitcm = .)

.preinit_array  0x000000000000f3c8        0x0
                [!provide]                        PROVIDE (__preinit_array_start = .)
 *(.preinit_array)
                [!provide]                        PROVIDE (__preinit_array_end = .)

.init_array     0x000000000000f3c8        0x0
                [!provide]                        PROVIDE (__init_array_start = .)
 *(SORT_BY_INIT_PRIORITY(.init_array.*) SORT_BY_INIT_PRIORITY(.ctors.*))
 *(.init_array EXCLUDE_FILE(*crtend?.o *crtend.o *crtbegin?.o *crtbegin.o) .ctors)
                [!provide]                        PROVIDE (__init_array_end = .)

.fini_array     0x000000000000f3c8        0x0
                [!provide]                        PROVIDE (__fini_array_start = .)
 *(SORT_BY_INIT_PRIORITY(.fini_array.*) SORT_BY_INIT_PRIORITY(.dtors.*))
 *(.fini_array EXCLUDE_FILE(*crtend?.o *crtend.o *crtbegin?.o *crtbegin.o) .dtors)
                [!provide]                        PROVIDE (__fini_array_end = .)

.ctors
 *crtbegin.o(.ctors)
 *crtbegin?.o(.ctors)
 *(EXCLUDE_FILE(*crtend?.o *crtend.o) .ctors)
 *(SORT_BY_NAME(.ctors.*))
 *(.ctors)

.dtors
 *crtbegin.o(.dtors)
 *crtbegin?.o(.dtors)
 *(EXCLUDE_FILE(*crtend?.o *crtend.o) .dtors)
 *(SORT_BY_NAME(.dtors.*))
 *(.dtors)

.dalign         0x0000000020000000        0x0 load address 0x000000000000f3c8
                0x0000000020000000                . = ALIGN (0x4)
                0x0000000020000000                PROVIDE (_data_vma = .)

.dlalign        0x000000000000f3c8        0x0
                0x000000000000f3c8                . = ALIGN (0x4)
                0x000000000000f3c8                PROVIDE (_data_lma = .)

.data           0x0000000020000000      0x1a8 load address 0x000000000000f3c8
 *(.gnu.linkonce.r.*)
 *(.data .data.*)
 .data.APBAHBPrescTable
                0x0000000020000000       0x10 ./Libraries/wch_libraries/Peripheral/ch32v10x_rcc.o
 .data.MT9V03X_CFG
                0x0000000020000010       0x24 ./Libraries/seekfree_peripheral/SEEKFREE_MT9V03X.o
                0x0000000020000010                MT9V03X_CFG
 .data.GET_CFG  0x0000000020000034       0x20 ./Libraries/seekfree_peripheral/SEEKFREE_MT9V03X.o
                0x0000000020000034                GET_CFG
 .data.track_width
                0x0000000020000054       0x3c ./CODE/Image_process.o
                0x0000000020000054                track_width
 .data.KEY_PTxn
                0x0000000020000090       0x18 ./CODE/Key.o
                0x0000000020000090                KEY_PTxn
 .data.Weight   0x00000000200000a8       0x3c ./CODE/Main_control.o
                0x00000000200000a8                Weight
 .data.CrossWeight
                0x00000000200000e4       0x3c ./CODE/Main_control.o
                0x00000000200000e4                CrossWeight
 .data.impure_data
                0x0000000020000120       0x60 c:/mounriver_studio/toolchain/risc-v embedded gcc/bin/../lib/gcc/riscv-none-embed/8.2.0/../../../../riscv-none-embed/lib/rv32imac/ilp32\libg_nano.a(lib_a-impure.o)
 *(.gnu.linkonce.d.*)
                0x0000000020000180                . = ALIGN (0x8)
                0x0000000020000980                PROVIDE (__global_pointer$ = (. + 0x800))
 *(.sdata .sdata.*)
 .sdata.ADCPrescTable
                0x0000000020000180        0x4 ./Libraries/wch_libraries/Peripheral/ch32v10x_rcc.o
 .sdata.camera_type
                0x0000000020000184        0x4 ./Libraries/seekfree_libraries/common.o
                0x0000000020000184                camera_type
 .sdata.SZ_xie_L
                0x0000000020000188        0x4 ./CODE/Image_cross.o
                0x0000000020000188                SZ_xie_L
 .sdata.SZ_xie_R
                0x000000002000018c        0x4 ./CODE/Image_cross.o
                0x000000002000018c                SZ_xie_R
 .sdata.slope_L
                0x0000000020000190        0x1 ./CODE/Image_ring.o
                0x0000000020000190                slope_L
 .sdata.slope_R
                0x0000000020000191        0x1 ./CODE/Image_ring.o
                0x0000000020000191                slope_R
 .sdata.r_cnt0  0x0000000020000192        0x1 ./CODE/Image_ring.o
                0x0000000020000192                r_cnt0
 .sdata.r_startU
                0x0000000020000193        0x1 ./CODE/Image_ring.o
                0x0000000020000193                r_startU
 .sdata.r_startD
                0x0000000020000194        0x1 ./CODE/Image_ring.o
                0x0000000020000194                r_startD
 .sdata.ring_start_L
                0x0000000020000195        0x1 ./CODE/Image_ring.o
                0x0000000020000195                ring_start_L
 .sdata.ring_start_R
                0x0000000020000196        0x1 ./CODE/Image_ring.o
                0x0000000020000196                ring_start_R
 .sdata.ring_end_L
                0x0000000020000197        0x1 ./CODE/Image_ring.o
                0x0000000020000197                ring_end_L
 .sdata.ring_end_R
                0x0000000020000198        0x1 ./CODE/Image_ring.o
                0x0000000020000198                ring_end_R
 .sdata.ring_R  0x0000000020000199        0x1 ./CODE/Image_ring.o
                0x0000000020000199                ring_R
 .sdata.ring_L  0x000000002000019a        0x1 ./CODE/Image_ring.o
                0x000000002000019a                ring_L
 .sdata.endline_Foresight
                0x000000002000019b        0x1 ./CODE/Main_control.o
                0x000000002000019b                endline_Foresight
 .sdata.Foresight_up
                0x000000002000019c        0x1 ./CODE/Main_control.o
                0x000000002000019c                Foresight_up
 .sdata.EA      0x000000002000019d        0x1 ./CODE/Main_control.o
                0x000000002000019d                EA
 .sdata.cnt_EA  0x000000002000019e        0x1 ./CODE/sancha.o
                0x000000002000019e                cnt_EA
 *fill*         0x000000002000019f        0x1 
 .sdata._impure_ptr
                0x00000000200001a0        0x4 c:/mounriver_studio/toolchain/risc-v embedded gcc/bin/../lib/gcc/riscv-none-embed/8.2.0/../../../../riscv-none-embed/lib/rv32imac/ilp32\libg_nano.a(lib_a-impure.o)
                0x00000000200001a0                _impure_ptr
 *(.sdata2.*)
 .sdata2._global_impure_ptr
                0x00000000200001a4        0x4 c:/mounriver_studio/toolchain/risc-v embedded gcc/bin/../lib/gcc/riscv-none-embed/8.2.0/../../../../riscv-none-embed/lib/rv32imac/ilp32\libg_nano.a(lib_a-impure.o)
                0x00000000200001a4                _global_impure_ptr
 *(.gnu.linkonce.s.*)
                0x00000000200001a8                . = ALIGN (0x8)
 *(.srodata.cst16)
 *(.srodata.cst8)
 *(.srodata.cst4)
 *(.srodata.cst2)
 *(.srodata .srodata.*)
                0x00000000200001a8                . = ALIGN (0x4)
                0x00000000200001a8                PROVIDE (_edata = .)

.bss            0x00000000200001a8     0x3e68 load address 0x000000000000f570
                0x00000000200001a8                . = ALIGN (0x4)
                0x00000000200001a8                PROVIDE (_sbss = .)
 *(.sbss*)
 .sbss.cnt      0x00000000200001a8        0x4 ./USER/isr.o
 .sbss.receive  0x00000000200001ac        0x3 ./Libraries/seekfree_peripheral/SEEKFREE_MT9V03X.o
                0x00000000200001ac                receive
 .sbss.receive_num
                0x00000000200001af        0x1 ./Libraries/seekfree_peripheral/SEEKFREE_MT9V03X.o
                0x00000000200001af                receive_num
 .sbss.uart_receive_flag
                0x00000000200001b0        0x1 ./Libraries/seekfree_peripheral/SEEKFREE_MT9V03X.o
                0x00000000200001b0                uart_receive_flag
 .sbss.mt9v03x_finish_flag
                0x00000000200001b1        0x1 ./Libraries/seekfree_peripheral/SEEKFREE_MT9V03X.o
                0x00000000200001b1                mt9v03x_finish_flag
 *fill*         0x00000000200001b2        0x2 
 .sbss.sys_clk  0x00000000200001b4        0x4 ./Libraries/seekfree_libraries/common.o
                0x00000000200001b4                sys_clk
 .sbss.camera_buffer_addr
                0x00000000200001b8        0x4 ./Libraries/seekfree_libraries/common.o
                0x00000000200001b8                camera_buffer_addr
 .sbss.Gate     0x00000000200001bc        0x1 ./CODE/Gete_image.o
                0x00000000200001bc                Gate
 *fill*         0x00000000200001bd        0x3 
 .sbss.SZ_xie_L_Flag
                0x00000000200001c0        0x4 ./CODE/Image_cross.o
                0x00000000200001c0                SZ_xie_L_Flag
 .sbss.SZ_xie_R_Flag
                0x00000000200001c4        0x4 ./CODE/Image_cross.o
                0x00000000200001c4                SZ_xie_R_Flag
 .sbss.ru_cross_flag
                0x00000000200001c8        0x4 ./CODE/Image_cross.o
                0x00000000200001c8                ru_cross_flag
 .sbss.xie_cross_flag
                0x00000000200001cc        0x4 ./CODE/Image_cross.o
                0x00000000200001cc                xie_cross_flag
 .sbss.chu_cross_flag
                0x00000000200001d0        0x4 ./CODE/Image_cross.o
                0x00000000200001d0                chu_cross_flag
 .sbss.ru_num   0x00000000200001d4        0x4 ./CODE/Image_cross.o
                0x00000000200001d4                ru_num
 .sbss.ru_point
                0x00000000200001d8        0x4 ./CODE/Image_cross.o
                0x00000000200001d8                ru_point
 .sbss.SZ_xie_point
                0x00000000200001dc        0x4 ./CODE/Image_cross.o
                0x00000000200001dc                SZ_xie_point
 .sbss.endline  0x00000000200001e0        0x1 ./CODE/Image_process.o
                0x00000000200001e0                endline
 .sbss.ramp_cnt
                0x00000000200001e1        0x1 ./CODE/Image_process.o
                0x00000000200001e1                ramp_cnt
 .sbss.rampflag
                0x00000000200001e2        0x1 ./CODE/Image_process.o
                0x00000000200001e2                rampflag
 .sbss.ramp_time
                0x00000000200001e3        0x1 ./CODE/Image_process.o
                0x00000000200001e3                ramp_time
 .sbss.ramp_B_L
                0x00000000200001e4        0x4 ./CODE/Image_process.o
                0x00000000200001e4                ramp_B_L
 .sbss.ramp_B_R
                0x00000000200001e8        0x4 ./CODE/Image_process.o
                0x00000000200001e8                ramp_B_R
 .sbss.scratchflag
                0x00000000200001ec        0x1 ./CODE/Image_process.o
                0x00000000200001ec                scratchflag
 .sbss.start_coner
                0x00000000200001ed        0x1 ./CODE/Image_process.o
                0x00000000200001ed                start_coner
 .sbss.sanchaflag
                0x00000000200001ee        0x1 ./CODE/Image_process.o
                0x00000000200001ee                sanchaflag
 .sbss.BlackEndMR
                0x00000000200001ef        0x1 ./CODE/Image_process.o
                0x00000000200001ef                BlackEndMR
 .sbss.BlackEndML
                0x00000000200001f0        0x1 ./CODE/Image_process.o
                0x00000000200001f0                BlackEndML
 .sbss.BlackEndLL
                0x00000000200001f1        0x1 ./CODE/Image_process.o
                0x00000000200001f1                BlackEndLL
 .sbss.BlackEndRR
                0x00000000200001f2        0x1 ./CODE/Image_process.o
                0x00000000200001f2                BlackEndRR
 .sbss.BlackEndL
                0x00000000200001f3        0x1 ./CODE/Image_process.o
                0x00000000200001f3                BlackEndL
 .sbss.BlackEndM
                0x00000000200001f4        0x1 ./CODE/Image_process.o
                0x00000000200001f4                BlackEndM
 .sbss.BlackEndR
                0x00000000200001f5        0x1 ./CODE/Image_process.o
                0x00000000200001f5                BlackEndR
 .sbss.BlackEndMaxMax
                0x00000000200001f6        0x1 ./CODE/Image_process.o
                0x00000000200001f6                BlackEndMaxMax
 .sbss.BlackEndMax
                0x00000000200001f7        0x1 ./CODE/Image_process.o
                0x00000000200001f7                BlackEndMax
 .sbss.DropRow  0x00000000200001f8        0x1 ./CODE/Image_process.o
                0x00000000200001f8                DropRow
 .sbss.stop_flag
                0x00000000200001f9        0x1 ./CODE/Image_process.o
                0x00000000200001f9                stop_flag
 .sbss.ring_start_L_Flag
                0x00000000200001fa        0x1 ./CODE/Image_ring.o
                0x00000000200001fa                ring_start_L_Flag
 .sbss.ring_start_R_Flag
                0x00000000200001fb        0x1 ./CODE/Image_ring.o
                0x00000000200001fb                ring_start_R_Flag
 .sbss.ring_end_L_Flag
                0x00000000200001fc        0x1 ./CODE/Image_ring.o
                0x00000000200001fc                ring_end_L_Flag
 .sbss.ring_end_R_Flag
                0x00000000200001fd        0x1 ./CODE/Image_ring.o
                0x00000000200001fd                ring_end_R_Flag
 .sbss.ring_xie_L_Flag
                0x00000000200001fe        0x1 ./CODE/Image_ring.o
                0x00000000200001fe                ring_xie_L_Flag
 .sbss.ring_xie_R_Flag
                0x00000000200001ff        0x1 ./CODE/Image_ring.o
                0x00000000200001ff                ring_xie_R_Flag
 .sbss.ring_cnt
                0x0000000020000200        0x1 ./CODE/Image_ring.o
                0x0000000020000200                ring_cnt
 .sbss.ringflag
                0x0000000020000201        0x1 ./CODE/Image_ring.o
                0x0000000020000201                ringflag
 .sbss.ring_tiaobian
                0x0000000020000202        0x1 ./CODE/Image_ring.o
                0x0000000020000202                ring_tiaobian
 .sbss.ring_white
                0x0000000020000203        0x1 ./CODE/Image_ring.o
                0x0000000020000203                ring_white
 .sbss.ring_white_di
                0x0000000020000204        0x1 ./CODE/Image_ring.o
                0x0000000020000204                ring_white_di
 *fill*         0x0000000020000205        0x3 
 .sbss.ring_B_L
                0x0000000020000208        0x4 ./CODE/Image_ring.o
                0x0000000020000208                ring_B_L
 .sbss.ring_B_R
                0x000000002000020c        0x4 ./CODE/Image_ring.o
                0x000000002000020c                ring_B_R
 .sbss.ring_time
                0x0000000020000210        0x1 ./CODE/Image_ring.o
                0x0000000020000210                ring_time
 .sbss.ringstarttime
                0x0000000020000211        0x1 ./CODE/Image_ring.o
                0x0000000020000211                ringstarttime
 .sbss.xieflag  0x0000000020000212        0x1 ./CODE/Image_ring.o
                0x0000000020000212                xieflag
 .sbss.key_msg_front
                0x0000000020000213        0x1 ./CODE/Key.o
                0x0000000020000213                key_msg_front
 .sbss.key_msg_rear
                0x0000000020000214        0x1 ./CODE/Key.o
                0x0000000020000214                key_msg_rear
 .sbss.key_msg_flag
                0x0000000020000215        0x1 ./CODE/Key.o
                0x0000000020000215                key_msg_flag
 *fill*         0x0000000020000216        0x2 
 .sbss.keytime.5932
                0x0000000020000218        0x6 ./CODE/Key.o
 .sbss.Foresight
                0x000000002000021e        0x1 ./CODE/Main_control.o
                0x000000002000021e                Foresight
 *fill*         0x000000002000021f        0x1 
 .sbss.Foresight_hang
                0x0000000020000220        0x4 ./CODE/Main_control.o
                0x0000000020000220                Foresight_hang
 .sbss.ALL_flag
                0x0000000020000224        0x1 ./CODE/Main_control.o
                0x0000000020000224                ALL_flag
 .sbss.start_flag
                0x0000000020000225        0x1 ./CODE/Main_control.o
                0x0000000020000225                start_flag
 .sbss.en_start_flag
                0x0000000020000226        0x1 ./CODE/Main_control.o
                0x0000000020000226                en_start_flag
 .sbss.EB       0x0000000020000227        0x1 ./CODE/Main_control.o
                0x0000000020000227                EB
 .sbss.Error    0x0000000020000228        0x4 ./CODE/Main_control.o
                0x0000000020000228                Error
 .sbss.LastError
                0x000000002000022c        0x4 ./CODE/Main_control.o
                0x000000002000022c                LastError
 .sbss.WeightSum
                0x0000000020000230        0x4 ./CODE/Main_control.o
                0x0000000020000230                WeightSum
 .sbss.CenterSum
                0x0000000020000234        0x4 ./CODE/Main_control.o
                0x0000000020000234                CenterSum
 .sbss.camera_count
                0x0000000020000238        0x4 ./CODE/Main_control.o
                0x0000000020000238                camera_count
 .sbss.camera_count_flag
                0x000000002000023c        0x1 ./CODE/Main_control.o
                0x000000002000023c                camera_count_flag
 .sbss.cnt_black
                0x000000002000023d        0x1 ./CODE/Main_control.o
                0x000000002000023d                cnt_black
 .sbss.shang_cnt
                0x000000002000023e        0x1 ./CODE/Main_control.o
                0x000000002000023e                shang_cnt
 *fill*         0x000000002000023f        0x1 
 .sbss.temp_buff
                0x0000000020000240        0x5 ./CODE/Send_date.o
                0x0000000020000240                temp_buff
 .sbss.change_enable
                0x0000000020000245        0x1 ./CODE/menu.o
                0x0000000020000245                change_enable
 *fill*         0x0000000020000246        0x2 
 .sbss.interact_signal
                0x0000000020000248        0x4 ./CODE/menu.o
                0x0000000020000248                interact_signal
 .sbss.interact_page
                0x000000002000024c        0x4 ./CODE/menu.o
                0x000000002000024c                interact_page
 .sbss.white_l  0x0000000020000250        0x4 ./CODE/sancha.o
                0x0000000020000250                white_l
 .sbss.zuo_xielv
                0x0000000020000254        0x4 ./CODE/sancha.o
                0x0000000020000254                zuo_xielv
 .sbss.you_xielv
                0x0000000020000258        0x4 ./CODE/sancha.o
                0x0000000020000258                you_xielv
 .sbss.up_flag  0x000000002000025c        0x4 ./CODE/sancha.o
                0x000000002000025c                up_flag
 .sbss.sancha_static
                0x0000000020000260        0x1 ./CODE/sancha.o
                0x0000000020000260                sancha_static
 .sbss.sancha_cnt
                0x0000000020000261        0x1 ./CODE/sancha.o
                0x0000000020000261                sancha_cnt
 .sbss.SC_xie_L_Flag
                0x0000000020000262        0x1 ./CODE/sancha.o
                0x0000000020000262                SC_xie_L_Flag
 .sbss.SC_xie_R_Flag
                0x0000000020000263        0x1 ./CODE/sancha.o
                0x0000000020000263                SC_xie_R_Flag
 .sbss.__malloc_free_list
                0x0000000020000264        0x4 c:/mounriver_studio/toolchain/risc-v embedded gcc/bin/../lib/gcc/riscv-none-embed/8.2.0/../../../../riscv-none-embed/lib/rv32imac/ilp32\libg_nano.a(lib_a-nano-mallocr.o)
                0x0000000020000264                __malloc_free_list
 .sbss.__malloc_sbrk_start
                0x0000000020000268        0x4 c:/mounriver_studio/toolchain/risc-v embedded gcc/bin/../lib/gcc/riscv-none-embed/8.2.0/../../../../riscv-none-embed/lib/rv32imac/ilp32\libg_nano.a(lib_a-nano-mallocr.o)
                0x0000000020000268                __malloc_sbrk_start
 .sbss.heap_end.1518
                0x000000002000026c        0x4 c:/mounriver_studio/toolchain/risc-v embedded gcc/bin/../lib/gcc/riscv-none-embed/8.2.0/../../../../riscv-none-embed/lib/rv32imac/ilp32\libnosys.a(sbrk.o)
 *(.gnu.linkonce.sb.*)
 *(.bss*)
 .bss.mt9v03x_image
                0x0000000020000270     0x1c20 ./Libraries/seekfree_peripheral/SEEKFREE_MT9V03X.o
                0x0000000020000270                mt9v03x_image
 .bss.irq_status
                0x0000000020001e90        0xc ./Libraries/seekfree_libraries/common.o
                0x0000000020001e90                irq_status
 .bss.Pixle     0x0000000020001e9c     0x1c20 ./CODE/Gete_image.o
                0x0000000020001e9c                Pixle
 .bss.cross_white
                0x0000000020003abc       0xf0 ./CODE/Image_cross.o
                0x0000000020003abc                cross_white
 .bss.leftline  0x0000000020003bac       0xf0 ./CODE/Image_process.o
                0x0000000020003bac                leftline
 .bss.midline   0x0000000020003c9c       0xf0 ./CODE/Image_process.o
                0x0000000020003c9c                midline
 .bss.rightline
                0x0000000020003d8c       0xf0 ./CODE/Image_process.o
                0x0000000020003d8c                rightline
 .bss.leftlineflag
                0x0000000020003e7c       0x3c ./CODE/Image_process.o
                0x0000000020003e7c                leftlineflag
 .bss.rightlineflag
                0x0000000020003eb8       0x3c ./CODE/Image_process.o
                0x0000000020003eb8                rightlineflag
 .bss.key_msg   0x0000000020003ef4       0xa0 ./CODE/Key.o
                0x0000000020003ef4                key_msg
 .bss.zuo_line  0x0000000020003f94       0x3c ./CODE/sancha.o
                0x0000000020003f94                zuo_line
 .bss.you_line  0x0000000020003fd0       0x3c ./CODE/sancha.o
                0x0000000020003fd0                you_line
 *(.gnu.linkonce.b.*)
 *(COMMON*)
 COMMON         0x000000002000400c        0x4 c:/mounriver_studio/toolchain/risc-v embedded gcc/bin/../lib/gcc/riscv-none-embed/8.2.0/../../../../riscv-none-embed/lib/rv32imac/ilp32\libg_nano.a(lib_a-reent.o)
                0x000000002000400c                errno
                0x0000000020004010                . = ALIGN (0x4)
                0x0000000020004010                PROVIDE (_ebss = .)
                [!provide]                        PROVIDE (_end = _ebss)
                0x0000000020004010                PROVIDE (end = .)

.stack          0x0000000020004800      0x800
                0x0000000020004800                . = ALIGN (0x4)
                [!provide]                        PROVIDE (_susrstack = .)
                0x0000000020005000                . = (. + __stack_size)
 *fill*         0x0000000020004800      0x800 
                0x0000000020005000                PROVIDE (_eusrstack = .)
OUTPUT(Firelock_22222_shengsai.elf elf32-littleriscv)

.debug_info     0x0000000000000000    0x22025
 .debug_info    0x0000000000000000     0x14da ./USER/isr.o
 .debug_info    0x00000000000014da      0xf80 ./USER/main.o
 .debug_info    0x000000000000245a       0x22 ./Libraries/wch_libraries/Startup/startup_ch32v10x.o
 .debug_info    0x000000000000247c      0x476 ./Libraries/wch_libraries/Peripheral/ch32v10x_dma.o
 .debug_info    0x00000000000028f2      0x353 ./Libraries/wch_libraries/Peripheral/ch32v10x_exti.o
 .debug_info    0x0000000000002c45      0x6e7 ./Libraries/wch_libraries/Peripheral/ch32v10x_gpio.o
 .debug_info    0x000000000000332c      0x517 ./Libraries/wch_libraries/Peripheral/ch32v10x_misc.o
 .debug_info    0x0000000000003843      0x8d8 ./Libraries/wch_libraries/Peripheral/ch32v10x_rcc.o
 .debug_info    0x000000000000411b     0x1dcc ./Libraries/wch_libraries/Peripheral/ch32v10x_tim.o
 .debug_info    0x0000000000005ee7      0xa42 ./Libraries/wch_libraries/Peripheral/ch32v10x_usart.o
 .debug_info    0x0000000000006929      0xb50 ./Libraries/seekfree_peripheral/SEEKFREE_FONT.o
 .debug_info    0x0000000000007479     0x15f3 ./Libraries/seekfree_peripheral/SEEKFREE_MT9V03X.o
 .debug_info    0x0000000000008a6c     0x1575 ./Libraries/seekfree_peripheral/SEEKFREE_OLED.o
 .debug_info    0x0000000000009fe1      0xd86 ./Libraries/seekfree_peripheral/SEEKFREE_PRINTF.o
 .debug_info    0x000000000000ad67      0xfc7 ./Libraries/seekfree_peripheral/SEEKFREE_WIRELESS.o
 .debug_info    0x000000000000bd2e      0xa5b ./Libraries/seekfree_libraries/common.o
 .debug_info    0x000000000000c789     0x129e ./Libraries/seekfree_libraries/zf_camera.o
 .debug_info    0x000000000000da27     0x118f ./Libraries/seekfree_libraries/zf_gpio.o
 .debug_info    0x000000000000ebb6      0xeeb ./Libraries/seekfree_libraries/zf_nvic.o
 .debug_info    0x000000000000faa1      0xfe7 ./Libraries/seekfree_libraries/zf_pit.o
 .debug_info    0x0000000000010a88     0x125a ./Libraries/seekfree_libraries/zf_qtimer.o
 .debug_info    0x0000000000011ce2      0xbae ./Libraries/seekfree_libraries/zf_systick.o
 .debug_info    0x0000000000012890     0x1339 ./Libraries/seekfree_libraries/zf_uart.o
 .debug_info    0x0000000000013bc9      0xcf3 ./Libraries/board/board.o
 .debug_info    0x00000000000148bc      0x25f ./Libraries/board/clock_config.o
 .debug_info    0x0000000000014b1b     0x11ba ./CODE/Gete_image.o
 .debug_info    0x0000000000015cd5     0x12c2 ./CODE/Image_cross.o
 .debug_info    0x0000000000016f97     0x19f4 ./CODE/Image_process.o
 .debug_info    0x000000000001898b     0x1ba5 ./CODE/Image_ring.o
 .debug_info    0x000000000001a530     0x1347 ./CODE/Init.o
 .debug_info    0x000000000001b877     0x15aa ./CODE/Key.o
 .debug_info    0x000000000001ce21     0x1642 ./CODE/Main_control.o
 .debug_info    0x000000000001e463     0x1558 ./CODE/Send_date.o
 .debug_info    0x000000000001f9bb     0x1420 ./CODE/menu.o
 .debug_info    0x0000000000020ddb     0x124a ./CODE/sancha.o

.debug_abbrev   0x0000000000000000     0x53e0
 .debug_abbrev  0x0000000000000000      0x296 ./USER/isr.o
 .debug_abbrev  0x0000000000000296      0x239 ./USER/main.o
 .debug_abbrev  0x00000000000004cf       0x12 ./Libraries/wch_libraries/Startup/startup_ch32v10x.o
 .debug_abbrev  0x00000000000004e1      0x18f ./Libraries/wch_libraries/Peripheral/ch32v10x_dma.o
 .debug_abbrev  0x0000000000000670      0x144 ./Libraries/wch_libraries/Peripheral/ch32v10x_exti.o
 .debug_abbrev  0x00000000000007b4      0x1c7 ./Libraries/wch_libraries/Peripheral/ch32v10x_gpio.o
 .debug_abbrev  0x000000000000097b      0x179 ./Libraries/wch_libraries/Peripheral/ch32v10x_misc.o
 .debug_abbrev  0x0000000000000af4      0x1ef ./Libraries/wch_libraries/Peripheral/ch32v10x_rcc.o
 .debug_abbrev  0x0000000000000ce3      0x1c9 ./Libraries/wch_libraries/Peripheral/ch32v10x_tim.o
 .debug_abbrev  0x0000000000000eac      0x19e ./Libraries/wch_libraries/Peripheral/ch32v10x_usart.o
 .debug_abbrev  0x000000000000104a      0x217 ./Libraries/seekfree_peripheral/SEEKFREE_FONT.o
 .debug_abbrev  0x0000000000001261      0x376 ./Libraries/seekfree_peripheral/SEEKFREE_MT9V03X.o
 .debug_abbrev  0x00000000000015d7      0x344 ./Libraries/seekfree_peripheral/SEEKFREE_OLED.o
 .debug_abbrev  0x000000000000191b      0x2d2 ./Libraries/seekfree_peripheral/SEEKFREE_PRINTF.o
 .debug_abbrev  0x0000000000001bed      0x2a3 ./Libraries/seekfree_peripheral/SEEKFREE_WIRELESS.o
 .debug_abbrev  0x0000000000001e90      0x1fa ./Libraries/seekfree_libraries/common.o
 .debug_abbrev  0x000000000000208a      0x264 ./Libraries/seekfree_libraries/zf_camera.o
 .debug_abbrev  0x00000000000022ee      0x2c2 ./Libraries/seekfree_libraries/zf_gpio.o
 .debug_abbrev  0x00000000000025b0      0x2b8 ./Libraries/seekfree_libraries/zf_nvic.o
 .debug_abbrev  0x0000000000002868      0x2b5 ./Libraries/seekfree_libraries/zf_pit.o
 .debug_abbrev  0x0000000000002b1d      0x2b6 ./Libraries/seekfree_libraries/zf_qtimer.o
 .debug_abbrev  0x0000000000002dd3      0x257 ./Libraries/seekfree_libraries/zf_systick.o
 .debug_abbrev  0x000000000000302a      0x2e5 ./Libraries/seekfree_libraries/zf_uart.o
 .debug_abbrev  0x000000000000330f      0x280 ./Libraries/board/board.o
 .debug_abbrev  0x000000000000358f       0xe8 ./Libraries/board/clock_config.o
 .debug_abbrev  0x0000000000003677      0x2cb ./CODE/Gete_image.o
 .debug_abbrev  0x0000000000003942      0x2b4 ./CODE/Image_cross.o
 .debug_abbrev  0x0000000000003bf6      0x3a4 ./CODE/Image_process.o
 .debug_abbrev  0x0000000000003f9a      0x324 ./CODE/Image_ring.o
 .debug_abbrev  0x00000000000042be      0x249 ./CODE/Init.o
 .debug_abbrev  0x0000000000004507      0x30b ./CODE/Key.o
 .debug_abbrev  0x0000000000004812      0x33b ./CODE/Main_control.o
 .debug_abbrev  0x0000000000004b4d      0x2df ./CODE/Send_date.o
 .debug_abbrev  0x0000000000004e2c      0x32b ./CODE/menu.o
 .debug_abbrev  0x0000000000005157      0x289 ./CODE/sancha.o

.debug_aranges  0x0000000000000000      0xdf0
 .debug_aranges
                0x0000000000000000       0xc0 ./USER/isr.o
 .debug_aranges
                0x00000000000000c0       0x20 ./USER/main.o
 .debug_aranges
                0x00000000000000e0       0x30 ./Libraries/wch_libraries/Startup/startup_ch32v10x.o
 .debug_aranges
                0x0000000000000110       0x70 ./Libraries/wch_libraries/Peripheral/ch32v10x_dma.o
 .debug_aranges
                0x0000000000000180       0x58 ./Libraries/wch_libraries/Peripheral/ch32v10x_exti.o
 .debug_aranges
                0x00000000000001d8       0xa0 ./Libraries/wch_libraries/Peripheral/ch32v10x_gpio.o
 .debug_aranges
                0x0000000000000278       0x40 ./Libraries/wch_libraries/Peripheral/ch32v10x_misc.o
 .debug_aranges
                0x00000000000002b8      0x118 ./Libraries/wch_libraries/Peripheral/ch32v10x_rcc.o
 .debug_aranges
                0x00000000000003d0      0x2f0 ./Libraries/wch_libraries/Peripheral/ch32v10x_tim.o
 .debug_aranges
                0x00000000000006c0      0x100 ./Libraries/wch_libraries/Peripheral/ch32v10x_usart.o
 .debug_aranges
                0x00000000000007c0       0x18 ./Libraries/seekfree_peripheral/SEEKFREE_FONT.o
 .debug_aranges
                0x00000000000007d8       0x88 ./Libraries/seekfree_peripheral/SEEKFREE_MT9V03X.o
 .debug_aranges
                0x0000000000000860       0xa0 ./Libraries/seekfree_peripheral/SEEKFREE_OLED.o
 .debug_aranges
                0x0000000000000900       0x30 ./Libraries/seekfree_peripheral/SEEKFREE_PRINTF.o
 .debug_aranges
                0x0000000000000930       0x30 ./Libraries/seekfree_peripheral/SEEKFREE_WIRELESS.o
 .debug_aranges
                0x0000000000000960       0x18 ./Libraries/seekfree_libraries/common.o
 .debug_aranges
                0x0000000000000978       0x28 ./Libraries/seekfree_libraries/zf_camera.o
 .debug_aranges
                0x00000000000009a0       0x40 ./Libraries/seekfree_libraries/zf_gpio.o
 .debug_aranges
                0x00000000000009e0       0x40 ./Libraries/seekfree_libraries/zf_nvic.o
 .debug_aranges
                0x0000000000000a20       0x40 ./Libraries/seekfree_libraries/zf_pit.o
 .debug_aranges
                0x0000000000000a60       0x38 ./Libraries/seekfree_libraries/zf_qtimer.o
 .debug_aranges
                0x0000000000000a98       0x30 ./Libraries/seekfree_libraries/zf_systick.o
 .debug_aranges
                0x0000000000000ac8       0x60 ./Libraries/seekfree_libraries/zf_uart.o
 .debug_aranges
                0x0000000000000b28       0x28 ./Libraries/board/board.o
 .debug_aranges
                0x0000000000000b50       0x28 ./Libraries/board/clock_config.o
 .debug_aranges
                0x0000000000000b78       0x28 ./CODE/Gete_image.o
 .debug_aranges
                0x0000000000000ba0       0x28 ./CODE/Image_cross.o
 .debug_aranges
                0x0000000000000bc8       0x80 ./CODE/Image_process.o
 .debug_aranges
                0x0000000000000c48       0x38 ./CODE/Image_ring.o
 .debug_aranges
                0x0000000000000c80       0x20 ./CODE/Init.o
 .debug_aranges
                0x0000000000000ca0       0x48 ./CODE/Key.o
 .debug_aranges
                0x0000000000000ce8       0x48 ./CODE/Main_control.o
 .debug_aranges
                0x0000000000000d30       0x38 ./CODE/Send_date.o
 .debug_aranges
                0x0000000000000d68       0x68 ./CODE/menu.o
 .debug_aranges
                0x0000000000000dd0       0x20 ./CODE/sancha.o

.debug_ranges   0x0000000000000000      0xbe8
 .debug_ranges  0x0000000000000000       0xb0 ./USER/isr.o
 .debug_ranges  0x00000000000000b0       0x10 ./USER/main.o
 .debug_ranges  0x00000000000000c0       0x28 ./Libraries/wch_libraries/Startup/startup_ch32v10x.o
 .debug_ranges  0x00000000000000e8       0x60 ./Libraries/wch_libraries/Peripheral/ch32v10x_dma.o
 .debug_ranges  0x0000000000000148       0x48 ./Libraries/wch_libraries/Peripheral/ch32v10x_exti.o
 .debug_ranges  0x0000000000000190       0x90 ./Libraries/wch_libraries/Peripheral/ch32v10x_gpio.o
 .debug_ranges  0x0000000000000220       0x30 ./Libraries/wch_libraries/Peripheral/ch32v10x_misc.o
 .debug_ranges  0x0000000000000250      0x108 ./Libraries/wch_libraries/Peripheral/ch32v10x_rcc.o
 .debug_ranges  0x0000000000000358      0x2e0 ./Libraries/wch_libraries/Peripheral/ch32v10x_tim.o
 .debug_ranges  0x0000000000000638       0xf0 ./Libraries/wch_libraries/Peripheral/ch32v10x_usart.o
 .debug_ranges  0x0000000000000728       0x78 ./Libraries/seekfree_peripheral/SEEKFREE_MT9V03X.o
 .debug_ranges  0x00000000000007a0       0x90 ./Libraries/seekfree_peripheral/SEEKFREE_OLED.o
 .debug_ranges  0x0000000000000830       0x20 ./Libraries/seekfree_peripheral/SEEKFREE_PRINTF.o
 .debug_ranges  0x0000000000000850       0x20 ./Libraries/seekfree_peripheral/SEEKFREE_WIRELESS.o
 .debug_ranges  0x0000000000000870       0x18 ./Libraries/seekfree_libraries/zf_camera.o
 .debug_ranges  0x0000000000000888       0x30 ./Libraries/seekfree_libraries/zf_gpio.o
 .debug_ranges  0x00000000000008b8       0x30 ./Libraries/seekfree_libraries/zf_nvic.o
 .debug_ranges  0x00000000000008e8       0x30 ./Libraries/seekfree_libraries/zf_pit.o
 .debug_ranges  0x0000000000000918       0x28 ./Libraries/seekfree_libraries/zf_qtimer.o
 .debug_ranges  0x0000000000000940       0x20 ./Libraries/seekfree_libraries/zf_systick.o
 .debug_ranges  0x0000000000000960       0x50 ./Libraries/seekfree_libraries/zf_uart.o
 .debug_ranges  0x00000000000009b0       0x18 ./Libraries/board/board.o
 .debug_ranges  0x00000000000009c8       0x18 ./Libraries/board/clock_config.o
 .debug_ranges  0x00000000000009e0       0x18 ./CODE/Gete_image.o
 .debug_ranges  0x00000000000009f8       0x18 ./CODE/Image_cross.o
 .debug_ranges  0x0000000000000a10       0x70 ./CODE/Image_process.o
 .debug_ranges  0x0000000000000a80       0x58 ./CODE/Image_ring.o
 .debug_ranges  0x0000000000000ad8       0x10 ./CODE/Init.o
 .debug_ranges  0x0000000000000ae8       0x38 ./CODE/Key.o
 .debug_ranges  0x0000000000000b20       0x38 ./CODE/Main_control.o
 .debug_ranges  0x0000000000000b58       0x28 ./CODE/Send_date.o
 .debug_ranges  0x0000000000000b80       0x58 ./CODE/menu.o
 .debug_ranges  0x0000000000000bd8       0x10 ./CODE/sancha.o

.debug_line     0x0000000000000000    0x14d7c
 .debug_line    0x0000000000000000      0x720 ./USER/isr.o
 .debug_line    0x0000000000000720      0x346 ./USER/main.o
 .debug_line    0x0000000000000a66      0x225 ./Libraries/wch_libraries/Startup/startup_ch32v10x.o
 .debug_line    0x0000000000000c8b      0x698 ./Libraries/wch_libraries/Peripheral/ch32v10x_dma.o
 .debug_line    0x0000000000001323      0x4d6 ./Libraries/wch_libraries/Peripheral/ch32v10x_exti.o
 .debug_line    0x00000000000017f9      0x968 ./Libraries/wch_libraries/Peripheral/ch32v10x_gpio.o
 .debug_line    0x0000000000002161      0x389 ./Libraries/wch_libraries/Peripheral/ch32v10x_misc.o
 .debug_line    0x00000000000024ea      0xc9e ./Libraries/wch_libraries/Peripheral/ch32v10x_rcc.o
 .debug_line    0x0000000000003188     0x1f48 ./Libraries/wch_libraries/Peripheral/ch32v10x_tim.o
 .debug_line    0x00000000000050d0      0xbcc ./Libraries/wch_libraries/Peripheral/ch32v10x_usart.o
 .debug_line    0x0000000000005c9c      0x1ba ./Libraries/seekfree_peripheral/SEEKFREE_FONT.o
 .debug_line    0x0000000000005e56      0x9f5 ./Libraries/seekfree_peripheral/SEEKFREE_MT9V03X.o
 .debug_line    0x000000000000684b     0x119f ./Libraries/seekfree_peripheral/SEEKFREE_OLED.o
 .debug_line    0x00000000000079ea      0x73b ./Libraries/seekfree_peripheral/SEEKFREE_PRINTF.o
 .debug_line    0x0000000000008125      0x380 ./Libraries/seekfree_peripheral/SEEKFREE_WIRELESS.o
 .debug_line    0x00000000000084a5      0x17f ./Libraries/seekfree_libraries/common.o
 .debug_line    0x0000000000008624      0x4bf ./Libraries/seekfree_libraries/zf_camera.o
 .debug_line    0x0000000000008ae3      0x61b ./Libraries/seekfree_libraries/zf_gpio.o
 .debug_line    0x00000000000090fe      0x439 ./Libraries/seekfree_libraries/zf_nvic.o
 .debug_line    0x0000000000009537      0x5ee ./Libraries/seekfree_libraries/zf_pit.o
 .debug_line    0x0000000000009b25      0x595 ./Libraries/seekfree_libraries/zf_qtimer.o
 .debug_line    0x000000000000a0ba      0x39e ./Libraries/seekfree_libraries/zf_systick.o
 .debug_line    0x000000000000a458      0x65c ./Libraries/seekfree_libraries/zf_uart.o
 .debug_line    0x000000000000aab4      0x370 ./Libraries/board/board.o
 .debug_line    0x000000000000ae24      0x32a ./Libraries/board/clock_config.o
 .debug_line    0x000000000000b14e      0x70f ./CODE/Gete_image.o
 .debug_line    0x000000000000b85d      0x881 ./CODE/Image_cross.o
 .debug_line    0x000000000000c0de     0x272d ./CODE/Image_process.o
 .debug_line    0x000000000000e80b     0x2d99 ./CODE/Image_ring.o
 .debug_line    0x00000000000115a4      0x3a3 ./CODE/Init.o
 .debug_line    0x0000000000011947      0x697 ./CODE/Key.o
 .debug_line    0x0000000000011fde      0xee2 ./CODE/Main_control.o
 .debug_line    0x0000000000012ec0      0x557 ./CODE/Send_date.o
 .debug_line    0x0000000000013417      0xf91 ./CODE/menu.o
 .debug_line    0x00000000000143a8      0x9d4 ./CODE/sancha.o

.debug_str      0x0000000000000000     0x43ad
 .debug_str     0x0000000000000000      0xd97 ./USER/isr.o
                                        0xe7f (size before relaxing)
 .debug_str     0x0000000000000d97       0x14 ./USER/main.o
                                        0xac9 (size before relaxing)
 .debug_str     0x0000000000000dab       0x62 ./Libraries/wch_libraries/Startup/startup_ch32v10x.o